Archive member included to satisfy reference by file (symbol)

f:/toolchains/arm-none-eabi-gcc/bin/../lib/gcc/arm-none-eabi/10.3.1/../../../../arm-none-eabi/lib/thumb/v7-m/nofp\libg.a(lib_a-errno.o)
                              CMakeFiles/STM32F103C8T6.elf.dir/Core/Src/syscalls.c.obj (__errno)
f:/toolchains/arm-none-eabi-gcc/bin/../lib/gcc/arm-none-eabi/10.3.1/../../../../arm-none-eabi/lib/thumb/v7-m/nofp\libg.a(lib_a-exit.o)
                              f:/toolchains/arm-none-eabi-gcc/bin/../lib/gcc/arm-none-eabi/10.3.1/../../../../arm-none-eabi/lib/thumb/v7-m/nofp/crt0.o (exit)
f:/toolchains/arm-none-eabi-gcc/bin/../lib/gcc/arm-none-eabi/10.3.1/../../../../arm-none-eabi/lib/thumb/v7-m/nofp\libg.a(lib_a-impure.o)
                              f:/toolchains/arm-none-eabi-gcc/bin/../lib/gcc/arm-none-eabi/10.3.1/../../../../arm-none-eabi/lib/thumb/v7-m/nofp\libg.a(lib_a-exit.o) (_global_impure_ptr)
f:/toolchains/arm-none-eabi-gcc/bin/../lib/gcc/arm-none-eabi/10.3.1/../../../../arm-none-eabi/lib/thumb/v7-m/nofp\libg.a(lib_a-init.o)
                              f:/toolchains/arm-none-eabi-gcc/bin/../lib/gcc/arm-none-eabi/10.3.1/../../../../arm-none-eabi/lib/thumb/v7-m/nofp/crt0.o (__libc_init_array)
f:/toolchains/arm-none-eabi-gcc/bin/../lib/gcc/arm-none-eabi/10.3.1/../../../../arm-none-eabi/lib/thumb/v7-m/nofp\libg.a(lib_a-memcpy.o)
                              CMakeFiles/STM32F103C8T6.elf.dir/Core/Src/main.c.obj (memcpy)
f:/toolchains/arm-none-eabi-gcc/bin/../lib/gcc/arm-none-eabi/10.3.1/../../../../arm-none-eabi/lib/thumb/v7-m/nofp\libg.a(lib_a-memset.o)
                              f:/toolchains/arm-none-eabi-gcc/bin/../lib/gcc/arm-none-eabi/10.3.1/../../../../arm-none-eabi/lib/thumb/v7-m/nofp/crt0.o (memset)
f:/toolchains/arm-none-eabi-gcc/bin/../lib/gcc/arm-none-eabi/10.3.1/../../../../arm-none-eabi/lib/thumb/v7-m/nofp\libg.a(lib_a-printf.o)
                              CMakeFiles/STM32F103C8T6.elf.dir/Core/Src/tapSex.c.obj (printf)
f:/toolchains/arm-none-eabi-gcc/bin/../lib/gcc/arm-none-eabi/10.3.1/../../../../arm-none-eabi/lib/thumb/v7-m/nofp\libg.a(lib_a-vfprintf.o)
                              f:/toolchains/arm-none-eabi-gcc/bin/../lib/gcc/arm-none-eabi/10.3.1/../../../../arm-none-eabi/lib/thumb/v7-m/nofp\libg.a(lib_a-printf.o) (_vfprintf_r)
f:/toolchains/arm-none-eabi-gcc/bin/../lib/gcc/arm-none-eabi/10.3.1/../../../../arm-none-eabi/lib/thumb/v7-m/nofp\libg.a(lib_a-wsetup.o)
                              f:/toolchains/arm-none-eabi-gcc/bin/../lib/gcc/arm-none-eabi/10.3.1/../../../../arm-none-eabi/lib/thumb/v7-m/nofp\libg.a(lib_a-vfprintf.o) (__swsetup_r)
f:/toolchains/arm-none-eabi-gcc/bin/../lib/gcc/arm-none-eabi/10.3.1/../../../../arm-none-eabi/lib/thumb/v7-m/nofp\libg.a(lib_a-__call_atexit.o)
                              f:/toolchains/arm-none-eabi-gcc/bin/../lib/gcc/arm-none-eabi/10.3.1/../../../../arm-none-eabi/lib/thumb/v7-m/nofp\libg.a(lib_a-exit.o) (__call_exitprocs)
f:/toolchains/arm-none-eabi-gcc/bin/../lib/gcc/arm-none-eabi/10.3.1/../../../../arm-none-eabi/lib/thumb/v7-m/nofp\libg.a(lib_a-atexit.o)
                              f:/toolchains/arm-none-eabi-gcc/bin/../lib/gcc/arm-none-eabi/10.3.1/../../../../arm-none-eabi/lib/thumb/v7-m/nofp\libg.a(lib_a-__call_atexit.o) (atexit)
f:/toolchains/arm-none-eabi-gcc/bin/../lib/gcc/arm-none-eabi/10.3.1/../../../../arm-none-eabi/lib/thumb/v7-m/nofp\libg.a(lib_a-dtoa.o)
                              f:/toolchains/arm-none-eabi-gcc/bin/../lib/gcc/arm-none-eabi/10.3.1/../../../../arm-none-eabi/lib/thumb/v7-m/nofp\libg.a(lib_a-vfprintf.o) (_dtoa_r)
f:/toolchains/arm-none-eabi-gcc/bin/../lib/gcc/arm-none-eabi/10.3.1/../../../../arm-none-eabi/lib/thumb/v7-m/nofp\libg.a(lib_a-fflush.o)
                              f:/toolchains/arm-none-eabi-gcc/bin/../lib/gcc/arm-none-eabi/10.3.1/../../../../arm-none-eabi/lib/thumb/v7-m/nofp\libg.a(lib_a-vfprintf.o) (_fflush_r)
f:/toolchains/arm-none-eabi-gcc/bin/../lib/gcc/arm-none-eabi/10.3.1/../../../../arm-none-eabi/lib/thumb/v7-m/nofp\libg.a(lib_a-findfp.o)
                              f:/toolchains/arm-none-eabi-gcc/bin/../lib/gcc/arm-none-eabi/10.3.1/../../../../arm-none-eabi/lib/thumb/v7-m/nofp\libg.a(lib_a-vfprintf.o) (__sinit)
f:/toolchains/arm-none-eabi-gcc/bin/../lib/gcc/arm-none-eabi/10.3.1/../../../../arm-none-eabi/lib/thumb/v7-m/nofp\libg.a(lib_a-fini.o)
                              f:/toolchains/arm-none-eabi-gcc/bin/../lib/gcc/arm-none-eabi/10.3.1/../../../../arm-none-eabi/lib/thumb/v7-m/nofp\libg.a(lib_a-__call_atexit.o) (__libc_fini_array)
f:/toolchains/arm-none-eabi-gcc/bin/../lib/gcc/arm-none-eabi/10.3.1/../../../../arm-none-eabi/lib/thumb/v7-m/nofp\libg.a(lib_a-freer.o)
                              f:/toolchains/arm-none-eabi-gcc/bin/../lib/gcc/arm-none-eabi/10.3.1/../../../../arm-none-eabi/lib/thumb/v7-m/nofp\libg.a(lib_a-vfprintf.o) (_free_r)
f:/toolchains/arm-none-eabi-gcc/bin/../lib/gcc/arm-none-eabi/10.3.1/../../../../arm-none-eabi/lib/thumb/v7-m/nofp\libg.a(lib_a-fwalk.o)
[...]
Memory Configuration

Name             Origin             Length             Attributes
RAM              0x20000000         0x00005000         xrw
FLASH            0x08000000         0x00010000         xr
*default*        0x00000000         0xffffffff

Linker script and memory map

LOAD f:/toolchains/arm-none-eabi-gcc/bin/../lib/gcc/arm-none-eabi/10.3.1/thumb/v7-m/nofp/crti.o
LOAD f:/toolchains/arm-none-eabi-gcc/bin/../lib/gcc/arm-none-eabi/10.3.1/thumb/v7-m/nofp/crtbegin.o
LOAD f:/toolchains/arm-none-eabi-gcc/bin/../lib/gcc/arm-none-eabi/10.3.1/../../../../arm-none-eabi/lib/thumb/v7-m/nofp/crt0.o
LOAD CMakeFiles/STM32F103C8T6.elf.dir/Core/Src/freertos.c.obj
LOAD CMakeFiles/STM32F103C8T6.elf.dir/Core/Src/main.c.obj
LOAD CMakeFiles/STM32F103C8T6.elf.dir/Core/Src/stm32f1xx_hal_msp.c.obj
LOAD CMakeFiles/STM32F103C8T6.elf.dir/Core/Src/stm32f1xx_it.c.obj
LOAD CMakeFiles/STM32F103C8T6.elf.dir/Core/Src/syscalls.c.obj
LOAD CMakeFiles/STM32F103C8T6.elf.dir/Core/Src/system_stm32f1xx.c.obj
LOAD CMakeFiles/STM32F103C8T6.elf.dir/Core/Src/tapSex.c.obj
LOAD CMakeFiles/STM32F103C8T6.elf.dir/Drivers/STM32F1xx_HAL_Driver/Src/stm32f1xx_hal.c.obj
LOAD CMakeFiles/STM32F103C8T6.elf.dir/Drivers/STM32F1xx_HAL_Driver/Src/stm32f1xx_hal_cortex.c.obj
LOAD CMakeFiles/STM32F103C8T6.elf.dir/Drivers/STM32F1xx_HAL_Driver/Src/stm32f1xx_hal_dma.c.obj
LOAD CMakeFiles/STM32F103C8T6.elf.dir/Drivers/STM32F1xx_HAL_Driver/Src/stm32f1xx_hal_exti.c.obj
LOAD CMakeFiles/STM32F103C8T6.elf.dir/Drivers/STM32F1xx_HAL_Driver/Src/stm32f1xx_hal_flash.c.obj
LOAD CMakeFiles/STM32F103C8T6.elf.dir/Drivers/STM32F1xx_HAL_Driver/Src/stm32f1xx_hal_flash_ex.c.obj
LOAD CMakeFiles/STM32F103C8T6.elf.dir/Drivers/STM32F1xx_HAL_Driver/Src/stm32f1xx_hal_gpio.c.obj
LOAD CMakeFiles/STM32F103C8T6.elf.dir/Drivers/STM32F1xx_HAL_Driver/Src/stm32f1xx_hal_gpio_ex.c.obj
LOAD CMakeFiles/STM32F103C8T6.elf.dir/Drivers/STM32F1xx_HAL_Driver/Src/stm32f1xx_hal_pwr.c.obj
LOAD CMakeFiles/STM32F103C8T6.elf.dir/Drivers/STM32F1xx_HAL_Driver/Src/stm32f1xx_hal_rcc.c.obj
LOAD CMakeFiles/STM32F103C8T6.elf.dir/Drivers/STM32F1xx_HAL_Driver/Src/stm32f1xx_hal_rcc_ex.c.obj
LOAD CMakeFiles/STM32F103C8T6.elf.dir/Drivers/STM32F1xx_HAL_Driver/Src/stm32f1xx_hal_tim.c.obj
LOAD CMakeFiles/STM32F103C8T6.elf.dir/Drivers/STM32F1xx_HAL_Driver/Src/stm32f1xx_hal_tim_ex.c.obj
LOAD CMakeFiles/STM32F103C8T6.elf.dir/Drivers/STM32F1xx_HAL_Driver/Src/stm32f1xx_hal_uart.c.obj
LOAD CMakeFiles/STM32F103C8T6.elf.dir/Middlewares/Third_Party/FreeRTOS/Source/CMSIS_RTOS_V2/cmsis_os2.c.obj
LOAD CMakeFiles/STM32F103C8T6.elf.dir/Middlewares/Third_Party/FreeRTOS/Source/croutine.c.obj
LOAD CMakeFiles/STM32F103C8T6.elf.dir/Middlewares/Third_Party/FreeRTOS/Source/event_groups.c.obj
LOAD CMakeFiles/STM32F103C8T6.elf.dir/Middlewares/Third_Party/FreeRTOS/Source/list.c.obj
LOAD CMakeFiles/STM32F103C8T6.elf.dir/Middlewares/Third_Party/FreeRTOS/Source/portable/GCC/ARM_CM3/port.c.obj
LOAD CMakeFiles/STM32F103C8T6.elf.dir/Middlewares/Third_Party/FreeRTOS/Source/portable/MemMang/heap_4.c.obj
LOAD CMakeFiles/STM32F103C8T6.elf.dir/Middlewares/Third_Party/FreeRTOS/Source/queue.c.obj
LOAD CMakeFiles/STM32F103C8T6.elf.dir/Middlewares/Third_Party/FreeRTOS/Source/stream_buffer.c.obj
LOAD CMakeFiles/STM32F103C8T6.elf.dir/Middlewares/Third_Party/FreeRTOS/Source/tasks.c.obj
LOAD CMakeFiles/STM32F103C8T6.elf.dir/Middlewares/Third_Party/FreeRTOS/Source/timers.c.obj
LOAD CMakeFiles/STM32F103C8T6.elf.dir/startup/startup_stm32f103xb.s.obj
START GROUP
LOAD f:/toolchains/arm-none-eabi-gcc/bin/../lib/gcc/arm-none-eabi/10.3.1/thumb/v7-m/nofp\libgcc.a
LOAD f:/toolchains/arm-none-eabi-gcc/bin/../lib/gcc/arm-none-eabi/10.3.1/../../../../arm-none-eabi/lib/thumb/v7-m/nofp\libg.a
LOAD f:/toolchains/arm-none-eabi-gcc/bin/../lib/gcc/arm-none-eabi/10.3.1/../../../../arm-none-eabi/lib/thumb/v7-m/nofp\libc.a
END GROUP
LOAD f:/toolchains/arm-none-eabi-gcc/bin/../lib/gcc/arm-none-eabi/10.3.1/thumb/v7-m/nofp/crtend.o
LOAD f:/toolchains/arm-none-eabi-gcc/bin/../lib/gcc/arm-none-eabi/10.3.1/thumb/v7-m/nofp/crtn.o
                0x20005000                _estack = (ORIGIN (RAM) + LENGTH (RAM))
                0x00000200                _Min_Heap_Size = 0x200
                0x00000400                _Min_Stack_Size = 0x400

.isr_vector     0x08000000      0x10c
                0x08000000                . = ALIGN (0x4)
 *(.isr_vector)
 .isr_vector    0x08000000      0x10c CMakeFiles/STM32F103C8T6.elf.dir/startup/startup_stm32f103xb.s.obj
                0x08000000                g_pfnVectors
                0x0800010c                . = ALIGN (0x4)

.text           0x08000110     0x9f34
                0x08000110                . = ALIGN (0x4)
 *(.text)
 .text          0x08000110       0x40 f:/toolchains/arm-none-eabi-gcc/bin/../lib/gcc/arm-none-eabi/10.3.1/thumb/v7-m/nofp/crtbegin.o
 .text          0x08000150       0xec f:/toolchains/arm-none-eabi-gcc/bin/../lib/gcc/arm-none-eabi/10.3.1/../../../../arm-none-eabi/lib/thumb/v7-m/nofp\libg.a(lib_a-memcpy.o)
                0x08000150                memcpy
 .text          0x0800023c      0x378 f:/toolchains/arm-none-eabi-gcc/bin/../lib/gcc/arm-none-eabi/10.3.1/thumb/v7-m/nofp\libgcc.a(_arm_addsubdf3.o)
                0x0800023c                __aeabi_drsub
                0x08000244                __aeabi_dsub
                0x08000244                __subdf3
                0x08000248                __aeabi_dadd
                0x08000248                __adddf3
                0x080004c0                __floatunsidf
                0x080004c0                __aeabi_ui2d
                0x080004e0                __floatsidf
                0x080004e0                __aeabi_i2d
                0x08000504                __aeabi_f2d
                0x08000504                __extendsfdf2
                0x08000548                __floatundidf
                0x08000548                __aeabi_ul2d
                0x08000558                __floatdidf
                0x08000558                __aeabi_l2d
 .text          0x080005b4      0x424 f:/toolchains/arm-none-eabi-gcc/bin/../lib/gcc/arm-none-eabi/10.3.1/thumb/v7-m/nofp\libgcc.a(_arm_muldivdf3.o)
                0x080005b4                __aeabi_dmul
                0x080005b4                __muldf3
                0x08000808                __divdf3
                0x08000808                __aeabi_ddiv
 .text          0x080009d8      0x110 f:/toolchains/arm-none-eabi-gcc/bin/../lib/gcc/arm-none-eabi/10.3.1/thumb/v7-m/nofp\libgcc.a(_arm_cmpdf2.o)
                0x080009d8                __gtdf2
                0x080009d8                __gedf2
                0x080009e0                __ltdf2
                0x080009e0                __ledf2
                0x080009e8                __nedf2
                0x080009e8                __eqdf2
                0x080009e8                __cmpdf2
                0x08000a64                __aeabi_cdrcmple
                0x08000a74                __aeabi_cdcmpeq
                0x08000a74                __aeabi_cdcmple
                0x08000a84                __aeabi_dcmpeq
                0x08000a98                __aeabi_dcmplt
                0x08000aac                __aeabi_dcmple
                0x08000ac0                __aeabi_dcmpge
                0x08000ad4                __aeabi_dcmpgt
 .text          0x08000ae8       0x2c f:/toolchains/arm-none-eabi-gcc/bin/../lib/gcc/arm-none-eabi/10.3.1/thumb/v7-m/nofp\libgcc.a(_arm_unorddf2.o)
                0x08000ae8                __unorddf2
                0x08000ae8                __aeabi_dcmpun
 .text          0x08000b14       0x50 f:/toolchains/arm-none-eabi-gcc/bin/../lib/gcc/arm-none-eabi/10.3.1/thumb/v7-m/nofp\libgcc.a(_arm_fixdfsi.o)
                0x08000b14                __aeabi_d2iz
                0x08000b14                __fixdfsi
 .text          0x08000b64       0x30 f:/toolchains/arm-none-eabi-gcc/bin/../lib/gcc/arm-none-eabi/10.3.1/thumb/v7-m/nofp\libgcc.a(_aeabi_uldivmod.o)
                0x08000b64                __aeabi_uldivmod
 .text          0x08000b94      0x2d4 f:/toolchains/arm-none-eabi-gcc/bin/../lib/gcc/arm-none-eabi/10.3.1/thumb/v7-m/nofp\libgcc.a(_udivmoddi4.o)
                0x08000b94                __udivmoddi4
 .text          0x08000e68        0x4 f:/toolchains/arm-none-eabi-gcc/bin/../lib/gcc/arm-none-eabi/10.3.1/thumb/v7-m/nofp\libgcc.a(_dvmd_tls.o)
                0x08000e68                __aeabi_idiv0
                0x08000e68                __aeabi_ldiv0
 *(.text*)
 .text.MX_GPIO_Init
                0x08000e6c       0x60 CMakeFiles/STM32F103C8T6.elf.dir/Core/Src/main.c.obj
 .text.StartDefaultTask
                0x08000ecc        0xa CMakeFiles/STM32F103C8T6.elf.dir/Core/Src/main.c.obj
                0x08000ecc                StartDefaultTask
 *fill*         0x08000ed6        0x2 
 .text.GetTimHandle
                0x08000ed8       0x14 CMakeFiles/STM32F103C8T6.elf.dir/Core/Src/main.c.obj
                0x08000ed8                GetTimHandle
 .text.Error_Handler
                0x08000eec        0x4 CMakeFiles/STM32F103C8T6.elf.dir/Core/Src/main.c.obj
                0x08000eec                Error_Handler
 .text.MX_TIM4_Init
                0x08000ef0       0xac CMakeFiles/STM32F103C8T6.elf.dir/Core/Src/main.c.obj
 .text.MX_USART1_UART_Init
                0x08000f9c       0x34 CMakeFiles/STM32F103C8T6.elf.dir/Core/Src/main.c.obj
 .text.SystemClock_Config
                0x08000fd0       0x52 CMakeFiles/STM32F103C8T6.elf.dir/Core/Src/main.c.obj
                0x08000fd0                SystemClock_Config
 *fill*         0x08001022        0x2 
 .text.main     0x08001024       0x44 CMakeFiles/STM32F103C8T6.elf.dir/Core/Src/main.c.obj
                0x08001024                main
 .text.HAL_MspInit
                0x08001068       0x54 CMakeFiles/STM32F103C8T6.elf.dir/Core/Src/stm32f1xx_hal_msp.c.obj
                0x08001068                HAL_MspInit
 .text.HAL_TIM_PWM_MspInit
                0x080010bc       0x2c CMakeFiles/STM32F103C8T6.elf.dir/Core/Src/stm32f1xx_hal_msp.c.obj
                0x080010bc                HAL_TIM_PWM_MspInit
 .text.HAL_TIM_MspPostInit
                0x080010e8       0x50 CMakeFiles/STM32F103C8T6.elf.dir/Core/Src/stm32f1xx_hal_msp.c.obj
                0x080010e8                HAL_TIM_MspPostInit
 .text.HAL_UART_MspInit
                0x08001138       0x78 CMakeFiles/STM32F103C8T6.elf.dir/Core/Src/stm32f1xx_hal_msp.c.obj
                0x08001138                HAL_UART_MspInit
 .text.NMI_Handler
                0x080011b0        0x2 CMakeFiles/STM32F103C8T6.elf.dir/Core/Src/stm32f1xx_it.c.obj
                0x080011b0                NMI_Handler
 .text.HardFault_Handler
                0x080011b2        0x2 CMakeFiles/STM32F103C8T6.elf.dir/Core/Src/stm32f1xx_it.c.obj
                0x080011b2                HardFault_Handler
 .text.MemManage_Handler
                0x080011b4        0x2 CMakeFiles/STM32F103C8T6.elf.dir/Core/Src/stm32f1xx_it.c.obj
                0x080011b4                MemManage_Handler
 .text.BusFault_Handler
                0x080011b6        0x2 CMakeFiles/STM32F103C8T6.elf.dir/Core/Src/stm32f1xx_it.c.obj
                0x080011b6                BusFault_Handler
 .text.UsageFault_Handler
                0x080011b8        0x2 CMakeFiles/STM32F103C8T6.elf.dir/Core/Src/stm32f1xx_it.c.obj
                0x080011b8                UsageFault_Handler
 .text.DebugMon_Handler
                0x080011ba        0x2 CMakeFiles/STM32F103C8T6.elf.dir/Core/Src/stm32f1xx_it.c.obj
                0x080011ba                DebugMon_Handler
 .text.SysTick_Handler
                0x080011bc       0x16 CMakeFiles/STM32F103C8T6.elf.dir/Core/Src/stm32f1xx_it.c.obj
                0x080011bc                SysTick_Handler
 .text._getpid  0x080011d2        0x4 CMakeFiles/STM32F103C8T6.elf.dir/Core/Src/syscalls.c.obj
                0x080011d2                _getpid
 .text._kill    0x080011d6       0x10 CMakeFiles/STM32F103C8T6.elf.dir/Core/Src/syscalls.c.obj
                0x080011d6                _kill
 .text._exit    0x080011e6        0xc CMakeFiles/STM32F103C8T6.elf.dir/Core/Src/syscalls.c.obj
                0x080011e6                _exit
 .text._read    0x080011f2       0x20 CMakeFiles/STM32F103C8T6.elf.dir/Core/Src/syscalls.c.obj
                0x080011f2                _read
 .text._write   0x08001212       0x1c CMakeFiles/STM32F103C8T6.elf.dir/Core/Src/syscalls.c.obj
                0x08001212                _write
 *fill*         0x0800122e        0x2 
 .text._sbrk    0x08001230       0x3c CMakeFiles/STM32F103C8T6.elf.dir/Core/Src/syscalls.c.obj
                0x08001230                _sbrk
 .text._close   0x0800126c        0x6 CMakeFiles/STM32F103C8T6.elf.dir/Core/Src/syscalls.c.obj
                0x0800126c                _close
 .text._fstat   0x08001272        0xa CMakeFiles/STM32F103C8T6.elf.dir/Core/Src/syscalls.c.obj
                0x08001272                _fstat
 .text._isatty  0x0800127c        0x4 CMakeFiles/STM32F103C8T6.elf.dir/Core/Src/syscalls.c.obj
                0x0800127c                _isatty
 .text._lseek   0x08001280        0x4 CMakeFiles/STM32F103C8T6.elf.dir/Core/Src/syscalls.c.obj
                0x08001280                _lseek
 .text.SystemInit
                0x08001284        0x2 CMakeFiles/STM32F103C8T6.elf.dir/Core/Src/system_stm32f1xx.c.obj
                0x08001284                SystemInit
 *fill*         0x08001286        0x2 
 .text.TapSexSetPwm
                0x08001288       0x40 CMakeFiles/STM32F103C8T6.elf.dir/Core/Src/tapSex.c.obj
 .text.TapSexSetWave
                0x080012c8       0x40 CMakeFiles/STM32F103C8T6.elf.dir/Core/Src/tapSex.c.obj
 .text.TapSexUpdateWave
                0x08001308       0x28 CMakeFiles/STM32F103C8T6.elf.dir/Core/Src/tapSex.c.obj
                0x08001308                TapSexUpdateWave
 .text.TapSexUpdatePWM
                0x08001330       0x30 CMakeFiles/STM32F103C8T6.elf.dir/Core/Src/tapSex.c.obj
                0x08001330                TapSexUpdatePWM
 .text.TapSexDriveTask
                0x08001360       0x64 CMakeFiles/STM32F103C8T6.elf.dir/Core/Src/tapSex.c.obj
                0x08001360                TapSexDriveTask
 .text.TapSexTaskInit
                0x080013c4       0x44 CMakeFiles/STM32F103C8T6.elf.dir/Core/Src/tapSex.c.obj
                0x080013c4                TapSexTaskInit
 .text.TapSexInit
                0x08001408       0x20 CMakeFiles/STM32F103C8T6.elf.dir/Core/Src/tapSex.c.obj
                0x08001408                TapSexInit
 .text.HAL_InitTick
                0x08001428       0x4c CMakeFiles/STM32F103C8T6.elf.dir/Drivers/STM32F1xx_HAL_Driver/Src/stm32f1xx_hal.c.obj
                0x08001428                HAL_InitTick
 .text.HAL_Init
                0x08001474       0x24 CMakeFiles/STM32F103C8T6.elf.dir/Drivers/STM32F1xx_HAL_Driver/Src/stm32f1xx_hal.c.obj
                0x08001474                HAL_Init
 .text.HAL_IncTick
                0x08001498       0x18 CMakeFiles/STM32F103C8T6.elf.dir/Drivers/STM32F1xx_HAL_Driver/Src/stm32f1xx_hal.c.obj
                0x08001498                HAL_IncTick
 .text.HAL_GetTick
                0x080014b0        0xc CMakeFiles/STM32F103C8T6.elf.dir/Drivers/STM32F1xx_HAL_Driver/Src/stm32f1xx_hal.c.obj
                0x080014b0                HAL_GetTick
 .text.HAL_NVIC_SetPriorityGrouping
                0x080014bc       0x24 CMakeFiles/STM32F103C8T6.elf.dir/Drivers/STM32F1xx_HAL_Driver/Src/stm32f1xx_hal_cortex.c.obj
                0x080014bc                HAL_NVIC_SetPriorityGrouping
 .text.HAL_NVIC_SetPriority
                0x080014e0       0x70 CMakeFiles/STM32F103C8T6.elf.dir/Drivers/STM32F1xx_HAL_Driver/Src/stm32f1xx_hal_cortex.c.obj
                0x080014e0                HAL_NVIC_SetPriority
 .text.HAL_SYSTICK_Config
                0x08001550       0x28 CMakeFiles/STM32F103C8T6.elf.dir/Drivers/STM32F1xx_HAL_Driver/Src/stm32f1xx_hal_cortex.c.obj
                0x08001550                HAL_SYSTICK_Config
 .text.HAL_GPIO_Init
                0x08001578      0x224 CMakeFiles/STM32F103C8T6.elf.dir/Drivers/STM32F1xx_HAL_Driver/Src/stm32f1xx_hal_gpio.c.obj
                0x08001578                HAL_GPIO_Init
 .text.RCC_Delay
                0x0800179c       0x2c CMakeFiles/STM32F103C8T6.elf.dir/Drivers/STM32F1xx_HAL_Driver/Src/stm32f1xx_hal_rcc.c.obj
 .text.HAL_RCC_OscConfig
                0x080017c8      0x410 CMakeFiles/STM32F103C8T6.elf.dir/Drivers/STM32F1xx_HAL_Driver/Src/stm32f1xx_hal_rcc.c.obj
                0x080017c8                HAL_RCC_OscConfig
 .text.HAL_RCC_GetSysClockFreq
                0x08001bd8       0x70 CMakeFiles/STM32F103C8T6.elf.dir/Drivers/STM32F1xx_HAL_Driver/Src/stm32f1xx_hal_rcc.c.obj
                0x08001bd8                HAL_RCC_GetSysClockFreq
 .text.HAL_RCC_ClockConfig
                0x08001c48      0x16c CMakeFiles/STM32F103C8T6.elf.dir/Drivers/STM32F1xx_HAL_Driver/Src/stm32f1xx_hal_rcc.c.obj
                0x08001c48                HAL_RCC_ClockConfig
 .text.HAL_RCC_GetHCLKFreq
                0x08001db4        0xc CMakeFiles/STM32F103C8T6.elf.dir/Drivers/STM32F1xx_HAL_Driver/Src/stm32f1xx_hal_rcc.c.obj
                0x08001db4                HAL_RCC_GetHCLKFreq
 .text.HAL_RCC_GetPCLK1Freq
                0x08001dc0       0x20 CMakeFiles/STM32F103C8T6.elf.dir/Drivers/STM32F1xx_HAL_Driver/Src/stm32f1xx_hal_rcc.c.obj
                0x08001dc0                HAL_RCC_GetPCLK1Freq
 .text.HAL_RCC_GetPCLK2Freq
                0x08001de0       0x20 CMakeFiles/STM32F103C8T6.elf.dir/Drivers/STM32F1xx_HAL_Driver/Src/stm32f1xx_hal_rcc.c.obj
                0x08001de0                HAL_RCC_GetPCLK2Freq
 .text.TIM_OC1_SetConfig
                0x08001e00       0x5c CMakeFiles/STM32F103C8T6.elf.dir/Drivers/STM32F1xx_HAL_Driver/Src/stm32f1xx_hal_tim.c.obj
 .text.TIM_OC3_SetConfig
                0x08001e5c       0x64 CMakeFiles/STM32F103C8T6.elf.dir/Drivers/STM32F1xx_HAL_Driver/Src/stm32f1xx_hal_tim.c.obj
 .text.TIM_OC4_SetConfig
                0x08001ec0       0x48 CMakeFiles/STM32F103C8T6.elf.dir/Drivers/STM32F1xx_HAL_Driver/Src/stm32f1xx_hal_tim.c.obj
 .text.TIM_Base_SetConfig
                0x08001f08       0x74 CMakeFiles/STM32F103C8T6.elf.dir/Drivers/STM32F1xx_HAL_Driver/Src/stm32f1xx_hal_tim.c.obj
                0x08001f08                TIM_Base_SetConfig
 .text.HAL_TIM_PWM_Init
                0x08001f7c       0x58 CMakeFiles/STM32F103C8T6.elf.dir/Drivers/STM32F1xx_HAL_Driver/Src/stm32f1xx_hal_tim.c.obj
                0x08001f7c                HAL_TIM_PWM_Init
 .text.TIM_OC2_SetConfig
                0x08001fd4       0x64 CMakeFiles/STM32F103C8T6.elf.dir/Drivers/STM32F1xx_HAL_Driver/Src/stm32f1xx_hal_tim.c.obj
                0x08001fd4                TIM_OC2_SetConfig
 .text.HAL_TIM_PWM_ConfigChannel
                0x08002038       0xd0 CMakeFiles/STM32F103C8T6.elf.dir/Drivers/STM32F1xx_HAL_Driver/Src/stm32f1xx_hal_tim.c.obj
                0x08002038                HAL_TIM_PWM_ConfigChannel
 .text.TIM_CCxChannelCmd
                0x08002108       0x1e CMakeFiles/STM32F103C8T6.elf.dir/Drivers/STM32F1xx_HAL_Driver/Src/stm32f1xx_hal_tim.c.obj
                0x08002108                TIM_CCxChannelCmd
 *fill*         0x08002126        0x2 
 .text.HAL_TIM_PWM_Start
                0x08002128       0xdc CMakeFiles/STM32F103C8T6.elf.dir/Drivers/STM32F1xx_HAL_Driver/Src/stm32f1xx_hal_tim.c.obj
                0x08002128                HAL_TIM_PWM_Start
 .text.HAL_TIMEx_MasterConfigSynchronization
                0x08002204       0x6c CMakeFiles/STM32F103C8T6.elf.dir/Drivers/STM32F1xx_HAL_Driver/Src/stm32f1xx_hal_tim_ex.c.obj
                0x08002204                HAL_TIMEx_MasterConfigSynchronization
 .text.UART_SetConfig
                0x08002270       0x94 CMakeFiles/STM32F103C8T6.elf.dir/Drivers/STM32F1xx_HAL_Driver/Src/stm32f1xx_hal_uart.c.obj
 .text.HAL_UART_Init
                0x08002304       0x5e CMakeFiles/STM32F103C8T6.elf.dir/Drivers/STM32F1xx_HAL_Driver/Src/stm32f1xx_hal_uart.c.obj
                0x08002304                HAL_UART_Init
 *fill*         0x08002362        0x2 
 .text.osKernelInitialize
                0x08002364       0x44 CMakeFiles/STM32F103C8T6.elf.dir/Middlewares/Third_Party/FreeRTOS/Source/CMSIS_RTOS_V2/cmsis_os2.c.obj
                0x08002364                osKernelInitialize
 .text.osKernelStart
                0x080023a8       0x4c CMakeFiles/STM32F103C8T6.elf.dir/Middlewares/Third_Party/FreeRTOS/Source/CMSIS_RTOS_V2/cmsis_os2.c.obj
                0x080023a8                osKernelStart
 .text.osThreadNew
                0x080023f4       0xec CMakeFiles/STM32F103C8T6.elf.dir/Middlewares/Third_Party/FreeRTOS/Source/CMSIS_RTOS_V2/cmsis_os2.c.obj
                0x080023f4                osThreadNew
 .text.osDelay  0x080024e0       0x44 CMakeFiles/STM32F103C8T6.elf.dir/Middlewares/Third_Party/FreeRTOS/Source/CMSIS_RTOS_V2/cmsis_os2.c.obj
                0x080024e0                osDelay
 .text.vApplicationGetIdleTaskMemory
                0x08002524       0x18 CMakeFiles/STM32F103C8T6.elf.dir/Middlewares/Third_Party/FreeRTOS/Source/CMSIS_RTOS_V2/cmsis_os2.c.obj
                0x08002524                vApplicationGetIdleTaskMemory
 .text.vApplicationGetTimerTaskMemory
                0x0800253c       0x18 CMakeFiles/STM32F103C8T6.elf.dir/Middlewares/Third_Party/FreeRTOS/Source/CMSIS_RTOS_V2/cmsis_os2.c.obj
                0x0800253c                vApplicationGetTimerTaskMemory
 .text.vListInitialise
                0x08002554       0x16 CMakeFiles/STM32F103C8T6.elf.dir/Middlewares/Third_Party/FreeRTOS/Source/list.c.obj
                0x08002554                vListInitialise
 .text.vListInitialiseItem
                0x0800256a        0x6 CMakeFiles/STM32F103C8T6.elf.dir/Middlewares/Third_Party/FreeRTOS/Source/list.c.obj
                0x0800256a                vListInitialiseItem
 .text.vListInsertEnd
                0x08002570       0x16 CMakeFiles/STM32F103C8T6.elf.dir/Middlewares/Third_Party/FreeRTOS/Source/list.c.obj
                0x08002570                vListInsertEnd
 .text.vListInsert
                0x08002586       0x32 CMakeFiles/STM32F103C8T6.elf.dir/Middlewares/Third_Party/FreeRTOS/Source/list.c.obj
                0x08002586                vListInsert
 .text.uxListRemove
                0x080025b8       0x26 CMakeFiles/STM32F103C8T6.elf.dir/Middlewares/Third_Party/FreeRTOS/Source/list.c.obj
                0x080025b8                uxListRemove
 *fill*         0x080025de        0x2 
 .text.prvTaskExitError
                0x080025e0       0x40 CMakeFiles/STM32F103C8T6.elf.dir/Middlewares/Third_Party/FreeRTOS/Source/portable/GCC/ARM_CM3/port.c.obj
 .text.prvPortStartFirstTask
                0x08002620       0x20 CMakeFiles/STM32F103C8T6.elf.dir/Middlewares/Third_Party/FreeRTOS/Source/portable/GCC/ARM_CM3/port.c.obj
 .text.pxPortInitialiseStack
                0x08002640       0x24 CMakeFiles/STM32F103C8T6.elf.dir/Middlewares/Third_Party/FreeRTOS/Source/portable/GCC/ARM_CM3/port.c.obj
                0x08002640                pxPortInitialiseStack
 *fill*         0x08002664        0xc 
 .text.SVC_Handler
                0x08002670       0x24 CMakeFiles/STM32F103C8T6.elf.dir/Middlewares/Third_Party/FreeRTOS/Source/portable/GCC/ARM_CM3/port.c.obj
                0x08002670                SVC_Handler
 .text.vPortEnterCritical
                0x08002694       0x44 CMakeFiles/STM32F103C8T6.elf.dir/Middlewares/Third_Party/FreeRTOS/Source/portable/GCC/ARM_CM3/port.c.obj
                0x08002694                vPortEnterCritical
 .text.vPortExitCritical
                0x080026d8       0x2c CMakeFiles/STM32F103C8T6.elf.dir/Middlewares/Third_Party/FreeRTOS/Source/portable/GCC/ARM_CM3/port.c.obj
                0x080026d8                vPortExitCritical
 *fill*         0x08002704        0xc 
 .text.PendSV_Handler
                0x08002710       0x44 CMakeFiles/STM32F103C8T6.elf.dir/Middlewares/Third_Party/FreeRTOS/Source/portable/GCC/ARM_CM3/port.c.obj
                0x08002710                PendSV_Handler
 .text.xPortSysTickHandler
                0x08002754       0x2c CMakeFiles/STM32F103C8T6.elf.dir/Middlewares/Third_Party/FreeRTOS/Source/portable/GCC/ARM_CM3/port.c.obj
                0x08002754                xPortSysTickHandler
 .text.vPortSetupTimerInterrupt
                0x08002780       0x28 CMakeFiles/STM32F103C8T6.elf.dir/Middlewares/Third_Party/FreeRTOS/Source/portable/GCC/ARM_CM3/port.c.obj
                0x08002780                vPortSetupTimerInterrupt
 .text.xPortStartScheduler
                0x080027a8       0xc0 CMakeFiles/STM32F103C8T6.elf.dir/Middlewares/Third_Party/FreeRTOS/Source/portable/GCC/ARM_CM3/port.c.obj
                0x080027a8                xPortStartScheduler
 .text.vPortValidateInterruptPriority
                0x08002868       0x5c CMakeFiles/STM32F103C8T6.elf.dir/Middlewares/Third_Party/FreeRTOS/Source/portable/GCC/ARM_CM3/port.c.obj
                0x08002868                vPortValidateInterruptPriority
 .text.prvHeapInit
                0x080028c4       0x64 CMakeFiles/STM32F103C8T6.elf.dir/Middlewares/Third_Party/FreeRTOS/Source/portable/MemMang/heap_4.c.obj
 .text.prvInsertBlockIntoFreeList
                0x08002928       0x60 CMakeFiles/STM32F103C8T6.elf.dir/Middlewares/Third_Party/FreeRTOS/Source/portable/MemMang/heap_4.c.obj
 .text.pvPortMalloc
                0x08002988       0xf0 CMakeFiles/STM32F103C8T6.elf.dir/Middlewares/Third_Party/FreeRTOS/Source/portable/MemMang/heap_4.c.obj
                0x08002988                pvPortMalloc
 .text.vPortFree
                0x08002a78       0x70 CMakeFiles/STM32F103C8T6.elf.dir/Middlewares/Third_Party/FreeRTOS/Source/portable/MemMang/heap_4.c.obj
                0x08002a78                vPortFree
 .text.prvIsQueueFull
                0x08002ae8       0x1e CMakeFiles/STM32F103C8T6.elf.dir/Middlewares/Third_Party/FreeRTOS/Source/queue.c.obj
 .text.prvIsQueueEmpty
                0x08002b06       0x1a CMakeFiles/STM32F103C8T6.elf.dir/Middlewares/Third_Party/FreeRTOS/Source/queue.c.obj
 .text.prvCopyDataToQueue
                0x08002b20       0x76 CMakeFiles/STM32F103C8T6.elf.dir/Middlewares/Third_Party/FreeRTOS/Source/queue.c.obj
 .text.prvCopyDataFromQueue
                0x08002b96       0x24 CMakeFiles/STM32F103C8T6.elf.dir/Middlewares/Third_Party/FreeRTOS/Source/queue.c.obj
 .text.prvUnlockQueue
                0x08002bba       0x6e CMakeFiles/STM32F103C8T6.elf.dir/Middlewares/Third_Party/FreeRTOS/Source/queue.c.obj
 .text.xQueueGenericReset
                0x08002c28       0x84 CMakeFiles/STM32F103C8T6.elf.dir/Middlewares/Third_Party/FreeRTOS/Source/queue.c.obj
                0x08002c28                xQueueGenericReset
 .text.prvInitialiseNewQueue
                0x08002cac       0x22 CMakeFiles/STM32F103C8T6.elf.dir/Middlewares/Third_Party/FreeRTOS/Source/queue.c.obj
 .text.xQueueGenericCreateStatic
                0x08002cce       0x92 CMakeFiles/STM32F103C8T6.elf.dir/Middlewares/Third_Party/FreeRTOS/Source/queue.c.obj
                0x08002cce                xQueueGenericCreateStatic
 .text.xQueueGenericSend
                0x08002d60      0x188 CMakeFiles/STM32F103C8T6.elf.dir/Middlewares/Third_Party/FreeRTOS/Source/queue.c.obj
                0x08002d60                xQueueGenericSend
 .text.xQueueGenericSendFromISR
                0x08002ee8       0xcc CMakeFiles/STM32F103C8T6.elf.dir/Middlewares/Third_Party/FreeRTOS/Source/queue.c.obj
                0x08002ee8                xQueueGenericSendFromISR
 .text.xQueueReceive
                0x08002fb4      0x15e CMakeFiles/STM32F103C8T6.elf.dir/Middlewares/Third_Party/FreeRTOS/Source/queue.c.obj
                0x08002fb4                xQueueReceive
 *fill*         0x08003112        0x2 
 .text.vQueueAddToRegistry
                0x08003114       0x28 CMakeFiles/STM32F103C8T6.elf.dir/Middlewares/Third_Party/FreeRTOS/Source/queue.c.obj
                0x08003114                vQueueAddToRegistry
 .text.vQueueWaitForMessageRestricted
                0x0800313c       0x52 CMakeFiles/STM32F103C8T6.elf.dir/Middlewares/Third_Party/FreeRTOS/Source/queue.c.obj
                0x0800313c                vQueueWaitForMessageRestricted
 *fill*         0x0800318e        0x2 
 .text.prvResetNextTaskUnblockTime
                0x08003190       0x2c CMakeFiles/STM32F103C8T6.elf.dir/Middlewares/Third_Party/FreeRTOS/Source/tasks.c.obj
 .text.prvInitialiseNewTask
                0x080031bc       0x9c CMakeFiles/STM32F103C8T6.elf.dir/Middlewares/Third_Party/FreeRTOS/Source/tasks.c.obj
 .text.prvInitialiseTaskLists
                0x08003258       0x68 CMakeFiles/STM32F103C8T6.elf.dir/Middlewares/Third_Party/FreeRTOS/Source/tasks.c.obj
 .text.prvAddNewTaskToReadyList
                0x080032c0       0xac CMakeFiles/STM32F103C8T6.elf.dir/Middlewares/Third_Party/FreeRTOS/Source/tasks.c.obj
 .text.prvDeleteTCB
                0x0800336c       0x38 CMakeFiles/STM32F103C8T6.elf.dir/Middlewares/Third_Party/FreeRTOS/Source/tasks.c.obj
 .text.prvCheckTasksWaitingTermination
                0x080033a4       0x4c CMakeFiles/STM32F103C8T6.elf.dir/Middlewares/Third_Party/FreeRTOS/Source/tasks.c.obj
 .text.prvIdleTask
                0x080033f0       0x28 CMakeFiles/STM32F103C8T6.elf.dir/Middlewares/Third_Party/FreeRTOS/Source/tasks.c.obj
 .text.prvAddCurrentTaskToDelayedList
                0x08003418       0x7c CMakeFiles/STM32F103C8T6.elf.dir/Middlewares/Third_Party/FreeRTOS/Source/tasks.c.obj
 .text.xTaskCreateStatic
                0x08003494       0x74 CMakeFiles/STM32F103C8T6.elf.dir/Middlewares/Third_Party/FreeRTOS/Source/tasks.c.obj
                0x08003494                xTaskCreateStatic
 .text.xTaskCreate
                0x08003508       0x68 CMakeFiles/STM32F103C8T6.elf.dir/Middlewares/Third_Party/FreeRTOS/Source/tasks.c.obj
                0x08003508                xTaskCreate
 .text.vTaskStartScheduler
                0x08003570       0x9c CMakeFiles/STM32F103C8T6.elf.dir/Middlewares/Third_Party/FreeRTOS/Source/tasks.c.obj
                0x08003570                vTaskStartScheduler
 .text.vTaskSuspendAll
                0x0800360c       0x10 CMakeFiles/STM32F103C8T6.elf.dir/Middlewares/Third_Party/FreeRTOS/Source/tasks.c.obj
                0x0800360c                vTaskSuspendAll
 .text.xTaskGetTickCount
                0x0800361c        0xc CMakeFiles/STM32F103C8T6.elf.dir/Middlewares/Third_Party/FreeRTOS/Source/tasks.c.obj
                0x0800361c                xTaskGetTickCount
 .text.xTaskIncrementTick
                0x08003628      0x118 CMakeFiles/STM32F103C8T6.elf.dir/Middlewares/Third_Party/FreeRTOS/Source/tasks.c.obj
                0x08003628                xTaskIncrementTick
 .text.xTaskResumeAll
                0x08003740       0xf8 CMakeFiles/STM32F103C8T6.elf.dir/Middlewares/Third_Party/FreeRTOS/Source/tasks.c.obj
                0x08003740                xTaskResumeAll
 .text.vTaskDelay
                0x08003838       0x4c CMakeFiles/STM32F103C8T6.elf.dir/Middlewares/Third_Party/FreeRTOS/Source/tasks.c.obj
                0x08003838                vTaskDelay
 .text.vTaskSwitchContext
                0x08003884       0x94 CMakeFiles/STM32F103C8T6.elf.dir/Middlewares/Third_Party/FreeRTOS/Source/tasks.c.obj
                0x08003884                vTaskSwitchContext
 .text.vTaskPlaceOnEventList
                0x08003918       0x30 CMakeFiles/STM32F103C8T6.elf.dir/Middlewares/Third_Party/FreeRTOS/Source/tasks.c.obj
                0x08003918                vTaskPlaceOnEventList
 .text.vTaskPlaceOnEventListRestricted
                0x08003948       0x38 CMakeFiles/STM32F103C8T6.elf.dir/Middlewares/Third_Party/FreeRTOS/Source/tasks.c.obj
                0x08003948                vTaskPlaceOnEventListRestricted
 .text.xTaskRemoveFromEventList
                0x08003980       0x8c CMakeFiles/STM32F103C8T6.elf.dir/Middlewares/Third_Party/FreeRTOS/Source/tasks.c.obj
                0x08003980                xTaskRemoveFromEventList
 .text.vTaskInternalSetTimeOutState
                0x08003a0c       0x18 CMakeFiles/STM32F103C8T6.elf.dir/Middlewares/Third_Party/FreeRTOS/Source/tasks.c.obj
                0x08003a0c                vTaskInternalSetTimeOutState
 .text.xTaskCheckForTimeOut
                0x08003a24       0x84 CMakeFiles/STM32F103C8T6.elf.dir/Middlewares/Third_Party/FreeRTOS/Source/tasks.c.obj
                0x08003a24                xTaskCheckForTimeOut
 .text.vTaskMissedYield
                0x08003aa8        0xc CMakeFiles/STM32F103C8T6.elf.dir/Middlewares/Third_Party/FreeRTOS/Source/tasks.c.obj
                0x08003aa8                vTaskMissedYield
 .text.xTaskGetSchedulerState
                0x08003ab4       0x20 CMakeFiles/STM32F103C8T6.elf.dir/Middlewares/Third_Party/FreeRTOS/Source/tasks.c.obj
                0x08003ab4                xTaskGetSchedulerState
 .text.xTaskPriorityDisinherit
                0x08003ad4       0x90 CMakeFiles/STM32F103C8T6.elf.dir/Middlewares/Third_Party/FreeRTOS/Source/tasks.c.obj
                0x08003ad4                xTaskPriorityDisinherit
 .text.prvGetNextExpireTime
                0x08003b64       0x20 CMakeFiles/STM32F103C8T6.elf.dir/Middlewares/Third_Party/FreeRTOS/Source/timers.c.obj
 .text.prvInsertTimerInActiveList
                0x08003b84       0x48 CMakeFiles/STM32F103C8T6.elf.dir/Middlewares/Third_Party/FreeRTOS/Source/timers.c.obj
 .text.prvCheckForValidListAndQueue
                0x08003bcc       0x70 CMakeFiles/STM32F103C8T6.elf.dir/Middlewares/Third_Party/FreeRTOS/Source/timers.c.obj
 .text.xTimerCreateTimerTask
                0x08003c3c       0x64 CMakeFiles/STM32F103C8T6.elf.dir/Middlewares/Third_Party/FreeRTOS/Source/timers.c.obj
                0x08003c3c                xTimerCreateTimerTask
 .text.xTimerGenericCommand
                0x08003ca0       0x6c CMakeFiles/STM32F103C8T6.elf.dir/Middlewares/Third_Party/FreeRTOS/Source/timers.c.obj
                0x08003ca0                xTimerGenericCommand
 .text.prvSwitchTimerLists
                0x08003d0c       0x78 CMakeFiles/STM32F103C8T6.elf.dir/Middlewares/Third_Party/FreeRTOS/Source/timers.c.obj
 .text.prvSampleTimeNow
                0x08003d84       0x2c CMakeFiles/STM32F103C8T6.elf.dir/Middlewares/Third_Party/FreeRTOS/Source/timers.c.obj
 .text.prvProcessExpiredTimer
                0x08003db0       0x60 CMakeFiles/STM32F103C8T6.elf.dir/Middlewares/Third_Party/FreeRTOS/Source/timers.c.obj
 .text.prvProcessTimerOrBlockTask
                0x08003e10       0x74 CMakeFiles/STM32F103C8T6.elf.dir/Middlewares/Third_Party/FreeRTOS/Source/timers.c.obj
 .text.prvProcessReceivedCommands
                0x08003e84       0xf8 CMakeFiles/STM32F103C8T6.elf.dir/Middlewares/Third_Party/FreeRTOS/Source/timers.c.obj
 .text.prvTimerTask
                0x08003f7c       0x16 CMakeFiles/STM32F103C8T6.elf.dir/Middlewares/Third_Party/FreeRTOS/Source/timers.c.obj
 *fill*         0x08003f92        0x2 
 .text.Reset_Handler
                0x08003f94       0x48 CMakeFiles/STM32F103C8T6.elf.dir/startup/startup_stm32f103xb.s.obj
                0x08003f94                Reset_Handler
 .text.Default_Handler
                0x08003fdc        0x2 CMakeFiles/STM32F103C8T6.elf.dir/startup/startup_stm32f103xb.s.obj
                0x08003fdc                RTC_Alarm_IRQHandler
                0x08003fdc                EXTI2_IRQHandler
                0x08003fdc                TIM1_CC_IRQHandler
                0x08003fdc                PVD_IRQHandler
                0x08003fdc                EXTI3_IRQHandler
                0x08003fdc                EXTI0_IRQHandler
                0x08003fdc                I2C2_EV_IRQHandler
                0x08003fdc                ADC1_2_IRQHandler
                0x08003fdc                SPI1_IRQHandler
                0x08003fdc                TAMPER_IRQHandler
                0x08003fdc                DMA1_Channel4_IRQHandler
                0x08003fdc                USART3_IRQHandler
                0x08003fdc                RTC_IRQHandler
                0x08003fdc                DMA1_Channel7_IRQHandler
                0x08003fdc                CAN1_RX1_IRQHandler
                0x08003fdc                TIM4_IRQHandler
                0x08003fdc                I2C1_EV_IRQHandler
                0x08003fdc                DMA1_Channel6_IRQHandler
                0x08003fdc                TIM3_IRQHandler
                0x08003fdc                RCC_IRQHandler
                0x08003fdc                TIM1_TRG_COM_IRQHandler
                0x08003fdc                DMA1_Channel1_IRQHandler
                0x08003fdc                Default_Handler
                0x08003fdc                EXTI15_10_IRQHandler
                0x08003fdc                EXTI9_5_IRQHandler
                0x08003fdc                SPI2_IRQHandler
                0x08003fdc                DMA1_Channel5_IRQHandler
                0x08003fdc                EXTI4_IRQHandler
                0x08003fdc                USB_LP_CAN1_RX0_IRQHandler
                0x08003fdc                USB_HP_CAN1_TX_IRQHandler
                0x08003fdc                DMA1_Channel3_IRQHandler
                0x08003fdc                TIM1_UP_IRQHandler
                0x08003fdc                WWDG_IRQHandler
                0x08003fdc                TIM2_IRQHandler
                0x08003fdc                TIM1_BRK_IRQHandler
                0x08003fdc                EXTI1_IRQHandler
                0x08003fdc                USART2_IRQHandler
                0x08003fdc                I2C2_ER_IRQHandler
                0x08003fdc                DMA1_Channel2_IRQHandler
                0x08003fdc                CAN1_SCE_IRQHandler
                0x08003fdc                FLASH_IRQHandler
                0x08003fdc                USART1_IRQHandler
                0x08003fdc                I2C1_ER_IRQHandler
                0x08003fdc                USBWakeUp_IRQHandler
 *fill*         0x08003fde        0x2 
 .text.__errno  0x08003fe0        0xc f:/toolchains/arm-none-eabi-gcc/bin/../lib/gcc/arm-none-eabi/10.3.1/../../../../arm-none-eabi/lib/thumb/v7-m/nofp\libg.a(lib_a-errno.o)
                0x08003fe0                __errno
 .text.__libc_init_array
                0x08003fec       0x48 f:/toolchains/arm-none-eabi-gcc/bin/../lib/gcc/arm-none-eabi/10.3.1/../../../../arm-none-eabi/lib/thumb/v7-m/nofp\libg.a(lib_a-init.o)
                0x08003fec                __libc_init_array
 .text.memset   0x08004034       0xa4 f:/toolchains/arm-none-eabi-gcc/bin/../lib/gcc/arm-none-eabi/10.3.1/../../../../arm-none-eabi/lib/thumb/v7-m/nofp\libg.a(lib_a-memset.o)
                0x08004034                memset
 .text.printf   0x080040d8       0x28 f:/toolchains/arm-none-eabi-gcc/bin/../lib/gcc/arm-none-eabi/10.3.1/../../../../arm-none-eabi/lib/thumb/v7-m/nofp\libg.a(lib_a-printf.o)
                0x080040d8                printf
 .text._vfprintf_r
                0x08004100     0x1b58 f:/toolchains/arm-none-eabi-gcc/bin/../lib/gcc/arm-none-eabi/10.3.1/../../../../arm-none-eabi/lib/thumb/v7-m/nofp\libg.a(lib_a-vfprintf.o)
                0x08004100                _vfprintf_r
 .text.__sbprintf
                0x08005c58       0x84 f:/toolchains/arm-none-eabi-gcc/bin/../lib/gcc/arm-none-eabi/10.3.1/../../../../arm-none-eabi/lib/thumb/v7-m/nofp\libg.a(lib_a-vfprintf.o)
 .text.__swsetup_r
                0x08005cdc       0xd4 f:/toolchains/arm-none-eabi-gcc/bin/../lib/gcc/arm-none-eabi/10.3.1/../../../../arm-none-eabi/lib/thumb/v7-m/nofp\libg.a(lib_a-wsetup.o)
                0x08005cdc                __swsetup_r
 .text.startup.register_fini
                0x08005db0       0x14 f:/toolchains/arm-none-eabi-gcc/bin/../lib/gcc/arm-none-eabi/10.3.1/../../../../arm-none-eabi/lib/thumb/v7-m/nofp\libg.a(lib_a-__call_atexit.o)
 .text.atexit   0x08005dc4        0xc f:/toolchains/arm-none-eabi-gcc/bin/../lib/gcc/arm-none-eabi/10.3.1/../../../../arm-none-eabi/lib/thumb/v7-m/nofp\libg.a(lib_a-atexit.o)
                0x08005dc4                atexit
 .text.quorem   0x08005dd0      0x12c f:/toolchains/arm-none-eabi-gcc/bin/../lib/gcc/arm-none-eabi/10.3.1/../../../../arm-none-eabi/lib/thumb/v7-m/nofp\libg.a(lib_a-dtoa.o)
 *fill*         0x08005efc        0x4 
 .text._dtoa_r  0x08005f00      0xecc f:/toolchains/arm-none-eabi-gcc/bin/../lib/gcc/arm-none-eabi/10.3.1/../../../../arm-none-eabi/lib/thumb/v7-m/nofp\libg.a(lib_a-dtoa.o)
                0x08005f00                _dtoa_r
 .text.__sflush_r
                0x08006dcc      0x124 f:/toolchains/arm-none-eabi-gcc/bin/../lib/gcc/arm-none-eabi/10.3.1/../../../../arm-none-eabi/lib/thumb/v7-m/nofp\libg.a(lib_a-fflush.o)
                0x08006dcc                __sflush_r
 .text._fflush_r
                0x08006ef0       0x5c f:/toolchains/arm-none-eabi-gcc/bin/../lib/gcc/arm-none-eabi/10.3.1/../../../../arm-none-eabi/lib/thumb/v7-m/nofp\libg.a(lib_a-fflush.o)
                0x08006ef0                _fflush_r
 .text._cleanup_r
                0x08006f4c        0xc f:/toolchains/arm-none-eabi-gcc/bin/../lib/gcc/arm-none-eabi/10.3.1/../../../../arm-none-eabi/lib/thumb/v7-m/nofp\libg.a(lib_a-findfp.o)
                0x08006f4c                _cleanup_r
 .text.__sinit  0x08006f58      0x10c f:/toolchains/arm-none-eabi-gcc/bin/../lib/gcc/arm-none-eabi/10.3.1/../../../../arm-none-eabi/lib/thumb/v7-m/nofp\libg.a(lib_a-findfp.o)
                0x08006f58                __sinit
 .text.__sfp_lock_acquire
                0x08007064        0xc f:/toolchains/arm-none-eabi-gcc/bin/../lib/gcc/arm-none-eabi/10.3.1/../../../../arm-none-eabi/lib/thumb/v7-m/nofp\libg.a(lib_a-findfp.o)
                0x08007064                __sfp_lock_acquire
 .text.__sfp_lock_release
                0x08007070        0xc f:/toolchains/arm-none-eabi-gcc/bin/../lib/gcc/arm-none-eabi/10.3.1/../../../../arm-none-eabi/lib/thumb/v7-m/nofp\libg.a(lib_a-findfp.o)
                0x08007070                __sfp_lock_release
 .text.__libc_fini_array
                0x0800707c       0x2c f:/toolchains/arm-none-eabi-gcc/bin/../lib/gcc/arm-none-eabi/10.3.1/../../../../arm-none-eabi/lib/thumb/v7-m/nofp\libg.a(lib_a-fini.o)
                0x0800707c                __libc_fini_array
 .text._malloc_trim_r
                0x080070a8       0xa0 f:/toolchains/arm-none-eabi-gcc/bin/../lib/gcc/arm-none-eabi/10.3.1/../../../../arm-none-eabi/lib/thumb/v7-m/nofp\libg.a(lib_a-freer.o)
                0x080070a8                _malloc_trim_r
 .text._free_r  0x08007148      0x200 f:/toolchains/arm-none-eabi-gcc/bin/../lib/gcc/arm-none-eabi/10.3.1/../../../../arm-none-eabi/lib/thumb/v7-m/nofp\libg.a(lib_a-freer.o)
                0x08007148                _free_r
 .text._fwalk_reent
                0x08007348       0x48 f:/toolchains/arm-none-eabi-gcc/bin/../lib/gcc/arm-none-eabi/10.3.1/../../../../arm-none-eabi/lib/thumb/v7-m/nofp\libg.a(lib_a-fwalk.o)
                0x08007348                _fwalk_reent
 .text._localeconv_r
                0x08007390        0x8 f:/toolchains/arm-none-eabi-gcc/bin/../lib/gcc/arm-none-eabi/10.3.1/../../../../arm-none-eabi/lib/thumb/v7-m/nofp\libg.a(lib_a-localeconv.o)
                0x08007390                _localeconv_r
 .text.__retarget_lock_init_recursive
                0x08007398        0x4 f:/toolchains/arm-none-eabi-gcc/bin/../lib/gcc/arm-none-eabi/10.3.1/../../../../arm-none-eabi/lib/thumb/v7-m/nofp\libg.a(lib_a-lock.o)
                0x08007398                __retarget_lock_init_recursive
 .text.__retarget_lock_close_recursive
                0x0800739c        0x4 f:/toolchains/arm-none-eabi-gcc/bin/../lib/gcc/arm-none-eabi/10.3.1/../../../../arm-none-eabi/lib/thumb/v7-m/nofp\libg.a(lib_a-lock.o)
                0x0800739c                __retarget_lock_close_recursive
 .text.__retarget_lock_acquire_recursive
                0x080073a0        0x4 f:/toolchains/arm-none-eabi-gcc/bin/../lib/gcc/arm-none-eabi/10.3.1/../../../../arm-none-eabi/lib/thumb/v7-m/nofp\libg.a(lib_a-lock.o)
                0x080073a0                __retarget_lock_acquire_recursive
 .text.__retarget_lock_release_recursive
                0x080073a4        0x4 f:/toolchains/arm-none-eabi-gcc/bin/../lib/gcc/arm-none-eabi/10.3.1/../../../../arm-none-eabi/lib/thumb/v7-m/nofp\libg.a(lib_a-lock.o)
                0x080073a4                __retarget_lock_release_recursive
 .text.__smakebuf_r
                0x080073a8       0xe0 f:/toolchains/arm-none-eabi-gcc/bin/../lib/gcc/arm-none-eabi/10.3.1/../../../../arm-none-eabi/lib/thumb/v7-m/nofp\libg.a(lib_a-makebuf.o)
                0x080073a8                __smakebuf_r
 .text._malloc_r
                0x08007488      0x558 f:/toolchains/arm-none-eabi-gcc/bin/../lib/gcc/arm-none-eabi/10.3.1/../../../../arm-none-eabi/lib/thumb/v7-m/nofp\libg.a(lib_a-mallocr.o)
                0x08007488                _malloc_r
 .text.memchr   0x080079e0       0x90 f:/toolchains/arm-none-eabi-gcc/bin/../lib/gcc/arm-none-eabi/10.3.1/../../../../arm-none-eabi/lib/thumb/v7-m/nofp\libg.a(lib_a-memchr-stub.o)
                0x080079e0                memchr
 .text.__malloc_lock
                0x08007a70        0xc f:/toolchains/arm-none-eabi-gcc/bin/../lib/gcc/arm-none-eabi/10.3.1/../../../../arm-none-eabi/lib/thumb/v7-m/nofp\libg.a(lib_a-mlock.o)
                0x08007a70                __malloc_lock
 .text.__malloc_unlock
                0x08007a7c        0xc f:/toolchains/arm-none-eabi-gcc/bin/../lib/gcc/arm-none-eabi/10.3.1/../../../../arm-none-eabi/lib/thumb/v7-m/nofp\libg.a(lib_a-mlock.o)
                0x08007a7c                __malloc_unlock
 .text._Balloc  0x08007a88       0x4c f:/toolchains/arm-none-eabi-gcc/bin/../lib/gcc/arm-none-eabi/10.3.1/../../../../arm-none-eabi/lib/thumb/v7-m/nofp\libg.a(lib_a-mprec.o)
                0x08007a88                _Balloc
 .text._Bfree   0x08007ad4       0x14 f:/toolchains/arm-none-eabi-gcc/bin/../lib/gcc/arm-none-eabi/10.3.1/../../../../arm-none-eabi/lib/thumb/v7-m/nofp\libg.a(lib_a-mprec.o)
                0x08007ad4                _Bfree
 .text.__multadd
                0x08007ae8       0xa4 f:/toolchains/arm-none-eabi-gcc/bin/../lib/gcc/arm-none-eabi/10.3.1/../../../../arm-none-eabi/lib/thumb/v7-m/nofp\libg.a(lib_a-mprec.o)
                0x08007ae8                __multadd
 .text.__hi0bits
                0x08007b8c       0x40 f:/toolchains/arm-none-eabi-gcc/bin/../lib/gcc/arm-none-eabi/10.3.1/../../../../arm-none-eabi/lib/thumb/v7-m/nofp\libg.a(lib_a-mprec.o)
                0x08007b8c                __hi0bits
 .text.__lo0bits
                0x08007bcc       0x58 f:/toolchains/arm-none-eabi-gcc/bin/../lib/gcc/arm-none-eabi/10.3.1/../../../../arm-none-eabi/lib/thumb/v7-m/nofp\libg.a(lib_a-mprec.o)
                0x08007bcc                __lo0bits
 .text.__i2b    0x08007c24       0x5c f:/toolchains/arm-none-eabi-gcc/bin/../lib/gcc/arm-none-eabi/10.3.1/../../../../arm-none-eabi/lib/thumb/v7-m/nofp\libg.a(lib_a-mprec.o)
                0x08007c24                __i2b
 .text.__multiply
                0x08007c80      0x15c f:/toolchains/arm-none-eabi-gcc/bin/../lib/gcc/arm-none-eabi/10.3.1/../../../../arm-none-eabi/lib/thumb/v7-m/nofp\libg.a(lib_a-mprec.o)
                0x08007c80                __multiply
 .text.__pow5mult
                0x08007ddc       0xb8 f:/toolchains/arm-none-eabi-gcc/bin/../lib/gcc/arm-none-eabi/10.3.1/../../../../arm-none-eabi/lib/thumb/v7-m/nofp\libg.a(lib_a-mprec.o)
                0x08007ddc                __pow5mult
 .text.__lshift
                0x08007e94       0xec f:/toolchains/arm-none-eabi-gcc/bin/../lib/gcc/arm-none-eabi/10.3.1/../../../../arm-none-eabi/lib/thumb/v7-m/nofp\libg.a(lib_a-mprec.o)
                0x08007e94                __lshift
 .text.__mcmp   0x08007f80       0x40 f:/toolchains/arm-none-eabi-gcc/bin/../lib/gcc/arm-none-eabi/10.3.1/../../../../arm-none-eabi/lib/thumb/v7-m/nofp\libg.a(lib_a-mprec.o)
                0x08007f80                __mcmp
 .text.__mdiff  0x08007fc0      0x14c f:/toolchains/arm-none-eabi-gcc/bin/../lib/gcc/arm-none-eabi/10.3.1/../../../../arm-none-eabi/lib/thumb/v7-m/nofp\libg.a(lib_a-mprec.o)
                0x08007fc0                __mdiff
 .text.__d2b    0x0800810c       0xc4 f:/toolchains/arm-none-eabi-gcc/bin/../lib/gcc/arm-none-eabi/10.3.1/../../../../arm-none-eabi/lib/thumb/v7-m/nofp\libg.a(lib_a-mprec.o)
                0x0800810c                __d2b
 .text.frexp    0x080081d0       0x70 f:/toolchains/arm-none-eabi-gcc/bin/../lib/gcc/arm-none-eabi/10.3.1/../../../../arm-none-eabi/lib/thumb/v7-m/nofp\libg.a(lib_a-s_frexp.o)
                0x080081d0                frexp
 .text._sbrk_r  0x08008240       0x24 f:/toolchains/arm-none-eabi-gcc/bin/../lib/gcc/arm-none-eabi/10.3.1/../../../../arm-none-eabi/lib/thumb/v7-m/nofp\libg.a(lib_a-sbrkr.o)
                0x08008240                _sbrk_r
 .text.__sread  0x08008264       0x24 f:/toolchains/arm-none-eabi-gcc/bin/../lib/gcc/arm-none-eabi/10.3.1/../../../../arm-none-eabi/lib/thumb/v7-m/nofp\libg.a(lib_a-stdio.o)
                0x08008264                __sread
 .text.__swrite
                0x08008288       0x40 f:/toolchains/arm-none-eabi-gcc/bin/../lib/gcc/arm-none-eabi/10.3.1/../../../../arm-none-eabi/lib/thumb/v7-m/nofp\libg.a(lib_a-stdio.o)
                0x08008288                __swrite
 .text.__sseek  0x080082c8       0x20 f:/toolchains/arm-none-eabi-gcc/bin/../lib/gcc/arm-none-eabi/10.3.1/../../../../arm-none-eabi/lib/thumb/v7-m/nofp\libg.a(lib_a-stdio.o)
                0x080082c8                __sseek
 .text.__sclose
                0x080082e8        0x8 f:/toolchains/arm-none-eabi-gcc/bin/../lib/gcc/arm-none-eabi/10.3.1/../../../../arm-none-eabi/lib/thumb/v7-m/nofp\libg.a(lib_a-stdio.o)
                0x080082e8                __sclose
 .text.strlen   0x080082f0       0x5c f:/toolchains/arm-none-eabi-gcc/bin/../lib/gcc/arm-none-eabi/10.3.1/../../../../arm-none-eabi/lib/thumb/v7-m/nofp\libg.a(lib_a-strlen-stub.o)
                0x080082f0                strlen
 .text.strncpy  0x0800834c       0x68 f:/toolchains/arm-none-eabi-gcc/bin/../lib/gcc/arm-none-eabi/10.3.1/../../../../arm-none-eabi/lib/thumb/v7-m/nofp\libg.a(lib_a-strncpy.o)
                0x0800834c                strncpy
 .text.__sprint_r.part.0
                0x080083b4       0x78 f:/toolchains/arm-none-eabi-gcc/bin/../lib/gcc/arm-none-eabi/10.3.1/../../../../arm-none-eabi/lib/thumb/v7-m/nofp\libg.a(lib_a-vfiprintf.o)
 .text.__sprint_r
                0x0800842c       0x14 f:/toolchains/arm-none-eabi-gcc/bin/../lib/gcc/arm-none-eabi/10.3.1/../../../../arm-none-eabi/lib/thumb/v7-m/nofp\libg.a(lib_a-vfiprintf.o)
                0x0800842c                __sprint_r
 .text._vfiprintf_r
                0x08008440      0xd98 f:/toolchains/arm-none-eabi-gcc/bin/../lib/gcc/arm-none-eabi/10.3.1/../../../../arm-none-eabi/lib/thumb/v7-m/nofp\libg.a(lib_a-vfiprintf.o)
                0x08008440                _vfiprintf_r
 .text.__sbprintf
                0x080091d8       0x84 f:/toolchains/arm-none-eabi-gcc/bin/../lib/gcc/arm-none-eabi/10.3.1/../../../../arm-none-eabi/lib/thumb/v7-m/nofp\libg.a(lib_a-vfiprintf.o)
 .text._write_r
                0x0800925c       0x2c f:/toolchains/arm-none-eabi-gcc/bin/../lib/gcc/arm-none-eabi/10.3.1/../../../../arm-none-eabi/lib/thumb/v7-m/nofp\libg.a(lib_a-writer.o)
                0x0800925c                _write_r
 .text.__register_exitproc
                0x08009288       0x8c f:/toolchains/arm-none-eabi-gcc/bin/../lib/gcc/arm-none-eabi/10.3.1/../../../../arm-none-eabi/lib/thumb/v7-m/nofp\libg.a(lib_a-__atexit.o)
                0x08009288                __register_exitproc
 .text.__assert_func
                0x08009314       0x40 f:/toolchains/arm-none-eabi-gcc/bin/../lib/gcc/arm-none-eabi/10.3.1/../../../../arm-none-eabi/lib/thumb/v7-m/nofp\libg.a(lib_a-assert.o)
                0x08009314                __assert_func
 .text._calloc_r
                0x08009354       0x78 f:/toolchains/arm-none-eabi-gcc/bin/../lib/gcc/arm-none-eabi/10.3.1/../../../../arm-none-eabi/lib/thumb/v7-m/nofp\libg.a(lib_a-callocr.o)
                0x08009354                _calloc_r
 .text._close_r
                0x080093cc       0x24 f:/toolchains/arm-none-eabi-gcc/bin/../lib/gcc/arm-none-eabi/10.3.1/../../../../arm-none-eabi/lib/thumb/v7-m/nofp\libg.a(lib_a-closer.o)
                0x080093cc                _close_r
 .text._fclose_r
                0x080093f0       0xcc f:/toolchains/arm-none-eabi-gcc/bin/../lib/gcc/arm-none-eabi/10.3.1/../../../../arm-none-eabi/lib/thumb/v7-m/nofp\libg.a(lib_a-fclose.o)
                0x080093f0                _fclose_r
 .text.fiprintf
                0x080094bc       0x28 f:/toolchains/arm-none-eabi-gcc/bin/../lib/gcc/arm-none-eabi/10.3.1/../../../../arm-none-eabi/lib/thumb/v7-m/nofp\libg.a(lib_a-fiprintf.o)
                0x080094bc                fiprintf
 .text.__fputwc
                0x080094e4       0xa0 f:/toolchains/arm-none-eabi-gcc/bin/../lib/gcc/arm-none-eabi/10.3.1/../../../../arm-none-eabi/lib/thumb/v7-m/nofp\libg.a(lib_a-fputwc.o)
                0x080094e4                __fputwc
 .text._fputwc_r
                0x08009584       0x68 f:/toolchains/arm-none-eabi-gcc/bin/../lib/gcc/arm-none-eabi/10.3.1/../../../../arm-none-eabi/lib/thumb/v7-m/nofp\libg.a(lib_a-fputwc.o)
                0x08009584                _fputwc_r
 .text._fstat_r
                0x080095ec       0x28 f:/toolchains/arm-none-eabi-gcc/bin/../lib/gcc/arm-none-eabi/10.3.1/../../../../arm-none-eabi/lib/thumb/v7-m/nofp\libg.a(lib_a-fstatr.o)
                0x080095ec                _fstat_r
 .text.__sfvwrite_r
                0x08009614      0x2f0 f:/toolchains/arm-none-eabi-gcc/bin/../lib/gcc/arm-none-eabi/10.3.1/../../../../arm-none-eabi/lib/thumb/v7-m/nofp\libg.a(lib_a-fvwrite.o)
                0x08009614                __sfvwrite_r
 .text._isatty_r
                0x08009904       0x24 f:/toolchains/arm-none-eabi-gcc/bin/../lib/gcc/arm-none-eabi/10.3.1/../../../../arm-none-eabi/lib/thumb/v7-m/nofp\libg.a(lib_a-isattyr.o)
                0x08009904                _isatty_r
 .text.__locale_mb_cur_max
                0x08009928        0xc f:/toolchains/arm-none-eabi-gcc/bin/../lib/gcc/arm-none-eabi/10.3.1/../../../../arm-none-eabi/lib/thumb/v7-m/nofp\libg.a(lib_a-locale.o)
                0x08009928                __locale_mb_cur_max
 .text._lseek_r
                0x08009934       0x2c f:/toolchains/arm-none-eabi-gcc/bin/../lib/gcc/arm-none-eabi/10.3.1/../../../../arm-none-eabi/lib/thumb/v7-m/nofp\libg.a(lib_a-lseekr.o)
                0x08009934                _lseek_r
 .text.__ascii_mbtowc
                0x08009960       0x2c f:/toolchains/arm-none-eabi-gcc/bin/../lib/gcc/arm-none-eabi/10.3.1/../../../../arm-none-eabi/lib/thumb/v7-m/nofp\libg.a(lib_a-mbtowc_r.o)
                0x08009960                __ascii_mbtowc
 .text.memmove  0x0800998c       0xf8 f:/toolchains/arm-none-eabi-gcc/bin/../lib/gcc/arm-none-eabi/10.3.1/../../../../arm-none-eabi/lib/thumb/v7-m/nofp\libg.a(lib_a-memmove.o)
                0x0800998c                memmove
 .text._read_r  0x08009a84       0x2c f:/toolchains/arm-none-eabi-gcc/bin/../lib/gcc/arm-none-eabi/10.3.1/../../../../arm-none-eabi/lib/thumb/v7-m/nofp\libg.a(lib_a-readr.o)
                0x08009a84                _read_r
 .text._realloc_r
                0x08009ab0      0x3dc f:/toolchains/arm-none-eabi-gcc/bin/../lib/gcc/arm-none-eabi/10.3.1/../../../../arm-none-eabi/lib/thumb/v7-m/nofp\libg.a(lib_a-reallocr.o)
                0x08009ab0                _realloc_r
 .text.__swbuf_r
                0x08009e8c       0xb0 f:/toolchains/arm-none-eabi-gcc/bin/../lib/gcc/arm-none-eabi/10.3.1/../../../../arm-none-eabi/lib/thumb/v7-m/nofp\libg.a(lib_a-wbuf.o)
                0x08009e8c                __swbuf_r
 .text._wcrtomb_r
                0x08009f3c       0x3c f:/toolchains/arm-none-eabi-gcc/bin/../lib/gcc/arm-none-eabi/10.3.1/../../../../arm-none-eabi/lib/thumb/v7-m/nofp\libg.a(lib_a-wcrtomb.o)
                0x08009f3c                _wcrtomb_r
 .text.__ascii_wctomb
                0x08009f78       0x1c f:/toolchains/arm-none-eabi-gcc/bin/../lib/gcc/arm-none-eabi/10.3.1/../../../../arm-none-eabi/lib/thumb/v7-m/nofp\libg.a(lib_a-wctomb_r.o)
                0x08009f78                __ascii_wctomb
 .text.abort    0x08009f94       0x10 f:/toolchains/arm-none-eabi-gcc/bin/../lib/gcc/arm-none-eabi/10.3.1/../../../../arm-none-eabi/lib/thumb/v7-m/nofp\libg.a(lib_a-abort.o)
                0x08009f94                abort
 .text.raise    0x08009fa4       0x5c f:/toolchains/arm-none-eabi-gcc/bin/../lib/gcc/arm-none-eabi/10.3.1/../../../../arm-none-eabi/lib/thumb/v7-m/nofp\libg.a(lib_a-signal.o)
                0x08009fa4                raise
 .text._kill_r  0x0800a000       0x28 f:/toolchains/arm-none-eabi-gcc/bin/../lib/gcc/arm-none-eabi/10.3.1/../../../../arm-none-eabi/lib/thumb/v7-m/nofp\libg.a(lib_a-signalr.o)
                0x0800a000                _kill_r
 .text._getpid_r
                0x0800a028        0x4 f:/toolchains/arm-none-eabi-gcc/bin/../lib/gcc/arm-none-eabi/10.3.1/../../../../arm-none-eabi/lib/thumb/v7-m/nofp\libg.a(lib_a-signalr.o)
                0x0800a028                _getpid_r
 *(.glue_7)
 .glue_7        0x0800a02c        0x0 linker stubs
 *(.glue_7t)
 .glue_7t       0x0800a02c        0x0 linker stubs
 *(.eh_frame)
 .eh_frame      0x0800a02c        0x0 f:/toolchains/arm-none-eabi-gcc/bin/../lib/gcc/arm-none-eabi/10.3.1/thumb/v7-m/nofp/crtbegin.o
 *(.init)
 .init          0x0800a02c        0x4 f:/toolchains/arm-none-eabi-gcc/bin/../lib/gcc/arm-none-eabi/10.3.1/thumb/v7-m/nofp/crti.o
                0x0800a02c                _init
 .init          0x0800a030        0x8 f:/toolchains/arm-none-eabi-gcc/bin/../lib/gcc/arm-none-eabi/10.3.1/thumb/v7-m/nofp/crtn.o
 *(.fini)
 .fini          0x0800a038        0x4 f:/toolchains/arm-none-eabi-gcc/bin/../lib/gcc/arm-none-eabi/10.3.1/thumb/v7-m/nofp/crti.o
                0x0800a038                _fini
 .fini          0x0800a03c        0x8 f:/toolchains/arm-none-eabi-gcc/bin/../lib/gcc/arm-none-eabi/10.3.1/thumb/v7-m/nofp/crtn.o
                0x0800a044                . = ALIGN (0x4)
                0x0800a044                _etext = .

.vfp11_veneer   0x0800a044        0x0
 .vfp11_veneer  0x0800a044        0x0 linker stubs

.v4_bx          0x0800a044        0x0
 .v4_bx         0x0800a044        0x0 linker stubs

.iplt           0x0800a044        0x0
 .iplt          0x0800a044        0x0 f:/toolchains/arm-none-eabi-gcc/bin/../lib/gcc/arm-none-eabi/10.3.1/thumb/v7-m/nofp/crtbegin.o

.rodata         0x0800a048      0x558
                0x0800a048                . = ALIGN (0x4)
 *(.rodata)
 *(.rodata*)
 .rodata.str1.4
                0x0800a048        0xc CMakeFiles/STM32F103C8T6.elf.dir/Core/Src/main.c.obj
 .rodata.defaultTask_attributes
                0x0800a054       0x24 CMakeFiles/STM32F103C8T6.elf.dir/Core/Src/main.c.obj
                0x0800a054                defaultTask_attributes
 .rodata.AHBPrescTable
                0x0800a078       0x10 CMakeFiles/STM32F103C8T6.elf.dir/Core/Src/system_stm32f1xx.c.obj
                0x0800a078                AHBPrescTable
 .rodata.APBPrescTable
                0x0800a088        0x8 CMakeFiles/STM32F103C8T6.elf.dir/Core/Src/system_stm32f1xx.c.obj
                0x0800a088                APBPrescTable
 .rodata.HAL_GPIO_EXTI_Callback.str1.4
                0x0800a090       0x67 CMakeFiles/STM32F103C8T6.elf.dir/Core/Src/tapSex.c.obj
 *fill*         0x0800a0f7        0x1 
 .rodata.TapSexDriveTask.str1.4
                0x0800a0f8       0x25 CMakeFiles/STM32F103C8T6.elf.dir/Core/Src/tapSex.c.obj
 *fill*         0x0800a11d        0x3 
 .rodata.TapSexTaskInit.str1.4
                0x0800a120       0x24 CMakeFiles/STM32F103C8T6.elf.dir/Core/Src/tapSex.c.obj
 .rodata.__FUNCTION__.0
                0x0800a144        0xf CMakeFiles/STM32F103C8T6.elf.dir/Core/Src/tapSex.c.obj
 *fill*         0x0800a153        0x1 
 .rodata.__FUNCTION__.1
                0x0800a154       0x10 CMakeFiles/STM32F103C8T6.elf.dir/Core/Src/tapSex.c.obj
 .rodata.g_channelGroup
                0x0800a164       0x10 CMakeFiles/STM32F103C8T6.elf.dir/Core/Src/tapSex.c.obj
 .rodata.HAL_RCC_GetSysClockFreq.str1.4
                0x0800a174       0x11 CMakeFiles/STM32F103C8T6.elf.dir/Drivers/STM32F1xx_HAL_Driver/Src/stm32f1xx_hal_rcc.c.obj
 *fill*         0x0800a185        0x3 
 .rodata.vTaskStartScheduler.str1.4
                0x0800a188        0x5 CMakeFiles/STM32F103C8T6.elf.dir/Middlewares/Third_Party/FreeRTOS/Source/tasks.c.obj
 *fill*         0x0800a18d        0x3 
 .rodata.prvCheckForValidListAndQueue.str1.4
                0x0800a190        0x5 CMakeFiles/STM32F103C8T6.elf.dir/Middlewares/Third_Party/FreeRTOS/Source/timers.c.obj
 *fill*         0x0800a195        0x3 
 .rodata.xTimerCreateTimerTask.str1.4
                0x0800a198        0x8 CMakeFiles/STM32F103C8T6.elf.dir/Middlewares/Third_Party/FreeRTOS/Source/timers.c.obj
 .rodata._global_impure_ptr
                0x0800a1a0        0x4 f:/toolchains/arm-none-eabi-gcc/bin/../lib/gcc/arm-none-eabi/10.3.1/../../../../arm-none-eabi/lib/thumb/v7-m/nofp\libg.a(lib_a-impure.o)
                0x0800a1a0                _global_impure_ptr
 .rodata._vfprintf_r.str1.4
                0x0800a1a4       0x42 f:/toolchains/arm-none-eabi-gcc/bin/../lib/gcc/arm-none-eabi/10.3.1/../../../../arm-none-eabi/lib/thumb/v7-m/nofp\libg.a(lib_a-vfprintf.o)
 *fill*         0x0800a1e6        0x2 
 .rodata.blanks.1
                0x0800a1e8       0x10 f:/toolchains/arm-none-eabi-gcc/bin/../lib/gcc/arm-none-eabi/10.3.1/../../../../arm-none-eabi/lib/thumb/v7-m/nofp\libg.a(lib_a-vfprintf.o)
 .rodata.zeroes.0
                0x0800a1f8       0x10 f:/toolchains/arm-none-eabi-gcc/bin/../lib/gcc/arm-none-eabi/10.3.1/../../../../arm-none-eabi/lib/thumb/v7-m/nofp\libg.a(lib_a-vfprintf.o)
 .rodata._dtoa_r.str1.4
                0x0800a208       0xa2 f:/toolchains/arm-none-eabi-gcc/bin/../lib/gcc/arm-none-eabi/10.3.1/../../../../arm-none-eabi/lib/thumb/v7-m/nofp\libg.a(lib_a-dtoa.o)
                                 0xa6 (size before relaxing)
 *fill*         0x0800a2aa        0x2 
 .rodata.__multadd.str1.4
                0x0800a2ac       0x7f f:/toolchains/arm-none-eabi-gcc/bin/../lib/gcc/arm-none-eabi/10.3.1/../../../../arm-none-eabi/lib/thumb/v7-m/nofp\libg.a(lib_a-mprec.o)
                                 0x93 (size before relaxing)
 *fill*         0x0800a32b        0x5 
 .rodata.__mprec_bigtens
                0x0800a330       0x28 f:/toolchains/arm-none-eabi-gcc/bin/../lib/gcc/arm-none-eabi/10.3.1/../../../../arm-none-eabi/lib/thumb/v7-m/nofp\libg.a(lib_a-mprec.o)
                0x0800a330                __mprec_bigtens
 .rodata.__mprec_tens
                0x0800a358       0xc8 f:/toolchains/arm-none-eabi-gcc/bin/../lib/gcc/arm-none-eabi/10.3.1/../../../../arm-none-eabi/lib/thumb/v7-m/nofp\libg.a(lib_a-mprec.o)
                0x0800a358                __mprec_tens
 .rodata.p05.0  0x0800a420        0xc f:/toolchains/arm-none-eabi-gcc/bin/../lib/gcc/arm-none-eabi/10.3.1/../../../../arm-none-eabi/lib/thumb/v7-m/nofp\libg.a(lib_a-mprec.o)
 .rodata._vfiprintf_r.str1.4
                0x0800a42c       0x2f f:/toolchains/arm-none-eabi-gcc/bin/../lib/gcc/arm-none-eabi/10.3.1/../../../../arm-none-eabi/lib/thumb/v7-m/nofp\libg.a(lib_a-vfiprintf.o)
 .rodata.blanks.1
                0x0800a42c       0x10 f:/toolchains/arm-none-eabi-gcc/bin/../lib/gcc/arm-none-eabi/10.3.1/../../../../arm-none-eabi/lib/thumb/v7-m/nofp\libg.a(lib_a-vfiprintf.o)
 .rodata.zeroes.0
                0x0800a43c       0x10 f:/toolchains/arm-none-eabi-gcc/bin/../lib/gcc/arm-none-eabi/10.3.1/../../../../arm-none-eabi/lib/thumb/v7-m/nofp\libg.a(lib_a-vfiprintf.o)
 .rodata.__assert_func.str1.4
                0x0800a44c       0x3f f:/toolchains/arm-none-eabi-gcc/bin/../lib/gcc/arm-none-eabi/10.3.1/../../../../arm-none-eabi/lib/thumb/v7-m/nofp\libg.a(lib_a-assert.o)
                                 0x43 (size before relaxing)
 *fill*         0x0800a48b        0x1 
 .rodata._setlocale_r.str1.4
                0x0800a48c        0xa f:/toolchains/arm-none-eabi-gcc/bin/../lib/gcc/arm-none-eabi/10.3.1/../../../../arm-none-eabi/lib/thumb/v7-m/nofp\libg.a(lib_a-locale.o)
                                  0xd (size before relaxing)
 *fill*         0x0800a496        0x2 
 .rodata.str1.4
                0x0800a498        0x2 f:/toolchains/arm-none-eabi-gcc/bin/../lib/gcc/arm-none-eabi/10.3.1/../../../../arm-none-eabi/lib/thumb/v7-m/nofp\libg.a(lib_a-locale.o)
 *fill*         0x0800a49a        0x2 
 .rodata._ctype_
                0x0800a49c      0x101 f:/toolchains/arm-none-eabi-gcc/bin/../lib/gcc/arm-none-eabi/10.3.1/../../../../arm-none-eabi/lib/thumb/v7-m/nofp\libg.a(lib_a-ctype_.o)
                0x0800a49c                _ctype_
                0x0800a5a0                . = ALIGN (0x4)
 *fill*         0x0800a59d        0x3 

.ARM.extab
 *(.ARM.extab* .gnu.linkonce.armextab.*)

.ARM            0x0800a5a0        0x8
                0x0800a5a0                __exidx_start = .
 *(.ARM.exidx*)
 .ARM.exidx     0x0800a5a0        0x8 f:/toolchains/arm-none-eabi-gcc/bin/../lib/gcc/arm-none-eabi/10.3.1/thumb/v7-m/nofp\libgcc.a(_udivmoddi4.o)
                0x0800a5a8                __exidx_end = .

.rel.dyn        0x0800a5a8        0x0
 .rel.iplt      0x0800a5a8        0x0 f:/toolchains/arm-none-eabi-gcc/bin/../lib/gcc/arm-none-eabi/10.3.1/thumb/v7-m/nofp/crtbegin.o

.preinit_array  0x0800a5a8        0x0
                0x0800a5a8                PROVIDE (__preinit_array_start = .)
 *(.preinit_array*)
                0x0800a5a8                PROVIDE (__preinit_array_end = .)

.init_array     0x0800a5a8        0x8
                0x0800a5a8                PROVIDE (__init_array_start = .)
 *(SORT_BY_NAME(.init_array.*))
 .init_array.00000
                0x0800a5a8        0x4 f:/toolchains/arm-none-eabi-gcc/bin/../lib/gcc/arm-none-eabi/10.3.1/../../../../arm-none-eabi/lib/thumb/v7-m/nofp\libg.a(lib_a-__call_atexit.o)
 *(.init_array*)
 .init_array    0x0800a5ac        0x4 f:/toolchains/arm-none-eabi-gcc/bin/../lib/gcc/arm-none-eabi/10.3.1/thumb/v7-m/nofp/crtbegin.o
                0x0800a5b0                PROVIDE (__init_array_end = .)

.fini_array     0x0800a5b0        0x4
                0x0800a5b0                PROVIDE (__fini_array_start = .)
 *(SORT_BY_NAME(.fini_array.*))
 *(.fini_array*)
 .fini_array    0x0800a5b0        0x4 f:/toolchains/arm-none-eabi-gcc/bin/../lib/gcc/arm-none-eabi/10.3.1/thumb/v7-m/nofp/crtbegin.o
                0x0800a5b4                PROVIDE (__fini_array_end = .)
                0x0800a5b4                _sidata = LOADADDR (.data)

.data           0x20000000      0xae8 load address 0x0800a5b4
                0x20000000                . = ALIGN (0x4)
                0x20000000                _sdata = .
 *(.data)
 *(.data*)
 .data.SystemCoreClock
                0x20000000        0x4 CMakeFiles/STM32F103C8T6.elf.dir/Core/Src/system_stm32f1xx.c.obj
                0x20000000                SystemCoreClock
 .data.g_tapSexStatus
                0x20000004        0x3 CMakeFiles/STM32F103C8T6.elf.dir/Core/Src/tapSex.c.obj
 *fill*         0x20000007        0x1 
 .data.tapSexPwmTable
                0x20000008       0x28 CMakeFiles/STM32F103C8T6.elf.dir/Core/Src/tapSex.c.obj
                0x20000008                tapSexPwmTable
 .data.tapSexSineTable
                0x20000030      0x100 CMakeFiles/STM32F103C8T6.elf.dir/Core/Src/tapSex.c.obj
                0x20000030                tapSexSineTable
 .data.uwTickFreq
                0x20000130        0x1 CMakeFiles/STM32F103C8T6.elf.dir/Drivers/STM32F1xx_HAL_Driver/Src/stm32f1xx_hal.c.obj
                0x20000130                uwTickFreq
 *fill*         0x20000131        0x3 
 .data.uwTickPrio
                0x20000134        0x4 CMakeFiles/STM32F103C8T6.elf.dir/Drivers/STM32F1xx_HAL_Driver/Src/stm32f1xx_hal.c.obj
                0x20000134                uwTickPrio
 .data.uxCriticalNesting
                0x20000138        0x4 CMakeFiles/STM32F103C8T6.elf.dir/Middlewares/Third_Party/FreeRTOS/Source/portable/GCC/ARM_CM3/port.c.obj
 .data._impure_ptr
                0x2000013c        0x4 f:/toolchains/arm-none-eabi-gcc/bin/../lib/gcc/arm-none-eabi/10.3.1/../../../../arm-none-eabi/lib/thumb/v7-m/nofp\libg.a(lib_a-impure.o)
                0x2000013c                _impure_ptr
 .data.impure_data
                0x20000140      0x428 f:/toolchains/arm-none-eabi-gcc/bin/../lib/gcc/arm-none-eabi/10.3.1/../../../../arm-none-eabi/lib/thumb/v7-m/nofp\libg.a(lib_a-impure.o)
 .data.__atexit_recursive_mutex
                0x20000568        0x4 f:/toolchains/arm-none-eabi-gcc/bin/../lib/gcc/arm-none-eabi/10.3.1/../../../../arm-none-eabi/lib/thumb/v7-m/nofp\libg.a(lib_a-__call_atexit.o)
                0x20000568                __atexit_recursive_mutex
 .data.__malloc_av_
                0x2000056c      0x408 f:/toolchains/arm-none-eabi-gcc/bin/../lib/gcc/arm-none-eabi/10.3.1/../../../../arm-none-eabi/lib/thumb/v7-m/nofp\libg.a(lib_a-mallocr.o)
                0x2000056c                __malloc_av_
 .data.__malloc_sbrk_base
                0x20000974        0x4 f:/toolchains/arm-none-eabi-gcc/bin/../lib/gcc/arm-none-eabi/10.3.1/../../../../arm-none-eabi/lib/thumb/v7-m/nofp\libg.a(lib_a-mallocr.o)
                0x20000974                __malloc_sbrk_base
 .data.__malloc_trim_threshold
                0x20000978        0x4 f:/toolchains/arm-none-eabi-gcc/bin/../lib/gcc/arm-none-eabi/10.3.1/../../../../arm-none-eabi/lib/thumb/v7-m/nofp\libg.a(lib_a-mallocr.o)
                0x20000978                __malloc_trim_threshold
 .data.__global_locale
                0x2000097c      0x16c f:/toolchains/arm-none-eabi-gcc/bin/../lib/gcc/arm-none-eabi/10.3.1/../../../../arm-none-eabi/lib/thumb/v7-m/nofp\libg.a(lib_a-locale.o)
                0x2000097c                __global_locale
                0x20000ae8                . = ALIGN (0x4)
                0x20000ae8                _edata = .

.igot.plt       0x20000ae8        0x0 load address 0x0800b09c
 .igot.plt      0x20000ae8        0x0 f:/toolchains/arm-none-eabi-gcc/bin/../lib/gcc/arm-none-eabi/10.3.1/thumb/v7-m/nofp/crtbegin.o
                0x20000ae8                . = ALIGN (0x4)

.bss            0x20000ae8     0x1a94 load address 0x0800b09c
                0x20000ae8                _sbss = .
                0x20000ae8                __bss_start__ = _sbss
 *(.bss)
 .bss           0x20000ae8       0x1c f:/toolchains/arm-none-eabi-gcc/bin/../lib/gcc/arm-none-eabi/10.3.1/thumb/v7-m/nofp/crtbegin.o
 *(.bss*)
 .bss.defaultTaskHandle
                0x20000b04        0x4 CMakeFiles/STM32F103C8T6.elf.dir/Core/Src/main.c.obj
                0x20000b04                defaultTaskHandle
 .bss.htim4     0x20000b08       0x48 CMakeFiles/STM32F103C8T6.elf.dir/Core/Src/main.c.obj
                0x20000b08                htim4
 .bss.huart1    0x20000b50       0x44 CMakeFiles/STM32F103C8T6.elf.dir/Core/Src/main.c.obj
                0x20000b50                huart1
 .bss.heap_end.0
                0x20000b94        0x4 CMakeFiles/STM32F103C8T6.elf.dir/Core/Src/syscalls.c.obj
 .bss.g_htim    0x20000b98       0x48 CMakeFiles/STM32F103C8T6.elf.dir/Core/Src/tapSex.c.obj
 .bss.g_tapSexTaskHandle
                0x20000be0        0x4 CMakeFiles/STM32F103C8T6.elf.dir/Core/Src/tapSex.c.obj
                0x20000be0                g_tapSexTaskHandle
 .bss.pwm.2     0x20000be4        0x2 CMakeFiles/STM32F103C8T6.elf.dir/Core/Src/tapSex.c.obj
 .bss.wave.3    0x20000be6        0x2 CMakeFiles/STM32F103C8T6.elf.dir/Core/Src/tapSex.c.obj
 .bss.uwTick    0x20000be8        0x4 CMakeFiles/STM32F103C8T6.elf.dir/Drivers/STM32F1xx_HAL_Driver/Src/stm32f1xx_hal.c.obj
                0x20000be8                uwTick
 .bss.Idle_Stack
                0x20000bec      0x200 CMakeFiles/STM32F103C8T6.elf.dir/Middlewares/Third_Party/FreeRTOS/Source/CMSIS_RTOS_V2/cmsis_os2.c.obj
 .bss.Idle_TCB  0x20000dec       0x5c CMakeFiles/STM32F103C8T6.elf.dir/Middlewares/Third_Party/FreeRTOS/Source/CMSIS_RTOS_V2/cmsis_os2.c.obj
 .bss.KernelState
                0x20000e48        0x4 CMakeFiles/STM32F103C8T6.elf.dir/Middlewares/Third_Party/FreeRTOS/Source/CMSIS_RTOS_V2/cmsis_os2.c.obj
 .bss.Timer_Stack
                0x20000e4c      0x400 CMakeFiles/STM32F103C8T6.elf.dir/Middlewares/Third_Party/FreeRTOS/Source/CMSIS_RTOS_V2/cmsis_os2.c.obj
 .bss.Timer_TCB
                0x2000124c       0x5c CMakeFiles/STM32F103C8T6.elf.dir/Middlewares/Third_Party/FreeRTOS/Source/CMSIS_RTOS_V2/cmsis_os2.c.obj
 .bss.ucMaxSysCallPriority
                0x200012a8        0x1 CMakeFiles/STM32F103C8T6.elf.dir/Middlewares/Third_Party/FreeRTOS/Source/portable/GCC/ARM_CM3/port.c.obj
 *fill*         0x200012a9        0x3 
 .bss.ulMaxPRIGROUPValue
                0x200012ac        0x4 CMakeFiles/STM32F103C8T6.elf.dir/Middlewares/Third_Party/FreeRTOS/Source/portable/GCC/ARM_CM3/port.c.obj
 .bss.pxEnd     0x200012b0        0x4 CMakeFiles/STM32F103C8T6.elf.dir/Middlewares/Third_Party/FreeRTOS/Source/portable/MemMang/heap_4.c.obj
 .bss.ucHeap    0x200012b4      0xc00 CMakeFiles/STM32F103C8T6.elf.dir/Middlewares/Third_Party/FreeRTOS/Source/portable/MemMang/heap_4.c.obj
 .bss.xBlockAllocatedBit
                0x20001eb4        0x4 CMakeFiles/STM32F103C8T6.elf.dir/Middlewares/Third_Party/FreeRTOS/Source/portable/MemMang/heap_4.c.obj
 .bss.xFreeBytesRemaining
                0x20001eb8        0x4 CMakeFiles/STM32F103C8T6.elf.dir/Middlewares/Third_Party/FreeRTOS/Source/portable/MemMang/heap_4.c.obj
 .bss.xMinimumEverFreeBytesRemaining
                0x20001ebc        0x4 CMakeFiles/STM32F103C8T6.elf.dir/Middlewares/Third_Party/FreeRTOS/Source/portable/MemMang/heap_4.c.obj
 .bss.xStart    0x20001ec0        0x8 CMakeFiles/STM32F103C8T6.elf.dir/Middlewares/Third_Party/FreeRTOS/Source/portable/MemMang/heap_4.c.obj
 .bss.xQueueRegistry
                0x20001ec8       0x40 CMakeFiles/STM32F103C8T6.elf.dir/Middlewares/Third_Party/FreeRTOS/Source/queue.c.obj
                0x20001ec8                xQueueRegistry
 .bss.pxCurrentTCB
                0x20001f08        0x4 CMakeFiles/STM32F103C8T6.elf.dir/Middlewares/Third_Party/FreeRTOS/Source/tasks.c.obj
                0x20001f08                pxCurrentTCB
 .bss.pxDelayedTaskList
                0x20001f0c        0x4 CMakeFiles/STM32F103C8T6.elf.dir/Middlewares/Third_Party/FreeRTOS/Source/tasks.c.obj
 .bss.pxOverflowDelayedTaskList
                0x20001f10        0x4 CMakeFiles/STM32F103C8T6.elf.dir/Middlewares/Third_Party/FreeRTOS/Source/tasks.c.obj
 .bss.pxReadyTasksLists
                0x20001f14      0x460 CMakeFiles/STM32F103C8T6.elf.dir/Middlewares/Third_Party/FreeRTOS/Source/tasks.c.obj
 .bss.uxCurrentNumberOfTasks
                0x20002374        0x4 CMakeFiles/STM32F103C8T6.elf.dir/Middlewares/Third_Party/FreeRTOS/Source/tasks.c.obj
 .bss.uxDeletedTasksWaitingCleanUp
                0x20002378        0x4 CMakeFiles/STM32F103C8T6.elf.dir/Middlewares/Third_Party/FreeRTOS/Source/tasks.c.obj
 .bss.uxPendedTicks
                0x2000237c        0x4 CMakeFiles/STM32F103C8T6.elf.dir/Middlewares/Third_Party/FreeRTOS/Source/tasks.c.obj
 .bss.uxSchedulerSuspended
                0x20002380        0x4 CMakeFiles/STM32F103C8T6.elf.dir/Middlewares/Third_Party/FreeRTOS/Source/tasks.c.obj
 .bss.uxTaskNumber
                0x20002384        0x4 CMakeFiles/STM32F103C8T6.elf.dir/Middlewares/Third_Party/FreeRTOS/Source/tasks.c.obj
 .bss.uxTopReadyPriority
                0x20002388        0x4 CMakeFiles/STM32F103C8T6.elf.dir/Middlewares/Third_Party/FreeRTOS/Source/tasks.c.obj
 .bss.xDelayedTaskList1
                0x2000238c       0x14 CMakeFiles/STM32F103C8T6.elf.dir/Middlewares/Third_Party/FreeRTOS/Source/tasks.c.obj
 .bss.xDelayedTaskList2
                0x200023a0       0x14 CMakeFiles/STM32F103C8T6.elf.dir/Middlewares/Third_Party/FreeRTOS/Source/tasks.c.obj
 .bss.xIdleTaskHandle
                0x200023b4        0x4 CMakeFiles/STM32F103C8T6.elf.dir/Middlewares/Third_Party/FreeRTOS/Source/tasks.c.obj
 .bss.xNextTaskUnblockTime
                0x200023b8        0x4 CMakeFiles/STM32F103C8T6.elf.dir/Middlewares/Third_Party/FreeRTOS/Source/tasks.c.obj
 .bss.xNumOfOverflows
                0x200023bc        0x4 CMakeFiles/STM32F103C8T6.elf.dir/Middlewares/Third_Party/FreeRTOS/Source/tasks.c.obj
 .bss.xPendingReadyList
                0x200023c0       0x14 CMakeFiles/STM32F103C8T6.elf.dir/Middlewares/Third_Party/FreeRTOS/Source/tasks.c.obj
 .bss.xSchedulerRunning
                0x200023d4        0x4 CMakeFiles/STM32F103C8T6.elf.dir/Middlewares/Third_Party/FreeRTOS/Source/tasks.c.obj
 .bss.xSuspendedTaskList
                0x200023d8       0x14 CMakeFiles/STM32F103C8T6.elf.dir/Middlewares/Third_Party/FreeRTOS/Source/tasks.c.obj
 .bss.xTasksWaitingTermination
                0x200023ec       0x14 CMakeFiles/STM32F103C8T6.elf.dir/Middlewares/Third_Party/FreeRTOS/Source/tasks.c.obj
 .bss.xTickCount
                0x20002400        0x4 CMakeFiles/STM32F103C8T6.elf.dir/Middlewares/Third_Party/FreeRTOS/Source/tasks.c.obj
 .bss.xYieldPending
                0x20002404        0x4 CMakeFiles/STM32F103C8T6.elf.dir/Middlewares/Third_Party/FreeRTOS/Source/tasks.c.obj
 .bss.pxCurrentTimerList
                0x20002408        0x4 CMakeFiles/STM32F103C8T6.elf.dir/Middlewares/Third_Party/FreeRTOS/Source/timers.c.obj
 .bss.pxOverflowTimerList
                0x2000240c        0x4 CMakeFiles/STM32F103C8T6.elf.dir/Middlewares/Third_Party/FreeRTOS/Source/timers.c.obj
 .bss.ucStaticTimerQueueStorage.1
                0x20002410       0xa0 CMakeFiles/STM32F103C8T6.elf.dir/Middlewares/Third_Party/FreeRTOS/Source/timers.c.obj
 .bss.xActiveTimerList1
                0x200024b0       0x14 CMakeFiles/STM32F103C8T6.elf.dir/Middlewares/Third_Party/FreeRTOS/Source/timers.c.obj
 .bss.xActiveTimerList2
                0x200024c4       0x14 CMakeFiles/STM32F103C8T6.elf.dir/Middlewares/Third_Party/FreeRTOS/Source/timers.c.obj
 .bss.xLastTime.2
                0x200024d8        0x4 CMakeFiles/STM32F103C8T6.elf.dir/Middlewares/Third_Party/FreeRTOS/Source/timers.c.obj
 .bss.xStaticTimerQueue.0
                0x200024dc       0x50 CMakeFiles/STM32F103C8T6.elf.dir/Middlewares/Third_Party/FreeRTOS/Source/timers.c.obj
 .bss.xTimerQueue
                0x2000252c        0x4 CMakeFiles/STM32F103C8T6.elf.dir/Middlewares/Third_Party/FreeRTOS/Source/timers.c.obj
 .bss.xTimerTaskHandle
                0x20002530        0x4 CMakeFiles/STM32F103C8T6.elf.dir/Middlewares/Third_Party/FreeRTOS/Source/timers.c.obj
 .bss.__lock___atexit_recursive_mutex
                0x20002534        0x1 f:/toolchains/arm-none-eabi-gcc/bin/../lib/gcc/arm-none-eabi/10.3.1/../../../../arm-none-eabi/lib/thumb/v7-m/nofp\libg.a(lib_a-lock.o)
                0x20002534                __lock___atexit_recursive_mutex
 *fill*         0x20002535        0x3 
 .bss.__lock___malloc_recursive_mutex
                0x20002538        0x1 f:/toolchains/arm-none-eabi-gcc/bin/../lib/gcc/arm-none-eabi/10.3.1/../../../../arm-none-eabi/lib/thumb/v7-m/nofp\libg.a(lib_a-lock.o)
                0x20002538                __lock___malloc_recursive_mutex
 *fill*         0x20002539        0x3 
 .bss.__lock___sfp_recursive_mutex
                0x2000253c        0x1 f:/toolchains/arm-none-eabi-gcc/bin/../lib/gcc/arm-none-eabi/10.3.1/../../../../arm-none-eabi/lib/thumb/v7-m/nofp\libg.a(lib_a-lock.o)
                0x2000253c                __lock___sfp_recursive_mutex
 *fill*         0x2000253d        0x3 
 .bss.__lock___sinit_recursive_mutex
                0x20002540        0x1 f:/toolchains/arm-none-eabi-gcc/bin/../lib/gcc/arm-none-eabi/10.3.1/../../../../arm-none-eabi/lib/thumb/v7-m/nofp\libg.a(lib_a-lock.o)
                0x20002540                __lock___sinit_recursive_mutex
 *fill*         0x20002541        0x3 
 .bss.__malloc_current_mallinfo
                0x20002544       0x28 f:/toolchains/arm-none-eabi-gcc/bin/../lib/gcc/arm-none-eabi/10.3.1/../../../../arm-none-eabi/lib/thumb/v7-m/nofp\libg.a(lib_a-mallocr.o)
                0x20002544                __malloc_current_mallinfo
 .bss.__malloc_max_sbrked_mem
                0x2000256c        0x4 f:/toolchains/arm-none-eabi-gcc/bin/../lib/gcc/arm-none-eabi/10.3.1/../../../../arm-none-eabi/lib/thumb/v7-m/nofp\libg.a(lib_a-mallocr.o)
                0x2000256c                __malloc_max_sbrked_mem
 .bss.__malloc_max_total_mem
                0x20002570        0x4 f:/toolchains/arm-none-eabi-gcc/bin/../lib/gcc/arm-none-eabi/10.3.1/../../../../arm-none-eabi/lib/thumb/v7-m/nofp\libg.a(lib_a-mallocr.o)
                0x20002570                __malloc_max_total_mem
 .bss.__malloc_top_pad
                0x20002574        0x4 f:/toolchains/arm-none-eabi-gcc/bin/../lib/gcc/arm-none-eabi/10.3.1/../../../../arm-none-eabi/lib/thumb/v7-m/nofp\libg.a(lib_a-mallocr.o)
                0x20002574                __malloc_top_pad
 .bss.errno     0x20002578        0x4 f:/toolchains/arm-none-eabi-gcc/bin/../lib/gcc/arm-none-eabi/10.3.1/../../../../arm-none-eabi/lib/thumb/v7-m/nofp\libg.a(lib_a-reent.o)
                0x20002578                errno
 *(COMMON)
                0x2000257c                . = ALIGN (0x4)
                0x2000257c                _ebss = .
                0x2000257c                __bss_end__ = _ebss

._user_heap_stack
                0x2000257c      0x604 load address 0x0800b09c
                0x20002580                . = ALIGN (0x8)
 *fill*         0x2000257c        0x4 
                0x20002580                PROVIDE (end = .)
                [!provide]                PROVIDE (_end = .)
                0x20002780                . = (. + _Min_Heap_Size)
 *fill*         0x20002580      0x200 
                0x20002b80                . = (. + _Min_Stack_Size)
 *fill*         0x20002780      0x400 
                0x20002b80                . = ALIGN (0x8)

/DISCARD/
 libc.a(*)
 libm.a(*)
 libgcc.a(*)

.ARM.attributes
                0x00000000       0x29
 *(.ARM.attributes)
 .ARM.attributes
                0x00000000       0x1d f:/toolchains/arm-none-eabi-gcc/bin/../lib/gcc/arm-none-eabi/10.3.1/thumb/v7-m/nofp/crti.o
 .ARM.attributes
                0x0000001d       0x2d f:/toolchains/arm-none-eabi-gcc/bin/../lib/gcc/arm-none-eabi/10.3.1/thumb/v7-m/nofp/crtbegin.o
 .ARM.attributes
                0x0000004a       0x2d CMakeFiles/STM32F103C8T6.elf.dir/Core/Src/main.c.obj
 .ARM.attributes
                0x00000077       0x2d CMakeFiles/STM32F103C8T6.elf.dir/Core/Src/stm32f1xx_hal_msp.c.obj
 .ARM.attributes
                0x000000a4       0x2d CMakeFiles/STM32F103C8T6.elf.dir/Core/Src/stm32f1xx_it.c.obj
 .ARM.attributes
                0x000000d1       0x2d CMakeFiles/STM32F103C8T6.elf.dir/Core/Src/syscalls.c.obj
 .ARM.attributes
                0x000000fe       0x2d CMakeFiles/STM32F103C8T6.elf.dir/Core/Src/system_stm32f1xx.c.obj
 .ARM.attributes
                0x0000012b       0x2d CMakeFiles/STM32F103C8T6.elf.dir/Core/Src/tapSex.c.obj
 .ARM.attributes
                0x00000158       0x2d CMakeFiles/STM32F103C8T6.elf.dir/Drivers/STM32F1xx_HAL_Driver/Src/stm32f1xx_hal.c.obj
 .ARM.attributes
                0x00000185       0x2d CMakeFiles/STM32F103C8T6.elf.dir/Drivers/STM32F1xx_HAL_Driver/Src/stm32f1xx_hal_cortex.c.obj
 .ARM.attributes
                0x000001b2       0x2d CMakeFiles/STM32F103C8T6.elf.dir/Drivers/STM32F1xx_HAL_Driver/Src/stm32f1xx_hal_gpio.c.obj
 .ARM.attributes
                0x000001df       0x2d CMakeFiles/STM32F103C8T6.elf.dir/Drivers/STM32F1xx_HAL_Driver/Src/stm32f1xx_hal_rcc.c.obj
 .ARM.attributes
                0x0000020c       0x2d CMakeFiles/STM32F103C8T6.elf.dir/Drivers/STM32F1xx_HAL_Driver/Src/stm32f1xx_hal_tim.c.obj
 .ARM.attributes
                0x00000239       0x2d CMakeFiles/STM32F103C8T6.elf.dir/Drivers/STM32F1xx_HAL_Driver/Src/stm32f1xx_hal_tim_ex.c.obj
 .ARM.attributes
                0x00000266       0x2d CMakeFiles/STM32F103C8T6.elf.dir/Drivers/STM32F1xx_HAL_Driver/Src/stm32f1xx_hal_uart.c.obj
 .ARM.attributes
                0x00000293       0x2d CMakeFiles/STM32F103C8T6.elf.dir/Middlewares/Third_Party/FreeRTOS/Source/CMSIS_RTOS_V2/cmsis_os2.c.obj
 .ARM.attributes
                0x000002c0       0x2d CMakeFiles/STM32F103C8T6.elf.dir/Middlewares/Third_Party/FreeRTOS/Source/list.c.obj
 .ARM.attributes
                0x000002ed       0x2d CMakeFiles/STM32F103C8T6.elf.dir/Middlewares/Third_Party/FreeRTOS/Source/portable/GCC/ARM_CM3/port.c.obj
 .ARM.attributes
                0x0000031a       0x2d CMakeFiles/STM32F103C8T6.elf.dir/Middlewares/Third_Party/FreeRTOS/Source/portable/MemMang/heap_4.c.obj
 .ARM.attributes
                0x00000347       0x2d CMakeFiles/STM32F103C8T6.elf.dir/Middlewares/Third_Party/FreeRTOS/Source/queue.c.obj
 .ARM.attributes
                0x00000374       0x2d CMakeFiles/STM32F103C8T6.elf.dir/Middlewares/Third_Party/FreeRTOS/Source/tasks.c.obj
 .ARM.attributes
                0x000003a1       0x2d CMakeFiles/STM32F103C8T6.elf.dir/Middlewares/Third_Party/FreeRTOS/Source/timers.c.obj
 .ARM.attributes
                0x000003ce       0x21 CMakeFiles/STM32F103C8T6.elf.dir/startup/startup_stm32f103xb.s.obj
 .ARM.attributes
                0x000003ef       0x2d f:/toolchains/arm-none-eabi-gcc/bin/../lib/gcc/arm-none-eabi/10.3.1/../../../../arm-none-eabi/lib/thumb/v7-m/nofp\libg.a(lib_a-errno.o)
 .ARM.attributes
                0x0000041c       0x2d f:/toolchains/arm-none-eabi-gcc/bin/../lib/gcc/arm-none-eabi/10.3.1/../../../../arm-none-eabi/lib/thumb/v7-m/nofp\libg.a(lib_a-impure.o)
 .ARM.attributes
                0x00000449       0x2d f:/toolchains/arm-none-eabi-gcc/bin/../lib/gcc/arm-none-eabi/10.3.1/../../../../arm-none-eabi/lib/thumb/v7-m/nofp\libg.a(lib_a-init.o)
 .ARM.attributes
                0x00000476       0x1b f:/toolchains/arm-none-eabi-gcc/bin/../lib/gcc/arm-none-eabi/10.3.1/../../../../arm-none-eabi/lib/thumb/v7-m/nofp\libg.a(lib_a-memcpy.o)
 .ARM.attributes
                0x00000491       0x2d f:/toolchains/arm-none-eabi-gcc/bin/../lib/gcc/arm-none-eabi/10.3.1/../../../../arm-none-eabi/lib/thumb/v7-m/nofp\libg.a(lib_a-memset.o)
 .ARM.attributes
                0x000004be       0x2d f:/toolchains/arm-none-eabi-gcc/bin/../lib/gcc/arm-none-eabi/10.3.1/../../../../arm-none-eabi/lib/thumb/v7-m/nofp\libg.a(lib_a-printf.o)
 .ARM.attributes
                0x000004eb       0x2d f:/toolchains/arm-none-eabi-gcc/bin/../lib/gcc/arm-none-eabi/10.3.1/../../../../arm-none-eabi/lib/thumb/v7-m/nofp\libg.a(lib_a-vfprintf.o)
 .ARM.attributes
                0x00000518       0x2d f:/toolchains/arm-none-eabi-gcc/bin/../lib/gcc/arm-none-eabi/10.3.1/../../../../arm-none-eabi/lib/thumb/v7-m/nofp\libg.a(lib_a-wsetup.o)
 .ARM.attributes
                0x00000545       0x2d f:/toolchains/arm-none-eabi-gcc/bin/../lib/gcc/arm-none-eabi/10.3.1/../../../../arm-none-eabi/lib/thumb/v7-m/nofp\libg.a(lib_a-__call_atexit.o)
 .ARM.attributes
                0x00000572       0x2d f:/toolchains/arm-none-eabi-gcc/bin/../lib/gcc/arm-none-eabi/10.3.1/../../../../arm-none-eabi/lib/thumb/v7-m/nofp\libg.a(lib_a-atexit.o)
 .ARM.attributes
                0x0000059f       0x2d f:/toolchains/arm-none-eabi-gcc/bin/../lib/gcc/arm-none-eabi/10.3.1/../../../../arm-none-eabi/lib/thumb/v7-m/nofp\libg.a(lib_a-dtoa.o)
 .ARM.attributes
                0x000005cc       0x2d f:/toolchains/arm-none-eabi-gcc/bin/../lib/gcc/arm-none-eabi/10.3.1/../../../../arm-none-eabi/lib/thumb/v7-m/nofp\libg.a(lib_a-fflush.o)
 .ARM.attributes
                0x000005f9       0x2d f:/toolchains/arm-none-eabi-gcc/bin/../lib/gcc/arm-none-eabi/10.3.1/../../../../arm-none-eabi/lib/thumb/v7-m/nofp\libg.a(lib_a-findfp.o)
 .ARM.attributes
                0x00000626       0x2d f:/toolchains/arm-none-eabi-gcc/bin/../lib/gcc/arm-none-eabi/10.3.1/../../../../arm-none-eabi/lib/thumb/v7-m/nofp\libg.a(lib_a-fini.o)
 .ARM.attributes
                0x00000653       0x2d f:/toolchains/arm-none-eabi-gcc/bin/../lib/gcc/arm-none-eabi/10.3.1/../../../../arm-none-eabi/lib/thumb/v7-m/nofp\libg.a(lib_a-freer.o)
 .ARM.attributes
                0x00000680       0x2d f:/toolchains/arm-none-eabi-gcc/bin/../lib/gcc/arm-none-eabi/10.3.1/../../../../arm-none-eabi/lib/thumb/v7-m/nofp\libg.a(lib_a-fwalk.o)
 .ARM.attributes
                0x000006ad       0x2d f:/toolchains/arm-none-eabi-gcc/bin/../lib/gcc/arm-none-eabi/10.3.1/../../../../arm-none-eabi/lib/thumb/v7-m/nofp\libg.a(lib_a-localeconv.o)
 .ARM.attributes
                0x000006da       0x2d f:/toolchains/arm-none-eabi-gcc/bin/../lib/gcc/arm-none-eabi/10.3.1/../../../../arm-none-eabi/lib/thumb/v7-m/nofp\libg.a(lib_a-lock.o)
 .ARM.attributes
                0x00000707       0x2d f:/toolchains/arm-none-eabi-gcc/bin/../lib/gcc/arm-none-eabi/10.3.1/../../../../arm-none-eabi/lib/thumb/v7-m/nofp\libg.a(lib_a-makebuf.o)
 .ARM.attributes
                0x00000734       0x2d f:/toolchains/arm-none-eabi-gcc/bin/../lib/gcc/arm-none-eabi/10.3.1/../../../../arm-none-eabi/lib/thumb/v7-m/nofp\libg.a(lib_a-mallocr.o)
 .ARM.attributes
                0x00000761       0x2d f:/toolchains/arm-none-eabi-gcc/bin/../lib/gcc/arm-none-eabi/10.3.1/../../../../arm-none-eabi/lib/thumb/v7-m/nofp\libg.a(lib_a-memchr-stub.o)
 .ARM.attributes
                0x0000078e       0x2d f:/toolchains/arm-none-eabi-gcc/bin/../lib/gcc/arm-none-eabi/10.3.1/../../../../arm-none-eabi/lib/thumb/v7-m/nofp\libg.a(lib_a-mlock.o)
 .ARM.attributes
                0x000007bb       0x2d f:/toolchains/arm-none-eabi-gcc/bin/../lib/gcc/arm-none-eabi/10.3.1/../../../../arm-none-eabi/lib/thumb/v7-m/nofp\libg.a(lib_a-mprec.o)
 .ARM.attributes
                0x000007e8       0x2d f:/toolchains/arm-none-eabi-gcc/bin/../lib/gcc/arm-none-eabi/10.3.1/../../../../arm-none-eabi/lib/thumb/v7-m/nofp\libg.a(lib_a-s_frexp.o)
 .ARM.attributes
                0x00000815       0x2d f:/toolchains/arm-none-eabi-gcc/bin/../lib/gcc/arm-none-eabi/10.3.1/../../../../arm-none-eabi/lib/thumb/v7-m/nofp\libg.a(lib_a-sbrkr.o)
 .ARM.attributes
                0x00000842       0x2d f:/toolchains/arm-none-eabi-gcc/bin/../lib/gcc/arm-none-eabi/10.3.1/../../../../arm-none-eabi/lib/thumb/v7-m/nofp\libg.a(lib_a-stdio.o)
 .ARM.attributes
                0x0000086f       0x2d f:/toolchains/arm-none-eabi-gcc/bin/../lib/gcc/arm-none-eabi/10.3.1/../../../../arm-none-eabi/lib/thumb/v7-m/nofp\libg.a(lib_a-strlen-stub.o)
 .ARM.attributes
                0x0000089c       0x2d f:/toolchains/arm-none-eabi-gcc/bin/../lib/gcc/arm-none-eabi/10.3.1/../../../../arm-none-eabi/lib/thumb/v7-m/nofp\libg.a(lib_a-strncpy.o)
 .ARM.attributes
                0x000008c9       0x2d f:/toolchains/arm-none-eabi-gcc/bin/../lib/gcc/arm-none-eabi/10.3.1/../../../../arm-none-eabi/lib/thumb/v7-m/nofp\libg.a(lib_a-vfiprintf.o)
 .ARM.attributes
                0x000008f6       0x2d f:/toolchains/arm-none-eabi-gcc/bin/../lib/gcc/arm-none-eabi/10.3.1/../../../../arm-none-eabi/lib/thumb/v7-m/nofp\libg.a(lib_a-writer.o)
 .ARM.attributes
                0x00000923       0x2d f:/toolchains/arm-none-eabi-gcc/bin/../lib/gcc/arm-none-eabi/10.3.1/../../../../arm-none-eabi/lib/thumb/v7-m/nofp\libg.a(lib_a-__atexit.o)
 .ARM.attributes
                0x00000950       0x2d f:/toolchains/arm-none-eabi-gcc/bin/../lib/gcc/arm-none-eabi/10.3.1/../../../../arm-none-eabi/lib/thumb/v7-m/nofp\libg.a(lib_a-assert.o)
 .ARM.attributes
                0x0000097d       0x2d f:/toolchains/arm-none-eabi-gcc/bin/../lib/gcc/arm-none-eabi/10.3.1/../../../../arm-none-eabi/lib/thumb/v7-m/nofp\libg.a(lib_a-callocr.o)
 .ARM.attributes
                0x000009aa       0x2d f:/toolchains/arm-none-eabi-gcc/bin/../lib/gcc/arm-none-eabi/10.3.1/../../../../arm-none-eabi/lib/thumb/v7-m/nofp\libg.a(lib_a-closer.o)
 .ARM.attributes
                0x000009d7       0x2d f:/toolchains/arm-none-eabi-gcc/bin/../lib/gcc/arm-none-eabi/10.3.1/../../../../arm-none-eabi/lib/thumb/v7-m/nofp\libg.a(lib_a-fclose.o)
 .ARM.attributes
                0x00000a04       0x2d f:/toolchains/arm-none-eabi-gcc/bin/../lib/gcc/arm-none-eabi/10.3.1/../../../../arm-none-eabi/lib/thumb/v7-m/nofp\libg.a(lib_a-fiprintf.o)
 .ARM.attributes
                0x00000a31       0x2d f:/toolchains/arm-none-eabi-gcc/bin/../lib/gcc/arm-none-eabi/10.3.1/../../../../arm-none-eabi/lib/thumb/v7-m/nofp\libg.a(lib_a-fputwc.o)
 .ARM.attributes
                0x00000a5e       0x2d f:/toolchains/arm-none-eabi-gcc/bin/../lib/gcc/arm-none-eabi/10.3.1/../../../../arm-none-eabi/lib/thumb/v7-m/nofp\libg.a(lib_a-fstatr.o)
 .ARM.attributes
                0x00000a8b       0x2d f:/toolchains/arm-none-eabi-gcc/bin/../lib/gcc/arm-none-eabi/10.3.1/../../../../arm-none-eabi/lib/thumb/v7-m/nofp\libg.a(lib_a-fvwrite.o)
 .ARM.attributes
                0x00000ab8       0x2d f:/toolchains/arm-none-eabi-gcc/bin/../lib/gcc/arm-none-eabi/10.3.1/../../../../arm-none-eabi/lib/thumb/v7-m/nofp\libg.a(lib_a-isattyr.o)
 .ARM.attributes
                0x00000ae5       0x2d f:/toolchains/arm-none-eabi-gcc/bin/../lib/gcc/arm-none-eabi/10.3.1/../../../../arm-none-eabi/lib/thumb/v7-m/nofp\libg.a(lib_a-locale.o)
 .ARM.attributes
                0x00000b12       0x2d f:/toolchains/arm-none-eabi-gcc/bin/../lib/gcc/arm-none-eabi/10.3.1/../../../../arm-none-eabi/lib/thumb/v7-m/nofp\libg.a(lib_a-lseekr.o)
 .ARM.attributes
                0x00000b3f       0x2d f:/toolchains/arm-none-eabi-gcc/bin/../lib/gcc/arm-none-eabi/10.3.1/../../../../arm-none-eabi/lib/thumb/v7-m/nofp\libg.a(lib_a-mbtowc_r.o)
 .ARM.attributes
                0x00000b6c       0x2d f:/toolchains/arm-none-eabi-gcc/bin/../lib/gcc/arm-none-eabi/10.3.1/../../../../arm-none-eabi/lib/thumb/v7-m/nofp\libg.a(lib_a-memmove.o)
 .ARM.attributes
                0x00000b99       0x2d f:/toolchains/arm-none-eabi-gcc/bin/../lib/gcc/arm-none-eabi/10.3.1/../../../../arm-none-eabi/lib/thumb/v7-m/nofp\libg.a(lib_a-readr.o)
 .ARM.attributes
                0x00000bc6       0x2d f:/toolchains/arm-none-eabi-gcc/bin/../lib/gcc/arm-none-eabi/10.3.1/../../../../arm-none-eabi/lib/thumb/v7-m/nofp\libg.a(lib_a-reallocr.o)
 .ARM.attributes
                0x00000bf3       0x2d f:/toolchains/arm-none-eabi-gcc/bin/../lib/gcc/arm-none-eabi/10.3.1/../../../../arm-none-eabi/lib/thumb/v7-m/nofp\libg.a(lib_a-reent.o)
 .ARM.attributes
                0x00000c20       0x2d f:/toolchains/arm-none-eabi-gcc/bin/../lib/gcc/arm-none-eabi/10.3.1/../../../../arm-none-eabi/lib/thumb/v7-m/nofp\libg.a(lib_a-wbuf.o)
 .ARM.attributes
                0x00000c4d       0x2d f:/toolchains/arm-none-eabi-gcc/bin/../lib/gcc/arm-none-eabi/10.3.1/../../../../arm-none-eabi/lib/thumb/v7-m/nofp\libg.a(lib_a-wcrtomb.o)
 .ARM.attributes
                0x00000c7a       0x2d f:/toolchains/arm-none-eabi-gcc/bin/../lib/gcc/arm-none-eabi/10.3.1/../../../../arm-none-eabi/lib/thumb/v7-m/nofp\libg.a(lib_a-wctomb_r.o)
 .ARM.attributes