Archive member included to satisfy reference by file (symbol)

f:/toolchains/arm-none-eabi-gcc/bin/../lib/gcc/arm-none-eabi/10.3.1/../../../../arm-none-eabi/lib/thumb/v7-m/nofp\libg.a(lib_a-errno.o)
                              CMakeFiles/STM32F103C8T6.elf.dir/Core/Src/syscalls.c.obj (__errno)
f:/toolchains/arm-none-eabi-gcc/bin/../lib/gcc/arm-none-eabi/10.3.1/../../../../arm-none-eabi/lib/thumb/v7-m/nofp\libg.a(lib_a-exit.o)
                              f:/toolchains/arm-none-eabi-gcc/bin/../lib/gcc/arm-none-eabi/10.3.1/../../../../arm-none-eabi/lib/thumb/v7-m/nofp/crt0.o (exit)
f:/toolchains/arm-none-eabi-gcc/bin/../lib/gcc/arm-none-eabi/10.3.1/../../../../arm-none-eabi/lib/thumb/v7-m/nofp\libg.a(lib_a-impure.o)
                              f:/toolchains/arm-none-eabi-gcc/bin/../lib/gcc/arm-none-eabi/10.3.1/../../../../arm-none-eabi/lib/thumb/v7-m/nofp\libg.a(lib_a-exit.o) (_global_impure_ptr)
f:/toolchains/arm-none-eabi-gcc/bin/../lib/gcc/arm-none-eabi/10.3.1/../../../../arm-none-eabi/lib/thumb/v7-m/nofp\libg.a(lib_a-init.o)
                              f:/toolchains/arm-none-eabi-gcc/bin/../lib/gcc/arm-none-eabi/10.3.1/../../../../arm-none-eabi/lib/thumb/v7-m/nofp/crt0.o (__libc_init_array)
f:/toolchains/arm-none-eabi-gcc/bin/../lib/gcc/arm-none-eabi/10.3.1/../../../../arm-none-eabi/lib/thumb/v7-m/nofp\libg.a(lib_a-memcpy.o)
                              CMakeFiles/STM32F103C8T6.elf.dir/Core/Src/tapSex.c.obj (memcpy)
f:/toolchains/arm-none-eabi-gcc/bin/../lib/gcc/arm-none-eabi/10.3.1/../../../../arm-none-eabi/lib/thumb/v7-m/nofp\libg.a(lib_a-memset.o)
                              f:/toolchains/arm-none-eabi-gcc/bin/../lib/gcc/arm-none-eabi/10.3.1/../../../../arm-none-eabi/lib/thumb/v7-m/nofp/crt0.o (memset)
f:/toolchains/arm-none-eabi-gcc/bin/../lib/gcc/arm-none-eabi/10.3.1/../../../../arm-none-eabi/lib/thumb/v7-m/nofp\libg.a(lib_a-printf.o)
                              CMakeFiles/STM32F103C8T6.elf.dir/Core/Src/tapSex.c.obj (printf)
f:/toolchains/arm-none-eabi-gcc/bin/../lib/gcc/arm-none-eabi/10.3.1/../../../../arm-none-eabi/lib/thumb/v7-m/nofp\libg.a(lib_a-vfprintf.o)
                              f:/toolchains/arm-none-eabi-gcc/bin/../lib/gcc/arm-none-eabi/10.3.1/../../../../arm-none-eabi/lib/thumb/v7-m/nofp\libg.a(lib_a-printf.o) (_vfprintf_r)
f:/toolchains/arm-none-eabi-gcc/bin/../lib/gcc/arm-none-eabi/10.3.1/../../../../arm-none-eabi/lib/thumb/v7-m/nofp\libg.a(lib_a-wsetup.o)
                              f:/toolchains/arm-none-eabi-gcc/bin/../lib/gcc/arm-none-eabi/10.3.1/../../../../arm-none-eabi/lib/thumb/v7-m/nofp\libg.a(lib_a-vfprintf.o) (__swsetup_r)
f:/toolchains/arm-none-eabi-gcc/bin/../lib/gcc/arm-none-eabi/10.3.1/../../../../arm-none-eabi/lib/thumb/v7-m/nofp\libg.a(lib_a-__call_atexit.o)
                              f:/toolchains/arm-none-eabi-gcc/bin/../lib/gcc/arm-none-eabi/10.3.1/../../../../arm-none-eabi/lib/thumb/v7-m/nofp\libg.a(lib_a-exit.o) (__call_exitprocs)
f:/toolchains/arm-none-eabi-gcc/bin/../lib/gcc/arm-none-eabi/10.3.1/../../../../arm-none-eabi/lib/thumb/v7-m/nofp\libg.a(lib_a-atexit.o)
                              f:/toolchains/arm-none-eabi-gcc/bin/../lib/gcc/arm-none-eabi/10.3.1/../../../../arm-none-eabi/lib/thumb/v7-m/nofp\libg.a(lib_a-__call_atexit.o) (atexit)
f:/toolchains/arm-none-eabi-gcc/bin/../lib/gcc/arm-none-eabi/10.3.1/../../../../arm-none-eabi/lib/thumb/v7-m/nofp\libg.a(lib_a-dtoa.o)
                              f:/toolchains/arm-none-eabi-gcc/bin/../lib/gcc/arm-none-eabi/10.3.1/../../../../arm-none-eabi/lib/thumb/v7-m/nofp\libg.a(lib_a-vfprintf.o) (_dtoa_r)
f:/toolchains/arm-none-eabi-gcc/bin/../lib/gcc/arm-none-eabi/10.3.1/../../../../arm-none-eabi/lib/thumb/v7-m/nofp\libg.a(lib_a-fflush.o)
                              f:/toolchains/arm-none-eabi-gcc/bin/../lib/gcc/arm-none-eabi/10.3.1/../../../../arm-none-eabi/lib/thumb/v7-m/nofp\libg.a(lib_a-vfprintf.o) (_fflush_r)
f:/toolchains/arm-none-eabi-gcc/bin/../lib/gcc/arm-none-eabi/10.3.1/../../../../arm-none-eabi/lib/thumb/v7-m/nofp\libg.a(lib_a-findfp.o)
                              f:/toolchains/arm-none-eabi-gcc/bin/../lib/gcc/arm-none-eabi/10.3.1/../../../../arm-none-eabi/lib/thumb/v7-m/nofp\libg.a(lib_a-vfprintf.o) (__sinit)
f:/toolchains/arm-none-eabi-gcc/bin/../lib/gcc/arm-none-eabi/10.3.1/../../../../arm-none-eabi/lib/thumb/v7-m/nofp\libg.a(lib_a-fini.o)
                              f:/toolchains/arm-none-eabi-gcc/bin/../lib/gcc/arm-none-eabi/10.3.1/../../../../arm-none-eabi/lib/thumb/v7-m/nofp\libg.a(lib_a-__call_atexit.o) (__libc_fini_array)
f:/toolchains/arm-none-eabi-gcc/bin/../lib/gcc/arm-none-eabi/10.3.1/../../../../arm-none-eabi/lib/thumb/v7-m/nofp\libg.a(lib_a-freer.o)
                              f:/toolchains/arm-none-eabi-gcc/bin/../lib/gcc/arm-none-eabi/10.3.1/../../../../arm-none-eabi/lib/thumb/v7-m/nofp\libg.a(lib_a-vfprintf.o) (_free_r)
f:/toolchains/arm-none-eabi-gcc/bin/../lib/gcc/arm-none-eabi/10.3.1/../../../../arm-none-eabi/lib/thumb/v7-m/nofp\libg.a(lib_a-fwalk.o)
[...]
Memory Configuration

Name             Origin             Length             Attributes
RAM              0x20000000         0x00005000         xrw
FLASH            0x08000000         0x00010000         xr
*default*        0x00000000         0xffffffff

Linker script and memory map

LOAD f:/toolchains/arm-none-eabi-gcc/bin/../lib/gcc/arm-none-eabi/10.3.1/thumb/v7-m/nofp/crti.o
LOAD f:/toolchains/arm-none-eabi-gcc/bin/../lib/gcc/arm-none-eabi/10.3.1/thumb/v7-m/nofp/crtbegin.o
LOAD f:/toolchains/arm-none-eabi-gcc/bin/../lib/gcc/arm-none-eabi/10.3.1/../../../../arm-none-eabi/lib/thumb/v7-m/nofp/crt0.o
LOAD CMakeFiles/STM32F103C8T6.elf.dir/Core/Src/freertos.c.obj
LOAD CMakeFiles/STM32F103C8T6.elf.dir/Core/Src/main.c.obj
LOAD CMakeFiles/STM32F103C8T6.elf.dir/Core/Src/stm32f1xx_hal_msp.c.obj
LOAD CMakeFiles/STM32F103C8T6.elf.dir/Core/Src/stm32f1xx_it.c.obj
LOAD CMakeFiles/STM32F103C8T6.elf.dir/Core/Src/syscalls.c.obj
LOAD CMakeFiles/STM32F103C8T6.elf.dir/Core/Src/system_stm32f1xx.c.obj
LOAD CMakeFiles/STM32F103C8T6.elf.dir/Core/Src/tapSex.c.obj
LOAD CMakeFiles/STM32F103C8T6.elf.dir/Drivers/STM32F1xx_HAL_Driver/Src/stm32f1xx_hal.c.obj
LOAD CMakeFiles/STM32F103C8T6.elf.dir/Drivers/STM32F1xx_HAL_Driver/Src/stm32f1xx_hal_cortex.c.obj
LOAD CMakeFiles/STM32F103C8T6.elf.dir/Drivers/STM32F1xx_HAL_Driver/Src/stm32f1xx_hal_dma.c.obj
LOAD CMakeFiles/STM32F103C8T6.elf.dir/Drivers/STM32F1xx_HAL_Driver/Src/stm32f1xx_hal_exti.c.obj
LOAD CMakeFiles/STM32F103C8T6.elf.dir/Drivers/STM32F1xx_HAL_Driver/Src/stm32f1xx_hal_flash.c.obj
LOAD CMakeFiles/STM32F103C8T6.elf.dir/Drivers/STM32F1xx_HAL_Driver/Src/stm32f1xx_hal_flash_ex.c.obj
LOAD CMakeFiles/STM32F103C8T6.elf.dir/Drivers/STM32F1xx_HAL_Driver/Src/stm32f1xx_hal_gpio.c.obj
LOAD CMakeFiles/STM32F103C8T6.elf.dir/Drivers/STM32F1xx_HAL_Driver/Src/stm32f1xx_hal_gpio_ex.c.obj
LOAD CMakeFiles/STM32F103C8T6.elf.dir/Drivers/STM32F1xx_HAL_Driver/Src/stm32f1xx_hal_pwr.c.obj
LOAD CMakeFiles/STM32F103C8T6.elf.dir/Drivers/STM32F1xx_HAL_Driver/Src/stm32f1xx_hal_rcc.c.obj
LOAD CMakeFiles/STM32F103C8T6.elf.dir/Drivers/STM32F1xx_HAL_Driver/Src/stm32f1xx_hal_rcc_ex.c.obj
LOAD CMakeFiles/STM32F103C8T6.elf.dir/Drivers/STM32F1xx_HAL_Driver/Src/stm32f1xx_hal_spi.c.obj
LOAD CMakeFiles/STM32F103C8T6.elf.dir/Drivers/STM32F1xx_HAL_Driver/Src/stm32f1xx_hal_tim.c.obj
LOAD CMakeFiles/STM32F103C8T6.elf.dir/Drivers/STM32F1xx_HAL_Driver/Src/stm32f1xx_hal_tim_ex.c.obj
LOAD CMakeFiles/STM32F103C8T6.elf.dir/Drivers/STM32F1xx_HAL_Driver/Src/stm32f1xx_hal_uart.c.obj
LOAD CMakeFiles/STM32F103C8T6.elf.dir/Middlewares/Third_Party/FreeRTOS/Source/CMSIS_RTOS_V2/cmsis_os2.c.obj
LOAD CMakeFiles/STM32F103C8T6.elf.dir/Middlewares/Third_Party/FreeRTOS/Source/croutine.c.obj
LOAD CMakeFiles/STM32F103C8T6.elf.dir/Middlewares/Third_Party/FreeRTOS/Source/event_groups.c.obj
LOAD CMakeFiles/STM32F103C8T6.elf.dir/Middlewares/Third_Party/FreeRTOS/Source/list.c.obj
LOAD CMakeFiles/STM32F103C8T6.elf.dir/Middlewares/Third_Party/FreeRTOS/Source/portable/GCC/ARM_CM3/port.c.obj
LOAD CMakeFiles/STM32F103C8T6.elf.dir/Middlewares/Third_Party/FreeRTOS/Source/portable/MemMang/heap_4.c.obj
LOAD CMakeFiles/STM32F103C8T6.elf.dir/Middlewares/Third_Party/FreeRTOS/Source/queue.c.obj
LOAD CMakeFiles/STM32F103C8T6.elf.dir/Middlewares/Third_Party/FreeRTOS/Source/stream_buffer.c.obj
LOAD CMakeFiles/STM32F103C8T6.elf.dir/Middlewares/Third_Party/FreeRTOS/Source/tasks.c.obj
LOAD CMakeFiles/STM32F103C8T6.elf.dir/Middlewares/Third_Party/FreeRTOS/Source/timers.c.obj
LOAD CMakeFiles/STM32F103C8T6.elf.dir/startup/startup_stm32f103xb.s.obj
START GROUP
LOAD f:/toolchains/arm-none-eabi-gcc/bin/../lib/gcc/arm-none-eabi/10.3.1/thumb/v7-m/nofp\libgcc.a
LOAD f:/toolchains/arm-none-eabi-gcc/bin/../lib/gcc/arm-none-eabi/10.3.1/../../../../arm-none-eabi/lib/thumb/v7-m/nofp\libg.a
LOAD f:/toolchains/arm-none-eabi-gcc/bin/../lib/gcc/arm-none-eabi/10.3.1/../../../../arm-none-eabi/lib/thumb/v7-m/nofp\libc.a
END GROUP
LOAD f:/toolchains/arm-none-eabi-gcc/bin/../lib/gcc/arm-none-eabi/10.3.1/thumb/v7-m/nofp/crtend.o
LOAD f:/toolchains/arm-none-eabi-gcc/bin/../lib/gcc/arm-none-eabi/10.3.1/thumb/v7-m/nofp/crtn.o
                0x20005000                _estack = (ORIGIN (RAM) + LENGTH (RAM))
                0x00000200                _Min_Heap_Size = 0x200
                0x00000400                _Min_Stack_Size = 0x400

.isr_vector     0x08000000      0x10c
                0x08000000                . = ALIGN (0x4)
 *(.isr_vector)
 .isr_vector    0x08000000      0x10c CMakeFiles/STM32F103C8T6.elf.dir/startup/startup_stm32f103xb.s.obj
                0x08000000                g_pfnVectors
                0x0800010c                . = ALIGN (0x4)

.text           0x08000110     0xa294
                0x08000110                . = ALIGN (0x4)
 *(.text)
 .text          0x08000110       0x40 f:/toolchains/arm-none-eabi-gcc/bin/../lib/gcc/arm-none-eabi/10.3.1/thumb/v7-m/nofp/crtbegin.o
 .text          0x08000150       0xec f:/toolchains/arm-none-eabi-gcc/bin/../lib/gcc/arm-none-eabi/10.3.1/../../../../arm-none-eabi/lib/thumb/v7-m/nofp\libg.a(lib_a-memcpy.o)
                0x08000150                memcpy
 .text          0x0800023c      0x378 f:/toolchains/arm-none-eabi-gcc/bin/../lib/gcc/arm-none-eabi/10.3.1/thumb/v7-m/nofp\libgcc.a(_arm_addsubdf3.o)
                0x0800023c                __aeabi_drsub
                0x08000244                __aeabi_dsub
                0x08000244                __subdf3
                0x08000248                __aeabi_dadd
                0x08000248                __adddf3
                0x080004c0                __floatunsidf
                0x080004c0                __aeabi_ui2d
                0x080004e0                __floatsidf
                0x080004e0                __aeabi_i2d
                0x08000504                __aeabi_f2d
                0x08000504                __extendsfdf2
                0x08000548                __floatundidf
                0x08000548                __aeabi_ul2d
                0x08000558                __floatdidf
                0x08000558                __aeabi_l2d
 .text          0x080005b4      0x424 f:/toolchains/arm-none-eabi-gcc/bin/../lib/gcc/arm-none-eabi/10.3.1/thumb/v7-m/nofp\libgcc.a(_arm_muldivdf3.o)
                0x080005b4                __aeabi_dmul
                0x080005b4                __muldf3
                0x08000808                __divdf3
                0x08000808                __aeabi_ddiv
 .text          0x080009d8      0x110 f:/toolchains/arm-none-eabi-gcc/bin/../lib/gcc/arm-none-eabi/10.3.1/thumb/v7-m/nofp\libgcc.a(_arm_cmpdf2.o)
                0x080009d8                __gtdf2
                0x080009d8                __gedf2
                0x080009e0                __ltdf2
                0x080009e0                __ledf2
                0x080009e8                __nedf2
                0x080009e8                __eqdf2
                0x080009e8                __cmpdf2
                0x08000a64                __aeabi_cdrcmple
                0x08000a74                __aeabi_cdcmpeq
                0x08000a74                __aeabi_cdcmple
                0x08000a84                __aeabi_dcmpeq
                0x08000a98                __aeabi_dcmplt
                0x08000aac                __aeabi_dcmple
                0x08000ac0                __aeabi_dcmpge
                0x08000ad4                __aeabi_dcmpgt
 .text          0x08000ae8       0x2c f:/toolchains/arm-none-eabi-gcc/bin/../lib/gcc/arm-none-eabi/10.3.1/thumb/v7-m/nofp\libgcc.a(_arm_unorddf2.o)
                0x08000ae8                __unorddf2
                0x08000ae8                __aeabi_dcmpun
 .text          0x08000b14       0x50 f:/toolchains/arm-none-eabi-gcc/bin/../lib/gcc/arm-none-eabi/10.3.1/thumb/v7-m/nofp\libgcc.a(_arm_fixdfsi.o)
                0x08000b14                __aeabi_d2iz
                0x08000b14                __fixdfsi
 .text          0x08000b64       0x30 f:/toolchains/arm-none-eabi-gcc/bin/../lib/gcc/arm-none-eabi/10.3.1/thumb/v7-m/nofp\libgcc.a(_aeabi_uldivmod.o)
                0x08000b64                __aeabi_uldivmod
 .text          0x08000b94      0x2d4 f:/toolchains/arm-none-eabi-gcc/bin/../lib/gcc/arm-none-eabi/10.3.1/thumb/v7-m/nofp\libgcc.a(_udivmoddi4.o)
                0x08000b94                __udivmoddi4
 .text          0x08000e68        0x4 f:/toolchains/arm-none-eabi-gcc/bin/../lib/gcc/arm-none-eabi/10.3.1/thumb/v7-m/nofp\libgcc.a(_dvmd_tls.o)
                0x08000e68                __aeabi_idiv0
                0x08000e68                __aeabi_ldiv0
 *(.text*)
 .text.MX_GPIO_Init
                0x08000e6c       0xa8 CMakeFiles/STM32F103C8T6.elf.dir/Core/Src/main.c.obj
 .text.StartDefaultTask
                0x08000f14        0xa CMakeFiles/STM32F103C8T6.elf.dir/Core/Src/main.c.obj
                0x08000f14                StartDefaultTask
 .text.Error_Handler
                0x08000f1e        0x4 CMakeFiles/STM32F103C8T6.elf.dir/Core/Src/main.c.obj
                0x08000f1e                Error_Handler
 *fill*         0x08000f22        0x2 
 .text.MX_TIM4_Init
                0x08000f24       0xac CMakeFiles/STM32F103C8T6.elf.dir/Core/Src/main.c.obj
 .text.MX_USART1_UART_Init
                0x08000fd0       0x34 CMakeFiles/STM32F103C8T6.elf.dir/Core/Src/main.c.obj
 .text.MX_SPI1_Init
                0x08001004       0x44 CMakeFiles/STM32F103C8T6.elf.dir/Core/Src/main.c.obj
 .text.MX_TIM3_Init
                0x08001048       0xac CMakeFiles/STM32F103C8T6.elf.dir/Core/Src/main.c.obj
 .text.SystemClock_Config
                0x080010f4       0x52 CMakeFiles/STM32F103C8T6.elf.dir/Core/Src/main.c.obj
                0x080010f4                SystemClock_Config
 *fill*         0x08001146        0x2 
 .text.main     0x08001148       0xb0 CMakeFiles/STM32F103C8T6.elf.dir/Core/Src/main.c.obj
                0x08001148                main
 .text.HAL_MspInit
                0x080011f8       0x54 CMakeFiles/STM32F103C8T6.elf.dir/Core/Src/stm32f1xx_hal_msp.c.obj
                0x080011f8                HAL_MspInit
 .text.HAL_SPI_MspInit
                0x0800124c       0x74 CMakeFiles/STM32F103C8T6.elf.dir/Core/Src/stm32f1xx_hal_msp.c.obj
                0x0800124c                HAL_SPI_MspInit
 .text.HAL_TIM_PWM_MspInit
                0x080012c0       0x4c CMakeFiles/STM32F103C8T6.elf.dir/Core/Src/stm32f1xx_hal_msp.c.obj
                0x080012c0                HAL_TIM_PWM_MspInit
 .text.HAL_TIM_MspPostInit
                0x0800130c       0xa8 CMakeFiles/STM32F103C8T6.elf.dir/Core/Src/stm32f1xx_hal_msp.c.obj
                0x0800130c                HAL_TIM_MspPostInit
 .text.HAL_UART_MspInit
                0x080013b4       0x78 CMakeFiles/STM32F103C8T6.elf.dir/Core/Src/stm32f1xx_hal_msp.c.obj
                0x080013b4                HAL_UART_MspInit
 .text.NMI_Handler
                0x0800142c        0x2 CMakeFiles/STM32F103C8T6.elf.dir/Core/Src/stm32f1xx_it.c.obj
                0x0800142c                NMI_Handler
 .text.HardFault_Handler
                0x0800142e        0x2 CMakeFiles/STM32F103C8T6.elf.dir/Core/Src/stm32f1xx_it.c.obj
                0x0800142e                HardFault_Handler
 .text.MemManage_Handler
                0x08001430        0x2 CMakeFiles/STM32F103C8T6.elf.dir/Core/Src/stm32f1xx_it.c.obj
                0x08001430                MemManage_Handler
 .text.BusFault_Handler
                0x08001432        0x2 CMakeFiles/STM32F103C8T6.elf.dir/Core/Src/stm32f1xx_it.c.obj
                0x08001432                BusFault_Handler
 .text.UsageFault_Handler
                0x08001434        0x2 CMakeFiles/STM32F103C8T6.elf.dir/Core/Src/stm32f1xx_it.c.obj
                0x08001434                UsageFault_Handler
 .text.DebugMon_Handler
                0x08001436        0x2 CMakeFiles/STM32F103C8T6.elf.dir/Core/Src/stm32f1xx_it.c.obj
                0x08001436                DebugMon_Handler
 .text.SysTick_Handler
                0x08001438       0x16 CMakeFiles/STM32F103C8T6.elf.dir/Core/Src/stm32f1xx_it.c.obj
                0x08001438                SysTick_Handler
 .text._getpid  0x0800144e        0x4 CMakeFiles/STM32F103C8T6.elf.dir/Core/Src/syscalls.c.obj
                0x0800144e                _getpid
 .text._kill    0x08001452       0x10 CMakeFiles/STM32F103C8T6.elf.dir/Core/Src/syscalls.c.obj
                0x08001452                _kill
 .text._exit    0x08001462        0xc CMakeFiles/STM32F103C8T6.elf.dir/Core/Src/syscalls.c.obj
                0x08001462                _exit
 .text._read    0x0800146e       0x20 CMakeFiles/STM32F103C8T6.elf.dir/Core/Src/syscalls.c.obj
                0x0800146e                _read
 .text._write   0x0800148e       0x1c CMakeFiles/STM32F103C8T6.elf.dir/Core/Src/syscalls.c.obj
                0x0800148e                _write
 *fill*         0x080014aa        0x2 
 .text._sbrk    0x080014ac       0x3c CMakeFiles/STM32F103C8T6.elf.dir/Core/Src/syscalls.c.obj
                0x080014ac                _sbrk
 .text._close   0x080014e8        0x6 CMakeFiles/STM32F103C8T6.elf.dir/Core/Src/syscalls.c.obj
                0x080014e8                _close
 .text._fstat   0x080014ee        0xa CMakeFiles/STM32F103C8T6.elf.dir/Core/Src/syscalls.c.obj
                0x080014ee                _fstat
 .text._isatty  0x080014f8        0x4 CMakeFiles/STM32F103C8T6.elf.dir/Core/Src/syscalls.c.obj
                0x080014f8                _isatty
 .text._lseek   0x080014fc        0x4 CMakeFiles/STM32F103C8T6.elf.dir/Core/Src/syscalls.c.obj
                0x080014fc                _lseek
 .text.SystemInit
                0x08001500        0x2 CMakeFiles/STM32F103C8T6.elf.dir/Core/Src/system_stm32f1xx.c.obj
                0x08001500                SystemInit
 *fill*         0x08001502        0x2 
 .text.TapSexSetPwm
                0x08001504       0x40 CMakeFiles/STM32F103C8T6.elf.dir/Core/Src/tapSex.c.obj
 .text.TapSexSetWave
                0x08001544       0x40 CMakeFiles/STM32F103C8T6.elf.dir/Core/Src/tapSex.c.obj
 .text.TapSexUpdateWave
                0x08001584       0x28 CMakeFiles/STM32F103C8T6.elf.dir/Core/Src/tapSex.c.obj
                0x08001584                TapSexUpdateWave
 .text.TapSexUpdatePWM
                0x080015ac       0x30 CMakeFiles/STM32F103C8T6.elf.dir/Core/Src/tapSex.c.obj
                0x080015ac                TapSexUpdatePWM
 .text.TapSexDriveTask
                0x080015dc       0x64 CMakeFiles/STM32F103C8T6.elf.dir/Core/Src/tapSex.c.obj
                0x080015dc                TapSexDriveTask
 .text.TapSexTaskInit
                0x08001640       0x44 CMakeFiles/STM32F103C8T6.elf.dir/Core/Src/tapSex.c.obj
                0x08001640                TapSexTaskInit
 .text.TapSexSetHtim3
                0x08001684       0x24 CMakeFiles/STM32F103C8T6.elf.dir/Core/Src/tapSex.c.obj
                0x08001684                TapSexSetHtim3
 .text.TapSexSetHtim4
                0x080016a8       0x24 CMakeFiles/STM32F103C8T6.elf.dir/Core/Src/tapSex.c.obj
                0x080016a8                TapSexSetHtim4
 .text.HAL_InitTick
                0x080016cc       0x4c CMakeFiles/STM32F103C8T6.elf.dir/Drivers/STM32F1xx_HAL_Driver/Src/stm32f1xx_hal.c.obj
                0x080016cc                HAL_InitTick
 .text.HAL_Init
                0x08001718       0x24 CMakeFiles/STM32F103C8T6.elf.dir/Drivers/STM32F1xx_HAL_Driver/Src/stm32f1xx_hal.c.obj
                0x08001718                HAL_Init
 .text.HAL_IncTick
                0x0800173c       0x18 CMakeFiles/STM32F103C8T6.elf.dir/Drivers/STM32F1xx_HAL_Driver/Src/stm32f1xx_hal.c.obj
                0x0800173c                HAL_IncTick
 .text.HAL_GetTick
                0x08001754        0xc CMakeFiles/STM32F103C8T6.elf.dir/Drivers/STM32F1xx_HAL_Driver/Src/stm32f1xx_hal.c.obj
                0x08001754                HAL_GetTick
 .text.HAL_NVIC_SetPriorityGrouping
                0x08001760       0x24 CMakeFiles/STM32F103C8T6.elf.dir/Drivers/STM32F1xx_HAL_Driver/Src/stm32f1xx_hal_cortex.c.obj
                0x08001760                HAL_NVIC_SetPriorityGrouping
 .text.HAL_NVIC_SetPriority
                0x08001784       0x70 CMakeFiles/STM32F103C8T6.elf.dir/Drivers/STM32F1xx_HAL_Driver/Src/stm32f1xx_hal_cortex.c.obj
                0x08001784                HAL_NVIC_SetPriority
 .text.HAL_SYSTICK_Config
                0x080017f4       0x28 CMakeFiles/STM32F103C8T6.elf.dir/Drivers/STM32F1xx_HAL_Driver/Src/stm32f1xx_hal_cortex.c.obj
                0x080017f4                HAL_SYSTICK_Config
 .text.HAL_GPIO_Init
                0x0800181c      0x224 CMakeFiles/STM32F103C8T6.elf.dir/Drivers/STM32F1xx_HAL_Driver/Src/stm32f1xx_hal_gpio.c.obj
                0x0800181c                HAL_GPIO_Init
 .text.HAL_GPIO_WritePin
                0x08001a40        0xc CMakeFiles/STM32F103C8T6.elf.dir/Drivers/STM32F1xx_HAL_Driver/Src/stm32f1xx_hal_gpio.c.obj
                0x08001a40                HAL_GPIO_WritePin
 .text.RCC_Delay
                0x08001a4c       0x2c CMakeFiles/STM32F103C8T6.elf.dir/Drivers/STM32F1xx_HAL_Driver/Src/stm32f1xx_hal_rcc.c.obj
 .text.HAL_RCC_OscConfig
                0x08001a78      0x410 CMakeFiles/STM32F103C8T6.elf.dir/Drivers/STM32F1xx_HAL_Driver/Src/stm32f1xx_hal_rcc.c.obj
                0x08001a78                HAL_RCC_OscConfig
 .text.HAL_RCC_GetSysClockFreq
                0x08001e88       0x70 CMakeFiles/STM32F103C8T6.elf.dir/Drivers/STM32F1xx_HAL_Driver/Src/stm32f1xx_hal_rcc.c.obj
                0x08001e88                HAL_RCC_GetSysClockFreq
 .text.HAL_RCC_ClockConfig
                0x08001ef8      0x16c CMakeFiles/STM32F103C8T6.elf.dir/Drivers/STM32F1xx_HAL_Driver/Src/stm32f1xx_hal_rcc.c.obj
                0x08001ef8                HAL_RCC_ClockConfig
 .text.HAL_RCC_GetHCLKFreq
                0x08002064        0xc CMakeFiles/STM32F103C8T6.elf.dir/Drivers/STM32F1xx_HAL_Driver/Src/stm32f1xx_hal_rcc.c.obj
                0x08002064                HAL_RCC_GetHCLKFreq
 .text.HAL_RCC_GetPCLK1Freq
                0x08002070       0x20 CMakeFiles/STM32F103C8T6.elf.dir/Drivers/STM32F1xx_HAL_Driver/Src/stm32f1xx_hal_rcc.c.obj
                0x08002070                HAL_RCC_GetPCLK1Freq
 .text.HAL_RCC_GetPCLK2Freq
                0x08002090       0x20 CMakeFiles/STM32F103C8T6.elf.dir/Drivers/STM32F1xx_HAL_Driver/Src/stm32f1xx_hal_rcc.c.obj
                0x08002090                HAL_RCC_GetPCLK2Freq
 .text.HAL_SPI_Init
                0x080020b0       0xb6 CMakeFiles/STM32F103C8T6.elf.dir/Drivers/STM32F1xx_HAL_Driver/Src/stm32f1xx_hal_spi.c.obj
                0x080020b0                HAL_SPI_Init
 *fill*         0x08002166        0x2 
 .text.TIM_OC1_SetConfig
                0x08002168       0x5c CMakeFiles/STM32F103C8T6.elf.dir/Drivers/STM32F1xx_HAL_Driver/Src/stm32f1xx_hal_tim.c.obj
 .text.TIM_OC3_SetConfig
                0x080021c4       0x64 CMakeFiles/STM32F103C8T6.elf.dir/Drivers/STM32F1xx_HAL_Driver/Src/stm32f1xx_hal_tim.c.obj
 .text.TIM_OC4_SetConfig
                0x08002228       0x48 CMakeFiles/STM32F103C8T6.elf.dir/Drivers/STM32F1xx_HAL_Driver/Src/stm32f1xx_hal_tim.c.obj
 .text.TIM_Base_SetConfig
                0x08002270       0x74 CMakeFiles/STM32F103C8T6.elf.dir/Drivers/STM32F1xx_HAL_Driver/Src/stm32f1xx_hal_tim.c.obj
                0x08002270                TIM_Base_SetConfig
 .text.HAL_TIM_PWM_Init
                0x080022e4       0x58 CMakeFiles/STM32F103C8T6.elf.dir/Drivers/STM32F1xx_HAL_Driver/Src/stm32f1xx_hal_tim.c.obj
                0x080022e4                HAL_TIM_PWM_Init
 .text.TIM_OC2_SetConfig
                0x0800233c       0x64 CMakeFiles/STM32F103C8T6.elf.dir/Drivers/STM32F1xx_HAL_Driver/Src/stm32f1xx_hal_tim.c.obj
                0x0800233c                TIM_OC2_SetConfig
 .text.HAL_TIM_PWM_ConfigChannel
                0x080023a0       0xd0 CMakeFiles/STM32F103C8T6.elf.dir/Drivers/STM32F1xx_HAL_Driver/Src/stm32f1xx_hal_tim.c.obj
                0x080023a0                HAL_TIM_PWM_ConfigChannel
 .text.TIM_CCxChannelCmd
                0x08002470       0x1e CMakeFiles/STM32F103C8T6.elf.dir/Drivers/STM32F1xx_HAL_Driver/Src/stm32f1xx_hal_tim.c.obj
                0x08002470                TIM_CCxChannelCmd
 *fill*         0x0800248e        0x2 
 .text.HAL_TIM_PWM_Start
                0x08002490       0xdc CMakeFiles/STM32F103C8T6.elf.dir/Drivers/STM32F1xx_HAL_Driver/Src/stm32f1xx_hal_tim.c.obj
                0x08002490                HAL_TIM_PWM_Start
 .text.HAL_TIMEx_MasterConfigSynchronization
                0x0800256c       0x6c CMakeFiles/STM32F103C8T6.elf.dir/Drivers/STM32F1xx_HAL_Driver/Src/stm32f1xx_hal_tim_ex.c.obj
                0x0800256c                HAL_TIMEx_MasterConfigSynchronization
 .text.UART_SetConfig
                0x080025d8       0x94 CMakeFiles/STM32F103C8T6.elf.dir/Drivers/STM32F1xx_HAL_Driver/Src/stm32f1xx_hal_uart.c.obj
 .text.HAL_UART_Init
                0x0800266c       0x5e CMakeFiles/STM32F103C8T6.elf.dir/Drivers/STM32F1xx_HAL_Driver/Src/stm32f1xx_hal_uart.c.obj
                0x0800266c                HAL_UART_Init
 *fill*         0x080026ca        0x2 
 .text.osKernelInitialize
                0x080026cc       0x44 CMakeFiles/STM32F103C8T6.elf.dir/Middlewares/Third_Party/FreeRTOS/Source/CMSIS_RTOS_V2/cmsis_os2.c.obj
                0x080026cc                osKernelInitialize
 .text.osKernelStart
                0x08002710       0x4c CMakeFiles/STM32F103C8T6.elf.dir/Middlewares/Third_Party/FreeRTOS/Source/CMSIS_RTOS_V2/cmsis_os2.c.obj
                0x08002710                osKernelStart
 .text.osThreadNew
                0x0800275c       0xec CMakeFiles/STM32F103C8T6.elf.dir/Middlewares/Third_Party/FreeRTOS/Source/CMSIS_RTOS_V2/cmsis_os2.c.obj
                0x0800275c                osThreadNew
 .text.osDelay  0x08002848       0x44 CMakeFiles/STM32F103C8T6.elf.dir/Middlewares/Third_Party/FreeRTOS/Source/CMSIS_RTOS_V2/cmsis_os2.c.obj
                0x08002848                osDelay
 .text.vApplicationGetIdleTaskMemory
                0x0800288c       0x18 CMakeFiles/STM32F103C8T6.elf.dir/Middlewares/Third_Party/FreeRTOS/Source/CMSIS_RTOS_V2/cmsis_os2.c.obj
                0x0800288c                vApplicationGetIdleTaskMemory
 .text.vApplicationGetTimerTaskMemory
                0x080028a4       0x18 CMakeFiles/STM32F103C8T6.elf.dir/Middlewares/Third_Party/FreeRTOS/Source/CMSIS_RTOS_V2/cmsis_os2.c.obj
                0x080028a4                vApplicationGetTimerTaskMemory
 .text.vListInitialise
                0x080028bc       0x16 CMakeFiles/STM32F103C8T6.elf.dir/Middlewares/Third_Party/FreeRTOS/Source/list.c.obj
                0x080028bc                vListInitialise
 .text.vListInitialiseItem
                0x080028d2        0x6 CMakeFiles/STM32F103C8T6.elf.dir/Middlewares/Third_Party/FreeRTOS/Source/list.c.obj
                0x080028d2                vListInitialiseItem
 .text.vListInsertEnd
                0x080028d8       0x16 CMakeFiles/STM32F103C8T6.elf.dir/Middlewares/Third_Party/FreeRTOS/Source/list.c.obj
                0x080028d8                vListInsertEnd
 .text.vListInsert
                0x080028ee       0x32 CMakeFiles/STM32F103C8T6.elf.dir/Middlewares/Third_Party/FreeRTOS/Source/list.c.obj
                0x080028ee                vListInsert
 .text.uxListRemove
                0x08002920       0x26 CMakeFiles/STM32F103C8T6.elf.dir/Middlewares/Third_Party/FreeRTOS/Source/list.c.obj
                0x08002920                uxListRemove
 *fill*         0x08002946        0x2 
 .text.prvTaskExitError
                0x08002948       0x40 CMakeFiles/STM32F103C8T6.elf.dir/Middlewares/Third_Party/FreeRTOS/Source/portable/GCC/ARM_CM3/port.c.obj
 .text.prvPortStartFirstTask
                0x08002988       0x20 CMakeFiles/STM32F103C8T6.elf.dir/Middlewares/Third_Party/FreeRTOS/Source/portable/GCC/ARM_CM3/port.c.obj
 .text.pxPortInitialiseStack
                0x080029a8       0x24 CMakeFiles/STM32F103C8T6.elf.dir/Middlewares/Third_Party/FreeRTOS/Source/portable/GCC/ARM_CM3/port.c.obj
                0x080029a8                pxPortInitialiseStack
 *fill*         0x080029cc        0x4 
 .text.SVC_Handler
                0x080029d0       0x24 CMakeFiles/STM32F103C8T6.elf.dir/Middlewares/Third_Party/FreeRTOS/Source/portable/GCC/ARM_CM3/port.c.obj
                0x080029d0                SVC_Handler
 .text.vPortEnterCritical
                0x080029f4       0x44 CMakeFiles/STM32F103C8T6.elf.dir/Middlewares/Third_Party/FreeRTOS/Source/portable/GCC/ARM_CM3/port.c.obj
                0x080029f4                vPortEnterCritical
 .text.vPortExitCritical
                0x08002a38       0x2c CMakeFiles/STM32F103C8T6.elf.dir/Middlewares/Third_Party/FreeRTOS/Source/portable/GCC/ARM_CM3/port.c.obj
                0x08002a38                vPortExitCritical
 *fill*         0x08002a64        0xc 
 .text.PendSV_Handler
                0x08002a70       0x44 CMakeFiles/STM32F103C8T6.elf.dir/Middlewares/Third_Party/FreeRTOS/Source/portable/GCC/ARM_CM3/port.c.obj
                0x08002a70                PendSV_Handler
 .text.xPortSysTickHandler
                0x08002ab4       0x2c CMakeFiles/STM32F103C8T6.elf.dir/Middlewares/Third_Party/FreeRTOS/Source/portable/GCC/ARM_CM3/port.c.obj
                0x08002ab4                xPortSysTickHandler
 .text.vPortSetupTimerInterrupt
                0x08002ae0       0x28 CMakeFiles/STM32F103C8T6.elf.dir/Middlewares/Third_Party/FreeRTOS/Source/portable/GCC/ARM_CM3/port.c.obj
                0x08002ae0                vPortSetupTimerInterrupt
 .text.xPortStartScheduler
                0x08002b08       0xc0 CMakeFiles/STM32F103C8T6.elf.dir/Middlewares/Third_Party/FreeRTOS/Source/portable/GCC/ARM_CM3/port.c.obj
                0x08002b08                xPortStartScheduler
 .text.vPortValidateInterruptPriority
                0x08002bc8       0x5c CMakeFiles/STM32F103C8T6.elf.dir/Middlewares/Third_Party/FreeRTOS/Source/portable/GCC/ARM_CM3/port.c.obj
                0x08002bc8                vPortValidateInterruptPriority
 .text.prvHeapInit
                0x08002c24       0x64 CMakeFiles/STM32F103C8T6.elf.dir/Middlewares/Third_Party/FreeRTOS/Source/portable/MemMang/heap_4.c.obj
 .text.prvInsertBlockIntoFreeList
                0x08002c88       0x60 CMakeFiles/STM32F103C8T6.elf.dir/Middlewares/Third_Party/FreeRTOS/Source/portable/MemMang/heap_4.c.obj
 .text.pvPortMalloc
                0x08002ce8       0xf0 CMakeFiles/STM32F103C8T6.elf.dir/Middlewares/Third_Party/FreeRTOS/Source/portable/MemMang/heap_4.c.obj
                0x08002ce8                pvPortMalloc
 .text.vPortFree
                0x08002dd8       0x70 CMakeFiles/STM32F103C8T6.elf.dir/Middlewares/Third_Party/FreeRTOS/Source/portable/MemMang/heap_4.c.obj
                0x08002dd8                vPortFree
 .text.prvIsQueueFull
                0x08002e48       0x1e CMakeFiles/STM32F103C8T6.elf.dir/Middlewares/Third_Party/FreeRTOS/Source/queue.c.obj
 .text.prvIsQueueEmpty
                0x08002e66       0x1a CMakeFiles/STM32F103C8T6.elf.dir/Middlewares/Third_Party/FreeRTOS/Source/queue.c.obj
 .text.prvCopyDataToQueue
                0x08002e80       0x76 CMakeFiles/STM32F103C8T6.elf.dir/Middlewares/Third_Party/FreeRTOS/Source/queue.c.obj
 .text.prvCopyDataFromQueue
                0x08002ef6       0x24 CMakeFiles/STM32F103C8T6.elf.dir/Middlewares/Third_Party/FreeRTOS/Source/queue.c.obj
 .text.prvUnlockQueue
                0x08002f1a       0x6e CMakeFiles/STM32F103C8T6.elf.dir/Middlewares/Third_Party/FreeRTOS/Source/queue.c.obj
 .text.xQueueGenericReset
                0x08002f88       0x84 CMakeFiles/STM32F103C8T6.elf.dir/Middlewares/Third_Party/FreeRTOS/Source/queue.c.obj
                0x08002f88                xQueueGenericReset
 .text.prvInitialiseNewQueue
                0x0800300c       0x22 CMakeFiles/STM32F103C8T6.elf.dir/Middlewares/Third_Party/FreeRTOS/Source/queue.c.obj
 .text.xQueueGenericCreateStatic
                0x0800302e       0x92 CMakeFiles/STM32F103C8T6.elf.dir/Middlewares/Third_Party/FreeRTOS/Source/queue.c.obj
                0x0800302e                xQueueGenericCreateStatic
 .text.xQueueGenericSend
                0x080030c0      0x188 CMakeFiles/STM32F103C8T6.elf.dir/Middlewares/Third_Party/FreeRTOS/Source/queue.c.obj
                0x080030c0                xQueueGenericSend
 .text.xQueueGenericSendFromISR
                0x08003248       0xcc CMakeFiles/STM32F103C8T6.elf.dir/Middlewares/Third_Party/FreeRTOS/Source/queue.c.obj
                0x08003248                xQueueGenericSendFromISR
 .text.xQueueReceive
                0x08003314      0x15e CMakeFiles/STM32F103C8T6.elf.dir/Middlewares/Third_Party/FreeRTOS/Source/queue.c.obj
                0x08003314                xQueueReceive
 *fill*         0x08003472        0x2 
 .text.vQueueAddToRegistry
                0x08003474       0x28 CMakeFiles/STM32F103C8T6.elf.dir/Middlewares/Third_Party/FreeRTOS/Source/queue.c.obj
                0x08003474                vQueueAddToRegistry
 .text.vQueueWaitForMessageRestricted
                0x0800349c       0x52 CMakeFiles/STM32F103C8T6.elf.dir/Middlewares/Third_Party/FreeRTOS/Source/queue.c.obj
                0x0800349c                vQueueWaitForMessageRestricted
 *fill*         0x080034ee        0x2 
 .text.prvResetNextTaskUnblockTime
                0x080034f0       0x2c CMakeFiles/STM32F103C8T6.elf.dir/Middlewares/Third_Party/FreeRTOS/Source/tasks.c.obj
 .text.prvInitialiseNewTask
                0x0800351c       0x9c CMakeFiles/STM32F103C8T6.elf.dir/Middlewares/Third_Party/FreeRTOS/Source/tasks.c.obj
 .text.prvInitialiseTaskLists
                0x080035b8       0x68 CMakeFiles/STM32F103C8T6.elf.dir/Middlewares/Third_Party/FreeRTOS/Source/tasks.c.obj
 .text.prvAddNewTaskToReadyList
                0x08003620       0xac CMakeFiles/STM32F103C8T6.elf.dir/Middlewares/Third_Party/FreeRTOS/Source/tasks.c.obj
 .text.prvDeleteTCB
                0x080036cc       0x38 CMakeFiles/STM32F103C8T6.elf.dir/Middlewares/Third_Party/FreeRTOS/Source/tasks.c.obj
 .text.prvCheckTasksWaitingTermination
                0x08003704       0x4c CMakeFiles/STM32F103C8T6.elf.dir/Middlewares/Third_Party/FreeRTOS/Source/tasks.c.obj
 .text.prvIdleTask
                0x08003750       0x28 CMakeFiles/STM32F103C8T6.elf.dir/Middlewares/Third_Party/FreeRTOS/Source/tasks.c.obj
 .text.prvAddCurrentTaskToDelayedList
                0x08003778       0x7c CMakeFiles/STM32F103C8T6.elf.dir/Middlewares/Third_Party/FreeRTOS/Source/tasks.c.obj
 .text.xTaskCreateStatic
                0x080037f4       0x74 CMakeFiles/STM32F103C8T6.elf.dir/Middlewares/Third_Party/FreeRTOS/Source/tasks.c.obj
                0x080037f4                xTaskCreateStatic
 .text.xTaskCreate
                0x08003868       0x68 CMakeFiles/STM32F103C8T6.elf.dir/Middlewares/Third_Party/FreeRTOS/Source/tasks.c.obj
                0x08003868                xTaskCreate
 .text.vTaskStartScheduler
                0x080038d0       0x9c CMakeFiles/STM32F103C8T6.elf.dir/Middlewares/Third_Party/FreeRTOS/Source/tasks.c.obj
                0x080038d0                vTaskStartScheduler
 .text.vTaskSuspendAll
                0x0800396c       0x10 CMakeFiles/STM32F103C8T6.elf.dir/Middlewares/Third_Party/FreeRTOS/Source/tasks.c.obj
                0x0800396c                vTaskSuspendAll
 .text.xTaskGetTickCount
                0x0800397c        0xc CMakeFiles/STM32F103C8T6.elf.dir/Middlewares/Third_Party/FreeRTOS/Source/tasks.c.obj
                0x0800397c                xTaskGetTickCount
 .text.xTaskIncrementTick
                0x08003988      0x118 CMakeFiles/STM32F103C8T6.elf.dir/Middlewares/Third_Party/FreeRTOS/Source/tasks.c.obj
                0x08003988                xTaskIncrementTick
 .text.xTaskResumeAll
                0x08003aa0       0xf8 CMakeFiles/STM32F103C8T6.elf.dir/Middlewares/Third_Party/FreeRTOS/Source/tasks.c.obj
                0x08003aa0                xTaskResumeAll
 .text.vTaskDelay
                0x08003b98       0x4c CMakeFiles/STM32F103C8T6.elf.dir/Middlewares/Third_Party/FreeRTOS/Source/tasks.c.obj
                0x08003b98                vTaskDelay
 .text.vTaskSwitchContext
                0x08003be4       0x94 CMakeFiles/STM32F103C8T6.elf.dir/Middlewares/Third_Party/FreeRTOS/Source/tasks.c.obj
                0x08003be4                vTaskSwitchContext
 .text.vTaskPlaceOnEventList
                0x08003c78       0x30 CMakeFiles/STM32F103C8T6.elf.dir/Middlewares/Third_Party/FreeRTOS/Source/tasks.c.obj
                0x08003c78                vTaskPlaceOnEventList
 .text.vTaskPlaceOnEventListRestricted
                0x08003ca8       0x38 CMakeFiles/STM32F103C8T6.elf.dir/Middlewares/Third_Party/FreeRTOS/Source/tasks.c.obj
                0x08003ca8                vTaskPlaceOnEventListRestricted
 .text.xTaskRemoveFromEventList
                0x08003ce0       0x8c CMakeFiles/STM32F103C8T6.elf.dir/Middlewares/Third_Party/FreeRTOS/Source/tasks.c.obj
                0x08003ce0                xTaskRemoveFromEventList
 .text.vTaskInternalSetTimeOutState
                0x08003d6c       0x18 CMakeFiles/STM32F103C8T6.elf.dir/Middlewares/Third_Party/FreeRTOS/Source/tasks.c.obj
                0x08003d6c                vTaskInternalSetTimeOutState
 .text.xTaskCheckForTimeOut
                0x08003d84       0x84 CMakeFiles/STM32F103C8T6.elf.dir/Middlewares/Third_Party/FreeRTOS/Source/tasks.c.obj
                0x08003d84                xTaskCheckForTimeOut
 .text.vTaskMissedYield
                0x08003e08        0xc CMakeFiles/STM32F103C8T6.elf.dir/Middlewares/Third_Party/FreeRTOS/Source/tasks.c.obj
                0x08003e08                vTaskMissedYield
 .text.xTaskGetSchedulerState
                0x08003e14       0x20 CMakeFiles/STM32F103C8T6.elf.dir/Middlewares/Third_Party/FreeRTOS/Source/tasks.c.obj
                0x08003e14                xTaskGetSchedulerState
 .text.xTaskPriorityDisinherit
                0x08003e34       0x90 CMakeFiles/STM32F103C8T6.elf.dir/Middlewares/Third_Party/FreeRTOS/Source/tasks.c.obj
                0x08003e34                xTaskPriorityDisinherit
 .text.prvGetNextExpireTime
                0x08003ec4       0x20 CMakeFiles/STM32F103C8T6.elf.dir/Middlewares/Third_Party/FreeRTOS/Source/timers.c.obj
 .text.prvInsertTimerInActiveList
                0x08003ee4       0x48 CMakeFiles/STM32F103C8T6.elf.dir/Middlewares/Third_Party/FreeRTOS/Source/timers.c.obj
 .text.prvCheckForValidListAndQueue
                0x08003f2c       0x70 CMakeFiles/STM32F103C8T6.elf.dir/Middlewares/Third_Party/FreeRTOS/Source/timers.c.obj
 .text.xTimerCreateTimerTask
                0x08003f9c       0x64 CMakeFiles/STM32F103C8T6.elf.dir/Middlewares/Third_Party/FreeRTOS/Source/timers.c.obj
                0x08003f9c                xTimerCreateTimerTask
 .text.xTimerGenericCommand
                0x08004000       0x6c CMakeFiles/STM32F103C8T6.elf.dir/Middlewares/Third_Party/FreeRTOS/Source/timers.c.obj
                0x08004000                xTimerGenericCommand
 .text.prvSwitchTimerLists
                0x0800406c       0x78 CMakeFiles/STM32F103C8T6.elf.dir/Middlewares/Third_Party/FreeRTOS/Source/timers.c.obj
 .text.prvSampleTimeNow
                0x080040e4       0x2c CMakeFiles/STM32F103C8T6.elf.dir/Middlewares/Third_Party/FreeRTOS/Source/timers.c.obj
 .text.prvProcessExpiredTimer
                0x08004110       0x60 CMakeFiles/STM32F103C8T6.elf.dir/Middlewares/Third_Party/FreeRTOS/Source/timers.c.obj
 .text.prvProcessTimerOrBlockTask
                0x08004170       0x74 CMakeFiles/STM32F103C8T6.elf.dir/Middlewares/Third_Party/FreeRTOS/Source/timers.c.obj
 .text.prvProcessReceivedCommands
                0x080041e4       0xf8 CMakeFiles/STM32F103C8T6.elf.dir/Middlewares/Third_Party/FreeRTOS/Source/timers.c.obj
 .text.prvTimerTask
                0x080042dc       0x16 CMakeFiles/STM32F103C8T6.elf.dir/Middlewares/Third_Party/FreeRTOS/Source/timers.c.obj
 *fill*         0x080042f2        0x2 
 .text.Reset_Handler
                0x080042f4       0x48 CMakeFiles/STM32F103C8T6.elf.dir/startup/startup_stm32f103xb.s.obj
                0x080042f4                Reset_Handler
 .text.Default_Handler
                0x0800433c        0x2 CMakeFiles/STM32F103C8T6.elf.dir/startup/startup_stm32f103xb.s.obj
                0x0800433c                RTC_Alarm_IRQHandler
                0x0800433c                EXTI2_IRQHandler
                0x0800433c                TIM1_CC_IRQHandler
                0x0800433c                PVD_IRQHandler
                0x0800433c                EXTI3_IRQHandler
                0x0800433c                EXTI0_IRQHandler
                0x0800433c                I2C2_EV_IRQHandler
                0x0800433c                ADC1_2_IRQHandler
                0x0800433c                SPI1_IRQHandler
                0x0800433c                TAMPER_IRQHandler
                0x0800433c                DMA1_Channel4_IRQHandler
                0x0800433c                USART3_IRQHandler
                0x0800433c                RTC_IRQHandler
                0x0800433c                DMA1_Channel7_IRQHandler
                0x0800433c                CAN1_RX1_IRQHandler
                0x0800433c                TIM4_IRQHandler
                0x0800433c                I2C1_EV_IRQHandler
                0x0800433c                DMA1_Channel6_IRQHandler
                0x0800433c                TIM3_IRQHandler
                0x0800433c                RCC_IRQHandler
                0x0800433c                TIM1_TRG_COM_IRQHandler
                0x0800433c                DMA1_Channel1_IRQHandler
                0x0800433c                Default_Handler
                0x0800433c                EXTI15_10_IRQHandler
                0x0800433c                EXTI9_5_IRQHandler
                0x0800433c                SPI2_IRQHandler
                0x0800433c                DMA1_Channel5_IRQHandler
                0x0800433c                EXTI4_IRQHandler
                0x0800433c                USB_LP_CAN1_RX0_IRQHandler
                0x0800433c                USB_HP_CAN1_TX_IRQHandler
                0x0800433c                DMA1_Channel3_IRQHandler
                0x0800433c                TIM1_UP_IRQHandler
                0x0800433c                WWDG_IRQHandler
                0x0800433c                TIM2_IRQHandler
                0x0800433c                TIM1_BRK_IRQHandler
                0x0800433c                EXTI1_IRQHandler
                0x0800433c                USART2_IRQHandler
                0x0800433c                I2C2_ER_IRQHandler
                0x0800433c                DMA1_Channel2_IRQHandler
                0x0800433c                CAN1_SCE_IRQHandler
                0x0800433c                FLASH_IRQHandler
                0x0800433c                USART1_IRQHandler
                0x0800433c                I2C1_ER_IRQHandler
                0x0800433c                USBWakeUp_IRQHandler
 *fill*         0x0800433e        0x2 
 .text.__errno  0x08004340        0xc f:/toolchains/arm-none-eabi-gcc/bin/../lib/gcc/arm-none-eabi/10.3.1/../../../../arm-none-eabi/lib/thumb/v7-m/nofp\libg.a(lib_a-errno.o)
                0x08004340                __errno
 .text.__libc_init_array
                0x0800434c       0x48 f:/toolchains/arm-none-eabi-gcc/bin/../lib/gcc/arm-none-eabi/10.3.1/../../../../arm-none-eabi/lib/thumb/v7-m/nofp\libg.a(lib_a-init.o)
                0x0800434c                __libc_init_array
 .text.memset   0x08004394       0xa4 f:/toolchains/arm-none-eabi-gcc/bin/../lib/gcc/arm-none-eabi/10.3.1/../../../../arm-none-eabi/lib/thumb/v7-m/nofp\libg.a(lib_a-memset.o)
                0x08004394                memset
 .text.printf   0x08004438       0x28 f:/toolchains/arm-none-eabi-gcc/bin/../lib/gcc/arm-none-eabi/10.3.1/../../../../arm-none-eabi/lib/thumb/v7-m/nofp\libg.a(lib_a-printf.o)
                0x08004438                printf
 .text._vfprintf_r
                0x08004460     0x1b58 f:/toolchains/arm-none-eabi-gcc/bin/../lib/gcc/arm-none-eabi/10.3.1/../../../../arm-none-eabi/lib/thumb/v7-m/nofp\libg.a(lib_a-vfprintf.o)
                0x08004460                _vfprintf_r
 .text.__sbprintf
                0x08005fb8       0x84 f:/toolchains/arm-none-eabi-gcc/bin/../lib/gcc/arm-none-eabi/10.3.1/../../../../arm-none-eabi/lib/thumb/v7-m/nofp\libg.a(lib_a-vfprintf.o)
 .text.__swsetup_r
                0x0800603c       0xd4 f:/toolchains/arm-none-eabi-gcc/bin/../lib/gcc/arm-none-eabi/10.3.1/../../../../arm-none-eabi/lib/thumb/v7-m/nofp\libg.a(lib_a-wsetup.o)
                0x0800603c                __swsetup_r
 .text.startup.register_fini
                0x08006110       0x14 f:/toolchains/arm-none-eabi-gcc/bin/../lib/gcc/arm-none-eabi/10.3.1/../../../../arm-none-eabi/lib/thumb/v7-m/nofp\libg.a(lib_a-__call_atexit.o)
 .text.atexit   0x08006124        0xc f:/toolchains/arm-none-eabi-gcc/bin/../lib/gcc/arm-none-eabi/10.3.1/../../../../arm-none-eabi/lib/thumb/v7-m/nofp\libg.a(lib_a-atexit.o)
                0x08006124                atexit
 .text.quorem   0x08006130      0x12c f:/toolchains/arm-none-eabi-gcc/bin/../lib/gcc/arm-none-eabi/10.3.1/../../../../arm-none-eabi/lib/thumb/v7-m/nofp\libg.a(lib_a-dtoa.o)
 *fill*         0x0800625c        0x4 
 .text._dtoa_r  0x08006260      0xecc f:/toolchains/arm-none-eabi-gcc/bin/../lib/gcc/arm-none-eabi/10.3.1/../../../../arm-none-eabi/lib/thumb/v7-m/nofp\libg.a(lib_a-dtoa.o)
                0x08006260                _dtoa_r
 .text.__sflush_r
                0x0800712c      0x124 f:/toolchains/arm-none-eabi-gcc/bin/../lib/gcc/arm-none-eabi/10.3.1/../../../../arm-none-eabi/lib/thumb/v7-m/nofp\libg.a(lib_a-fflush.o)
                0x0800712c                __sflush_r
 .text._fflush_r
                0x08007250       0x5c f:/toolchains/arm-none-eabi-gcc/bin/../lib/gcc/arm-none-eabi/10.3.1/../../../../arm-none-eabi/lib/thumb/v7-m/nofp\libg.a(lib_a-fflush.o)
                0x08007250                _fflush_r
 .text._cleanup_r
                0x080072ac        0xc f:/toolchains/arm-none-eabi-gcc/bin/../lib/gcc/arm-none-eabi/10.3.1/../../../../arm-none-eabi/lib/thumb/v7-m/nofp\libg.a(lib_a-findfp.o)
                0x080072ac                _cleanup_r
 .text.__sinit  0x080072b8      0x10c f:/toolchains/arm-none-eabi-gcc/bin/../lib/gcc/arm-none-eabi/10.3.1/../../../../arm-none-eabi/lib/thumb/v7-m/nofp\libg.a(lib_a-findfp.o)
                0x080072b8                __sinit
 .text.__sfp_lock_acquire
                0x080073c4        0xc f:/toolchains/arm-none-eabi-gcc/bin/../lib/gcc/arm-none-eabi/10.3.1/../../../../arm-none-eabi/lib/thumb/v7-m/nofp\libg.a(lib_a-findfp.o)
                0x080073c4                __sfp_lock_acquire
 .text.__sfp_lock_release
                0x080073d0        0xc f:/toolchains/arm-none-eabi-gcc/bin/../lib/gcc/arm-none-eabi/10.3.1/../../../../arm-none-eabi/lib/thumb/v7-m/nofp\libg.a(lib_a-findfp.o)
                0x080073d0                __sfp_lock_release
 .text.__libc_fini_array
                0x080073dc       0x2c f:/toolchains/arm-none-eabi-gcc/bin/../lib/gcc/arm-none-eabi/10.3.1/../../../../arm-none-eabi/lib/thumb/v7-m/nofp\libg.a(lib_a-fini.o)
                0x080073dc                __libc_fini_array
 .text._malloc_trim_r
                0x08007408       0xa0 f:/toolchains/arm-none-eabi-gcc/bin/../lib/gcc/arm-none-eabi/10.3.1/../../../../arm-none-eabi/lib/thumb/v7-m/nofp\libg.a(lib_a-freer.o)
                0x08007408                _malloc_trim_r
 .text._free_r  0x080074a8      0x200 f:/toolchains/arm-none-eabi-gcc/bin/../lib/gcc/arm-none-eabi/10.3.1/../../../../arm-none-eabi/lib/thumb/v7-m/nofp\libg.a(lib_a-freer.o)
                0x080074a8                _free_r
 .text._fwalk_reent
                0x080076a8       0x48 f:/toolchains/arm-none-eabi-gcc/bin/../lib/gcc/arm-none-eabi/10.3.1/../../../../arm-none-eabi/lib/thumb/v7-m/nofp\libg.a(lib_a-fwalk.o)
                0x080076a8                _fwalk_reent
 .text._localeconv_r
                0x080076f0        0x8 f:/toolchains/arm-none-eabi-gcc/bin/../lib/gcc/arm-none-eabi/10.3.1/../../../../arm-none-eabi/lib/thumb/v7-m/nofp\libg.a(lib_a-localeconv.o)
                0x080076f0                _localeconv_r
 .text.__retarget_lock_init_recursive
                0x080076f8        0x4 f:/toolchains/arm-none-eabi-gcc/bin/../lib/gcc/arm-none-eabi/10.3.1/../../../../arm-none-eabi/lib/thumb/v7-m/nofp\libg.a(lib_a-lock.o)
                0x080076f8                __retarget_lock_init_recursive
 .text.__retarget_lock_close_recursive
                0x080076fc        0x4 f:/toolchains/arm-none-eabi-gcc/bin/../lib/gcc/arm-none-eabi/10.3.1/../../../../arm-none-eabi/lib/thumb/v7-m/nofp\libg.a(lib_a-lock.o)
                0x080076fc                __retarget_lock_close_recursive
 .text.__retarget_lock_acquire_recursive
                0x08007700        0x4 f:/toolchains/arm-none-eabi-gcc/bin/../lib/gcc/arm-none-eabi/10.3.1/../../../../arm-none-eabi/lib/thumb/v7-m/nofp\libg.a(lib_a-lock.o)
                0x08007700                __retarget_lock_acquire_recursive
 .text.__retarget_lock_release_recursive
                0x08007704        0x4 f:/toolchains/arm-none-eabi-gcc/bin/../lib/gcc/arm-none-eabi/10.3.1/../../../../arm-none-eabi/lib/thumb/v7-m/nofp\libg.a(lib_a-lock.o)
                0x08007704                __retarget_lock_release_recursive
 .text.__smakebuf_r
                0x08007708       0xe0 f:/toolchains/arm-none-eabi-gcc/bin/../lib/gcc/arm-none-eabi/10.3.1/../../../../arm-none-eabi/lib/thumb/v7-m/nofp\libg.a(lib_a-makebuf.o)
                0x08007708                __smakebuf_r
 .text._malloc_r
                0x080077e8      0x558 f:/toolchains/arm-none-eabi-gcc/bin/../lib/gcc/arm-none-eabi/10.3.1/../../../../arm-none-eabi/lib/thumb/v7-m/nofp\libg.a(lib_a-mallocr.o)
                0x080077e8                _malloc_r
 .text.memchr   0x08007d40       0x90 f:/toolchains/arm-none-eabi-gcc/bin/../lib/gcc/arm-none-eabi/10.3.1/../../../../arm-none-eabi/lib/thumb/v7-m/nofp\libg.a(lib_a-memchr-stub.o)
                0x08007d40                memchr
 .text.__malloc_lock
                0x08007dd0        0xc f:/toolchains/arm-none-eabi-gcc/bin/../lib/gcc/arm-none-eabi/10.3.1/../../../../arm-none-eabi/lib/thumb/v7-m/nofp\libg.a(lib_a-mlock.o)
                0x08007dd0                __malloc_lock
 .text.__malloc_unlock
                0x08007ddc        0xc f:/toolchains/arm-none-eabi-gcc/bin/../lib/gcc/arm-none-eabi/10.3.1/../../../../arm-none-eabi/lib/thumb/v7-m/nofp\libg.a(lib_a-mlock.o)
                0x08007ddc                __malloc_unlock
 .text._Balloc  0x08007de8       0x4c f:/toolchains/arm-none-eabi-gcc/bin/../lib/gcc/arm-none-eabi/10.3.1/../../../../arm-none-eabi/lib/thumb/v7-m/nofp\libg.a(lib_a-mprec.o)
                0x08007de8                _Balloc
 .text._Bfree   0x08007e34       0x14 f:/toolchains/arm-none-eabi-gcc/bin/../lib/gcc/arm-none-eabi/10.3.1/../../../../arm-none-eabi/lib/thumb/v7-m/nofp\libg.a(lib_a-mprec.o)
                0x08007e34                _Bfree
 .text.__multadd
                0x08007e48       0xa4 f:/toolchains/arm-none-eabi-gcc/bin/../lib/gcc/arm-none-eabi/10.3.1/../../../../arm-none-eabi/lib/thumb/v7-m/nofp\libg.a(lib_a-mprec.o)
                0x08007e48                __multadd
 .text.__hi0bits
                0x08007eec       0x40 f:/toolchains/arm-none-eabi-gcc/bin/../lib/gcc/arm-none-eabi/10.3.1/../../../../arm-none-eabi/lib/thumb/v7-m/nofp\libg.a(lib_a-mprec.o)
                0x08007eec                __hi0bits
 .text.__lo0bits
                0x08007f2c       0x58 f:/toolchains/arm-none-eabi-gcc/bin/../lib/gcc/arm-none-eabi/10.3.1/../../../../arm-none-eabi/lib/thumb/v7-m/nofp\libg.a(lib_a-mprec.o)
                0x08007f2c                __lo0bits
 .text.__i2b    0x08007f84       0x5c f:/toolchains/arm-none-eabi-gcc/bin/../lib/gcc/arm-none-eabi/10.3.1/../../../../arm-none-eabi/lib/thumb/v7-m/nofp\libg.a(lib_a-mprec.o)
                0x08007f84                __i2b
 .text.__multiply
                0x08007fe0      0x15c f:/toolchains/arm-none-eabi-gcc/bin/../lib/gcc/arm-none-eabi/10.3.1/../../../../arm-none-eabi/lib/thumb/v7-m/nofp\libg.a(lib_a-mprec.o)
                0x08007fe0                __multiply
 .text.__pow5mult
                0x0800813c       0xb8 f:/toolchains/arm-none-eabi-gcc/bin/../lib/gcc/arm-none-eabi/10.3.1/../../../../arm-none-eabi/lib/thumb/v7-m/nofp\libg.a(lib_a-mprec.o)
                0x0800813c                __pow5mult
 .text.__lshift
                0x080081f4       0xec f:/toolchains/arm-none-eabi-gcc/bin/../lib/gcc/arm-none-eabi/10.3.1/../../../../arm-none-eabi/lib/thumb/v7-m/nofp\libg.a(lib_a-mprec.o)
                0x080081f4                __lshift
 .text.__mcmp   0x080082e0       0x40 f:/toolchains/arm-none-eabi-gcc/bin/../lib/gcc/arm-none-eabi/10.3.1/../../../../arm-none-eabi/lib/thumb/v7-m/nofp\libg.a(lib_a-mprec.o)
                0x080082e0                __mcmp
 .text.__mdiff  0x08008320      0x14c f:/toolchains/arm-none-eabi-gcc/bin/../lib/gcc/arm-none-eabi/10.3.1/../../../../arm-none-eabi/lib/thumb/v7-m/nofp\libg.a(lib_a-mprec.o)
                0x08008320                __mdiff
 .text.__d2b    0x0800846c       0xc4 f:/toolchains/arm-none-eabi-gcc/bin/../lib/gcc/arm-none-eabi/10.3.1/../../../../arm-none-eabi/lib/thumb/v7-m/nofp\libg.a(lib_a-mprec.o)
                0x0800846c                __d2b
 .text.frexp    0x08008530       0x70 f:/toolchains/arm-none-eabi-gcc/bin/../lib/gcc/arm-none-eabi/10.3.1/../../../../arm-none-eabi/lib/thumb/v7-m/nofp\libg.a(lib_a-s_frexp.o)
                0x08008530                frexp
 .text._sbrk_r  0x080085a0       0x24 f:/toolchains/arm-none-eabi-gcc/bin/../lib/gcc/arm-none-eabi/10.3.1/../../../../arm-none-eabi/lib/thumb/v7-m/nofp\libg.a(lib_a-sbrkr.o)
                0x080085a0                _sbrk_r
 .text.__sread  0x080085c4       0x24 f:/toolchains/arm-none-eabi-gcc/bin/../lib/gcc/arm-none-eabi/10.3.1/../../../../arm-none-eabi/lib/thumb/v7-m/nofp\libg.a(lib_a-stdio.o)
                0x080085c4                __sread
 .text.__swrite
                0x080085e8       0x40 f:/toolchains/arm-none-eabi-gcc/bin/../lib/gcc/arm-none-eabi/10.3.1/../../../../arm-none-eabi/lib/thumb/v7-m/nofp\libg.a(lib_a-stdio.o)
                0x080085e8                __swrite
 .text.__sseek  0x08008628       0x20 f:/toolchains/arm-none-eabi-gcc/bin/../lib/gcc/arm-none-eabi/10.3.1/../../../../arm-none-eabi/lib/thumb/v7-m/nofp\libg.a(lib_a-stdio.o)
                0x08008628                __sseek
 .text.__sclose
                0x08008648        0x8 f:/toolchains/arm-none-eabi-gcc/bin/../lib/gcc/arm-none-eabi/10.3.1/../../../../arm-none-eabi/lib/thumb/v7-m/nofp\libg.a(lib_a-stdio.o)
                0x08008648                __sclose
 .text.strlen   0x08008650       0x5c f:/toolchains/arm-none-eabi-gcc/bin/../lib/gcc/arm-none-eabi/10.3.1/../../../../arm-none-eabi/lib/thumb/v7-m/nofp\libg.a(lib_a-strlen-stub.o)
                0x08008650                strlen
 .text.strncpy  0x080086ac       0x68 f:/toolchains/arm-none-eabi-gcc/bin/../lib/gcc/arm-none-eabi/10.3.1/../../../../arm-none-eabi/lib/thumb/v7-m/nofp\libg.a(lib_a-strncpy.o)
                0x080086ac                strncpy
 .text.__sprint_r.part.0
                0x08008714       0x78 f:/toolchains/arm-none-eabi-gcc/bin/../lib/gcc/arm-none-eabi/10.3.1/../../../../arm-none-eabi/lib/thumb/v7-m/nofp\libg.a(lib_a-vfiprintf.o)
 .text.__sprint_r
                0x0800878c       0x14 f:/toolchains/arm-none-eabi-gcc/bin/../lib/gcc/arm-none-eabi/10.3.1/../../../../arm-none-eabi/lib/thumb/v7-m/nofp\libg.a(lib_a-vfiprintf.o)
                0x0800878c                __sprint_r
 .text._vfiprintf_r
                0x080087a0      0xd98 f:/toolchains/arm-none-eabi-gcc/bin/../lib/gcc/arm-none-eabi/10.3.1/../../../../arm-none-eabi/lib/thumb/v7-m/nofp\libg.a(lib_a-vfiprintf.o)
                0x080087a0                _vfiprintf_r
 .text.__sbprintf
                0x08009538       0x84 f:/toolchains/arm-none-eabi-gcc/bin/../lib/gcc/arm-none-eabi/10.3.1/../../../../arm-none-eabi/lib/thumb/v7-m/nofp\libg.a(lib_a-vfiprintf.o)
 .text._write_r
                0x080095bc       0x2c f:/toolchains/arm-none-eabi-gcc/bin/../lib/gcc/arm-none-eabi/10.3.1/../../../../arm-none-eabi/lib/thumb/v7-m/nofp\libg.a(lib_a-writer.o)
                0x080095bc                _write_r
 .text.__register_exitproc
                0x080095e8       0x8c f:/toolchains/arm-none-eabi-gcc/bin/../lib/gcc/arm-none-eabi/10.3.1/../../../../arm-none-eabi/lib/thumb/v7-m/nofp\libg.a(lib_a-__atexit.o)
                0x080095e8                __register_exitproc
 .text.__assert_func
                0x08009674       0x40 f:/toolchains/arm-none-eabi-gcc/bin/../lib/gcc/arm-none-eabi/10.3.1/../../../../arm-none-eabi/lib/thumb/v7-m/nofp\libg.a(lib_a-assert.o)
                0x08009674                __assert_func
 .text._calloc_r
                0x080096b4       0x78 f:/toolchains/arm-none-eabi-gcc/bin/../lib/gcc/arm-none-eabi/10.3.1/../../../../arm-none-eabi/lib/thumb/v7-m/nofp\libg.a(lib_a-callocr.o)
                0x080096b4                _calloc_r
 .text._close_r
                0x0800972c       0x24 f:/toolchains/arm-none-eabi-gcc/bin/../lib/gcc/arm-none-eabi/10.3.1/../../../../arm-none-eabi/lib/thumb/v7-m/nofp\libg.a(lib_a-closer.o)
                0x0800972c                _close_r
 .text._fclose_r
                0x08009750       0xcc f:/toolchains/arm-none-eabi-gcc/bin/../lib/gcc/arm-none-eabi/10.3.1/../../../../arm-none-eabi/lib/thumb/v7-m/nofp\libg.a(lib_a-fclose.o)
                0x08009750                _fclose_r
 .text.fiprintf
                0x0800981c       0x28 f:/toolchains/arm-none-eabi-gcc/bin/../lib/gcc/arm-none-eabi/10.3.1/../../../../arm-none-eabi/lib/thumb/v7-m/nofp\libg.a(lib_a-fiprintf.o)
                0x0800981c                fiprintf
 .text.__fputwc
                0x08009844       0xa0 f:/toolchains/arm-none-eabi-gcc/bin/../lib/gcc/arm-none-eabi/10.3.1/../../../../arm-none-eabi/lib/thumb/v7-m/nofp\libg.a(lib_a-fputwc.o)
                0x08009844                __fputwc
 .text._fputwc_r
                0x080098e4       0x68 f:/toolchains/arm-none-eabi-gcc/bin/../lib/gcc/arm-none-eabi/10.3.1/../../../../arm-none-eabi/lib/thumb/v7-m/nofp\libg.a(lib_a-fputwc.o)
                0x080098e4                _fputwc_r
 .text._fstat_r
                0x0800994c       0x28 f:/toolchains/arm-none-eabi-gcc/bin/../lib/gcc/arm-none-eabi/10.3.1/../../../../arm-none-eabi/lib/thumb/v7-m/nofp\libg.a(lib_a-fstatr.o)
                0x0800994c                _fstat_r
 .text.__sfvwrite_r
                0x08009974      0x2f0 f:/toolchains/arm-none-eabi-gcc/bin/../lib/gcc/arm-none-eabi/10.3.1/../../../../arm-none-eabi/lib/thumb/v7-m/nofp\libg.a(lib_a-fvwrite.o)
                0x08009974                __sfvwrite_r
 .text._isatty_r
                0x08009c64       0x24 f:/toolchains/arm-none-eabi-gcc/bin/../lib/gcc/arm-none-eabi/10.3.1/../../../../arm-none-eabi/lib/thumb/v7-m/nofp\libg.a(lib_a-isattyr.o)
                0x08009c64                _isatty_r
 .text.__locale_mb_cur_max
                0x08009c88        0xc f:/toolchains/arm-none-eabi-gcc/bin/../lib/gcc/arm-none-eabi/10.3.1/../../../../arm-none-eabi/lib/thumb/v7-m/nofp\libg.a(lib_a-locale.o)
                0x08009c88                __locale_mb_cur_max
 .text._lseek_r
                0x08009c94       0x2c f:/toolchains/arm-none-eabi-gcc/bin/../lib/gcc/arm-none-eabi/10.3.1/../../../../arm-none-eabi/lib/thumb/v7-m/nofp\libg.a(lib_a-lseekr.o)
                0x08009c94                _lseek_r
 .text.__ascii_mbtowc
                0x08009cc0       0x2c f:/toolchains/arm-none-eabi-gcc/bin/../lib/gcc/arm-none-eabi/10.3.1/../../../../arm-none-eabi/lib/thumb/v7-m/nofp\libg.a(lib_a-mbtowc_r.o)
                0x08009cc0                __ascii_mbtowc
 .text.memmove  0x08009cec       0xf8 f:/toolchains/arm-none-eabi-gcc/bin/../lib/gcc/arm-none-eabi/10.3.1/../../../../arm-none-eabi/lib/thumb/v7-m/nofp\libg.a(lib_a-memmove.o)
                0x08009cec                memmove
 .text._read_r  0x08009de4       0x2c f:/toolchains/arm-none-eabi-gcc/bin/../lib/gcc/arm-none-eabi/10.3.1/../../../../arm-none-eabi/lib/thumb/v7-m/nofp\libg.a(lib_a-readr.o)
                0x08009de4                _read_r
 .text._realloc_r
                0x08009e10      0x3dc f:/toolchains/arm-none-eabi-gcc/bin/../lib/gcc/arm-none-eabi/10.3.1/../../../../arm-none-eabi/lib/thumb/v7-m/nofp\libg.a(lib_a-reallocr.o)
                0x08009e10                _realloc_r
 .text.__swbuf_r
                0x0800a1ec       0xb0 f:/toolchains/arm-none-eabi-gcc/bin/../lib/gcc/arm-none-eabi/10.3.1/../../../../arm-none-eabi/lib/thumb/v7-m/nofp\libg.a(lib_a-wbuf.o)
                0x0800a1ec                __swbuf_r
 .text._wcrtomb_r
                0x0800a29c       0x3c f:/toolchains/arm-none-eabi-gcc/bin/../lib/gcc/arm-none-eabi/10.3.1/../../../../arm-none-eabi/lib/thumb/v7-m/nofp\libg.a(lib_a-wcrtomb.o)
                0x0800a29c                _wcrtomb_r
 .text.__ascii_wctomb
                0x0800a2d8       0x1c f:/toolchains/arm-none-eabi-gcc/bin/../lib/gcc/arm-none-eabi/10.3.1/../../../../arm-none-eabi/lib/thumb/v7-m/nofp\libg.a(lib_a-wctomb_r.o)
                0x0800a2d8                __ascii_wctomb
 .text.abort    0x0800a2f4       0x10 f:/toolchains/arm-none-eabi-gcc/bin/../lib/gcc/arm-none-eabi/10.3.1/../../../../arm-none-eabi/lib/thumb/v7-m/nofp\libg.a(lib_a-abort.o)
                0x0800a2f4                abort
 .text.raise    0x0800a304       0x5c f:/toolchains/arm-none-eabi-gcc/bin/../lib/gcc/arm-none-eabi/10.3.1/../../../../arm-none-eabi/lib/thumb/v7-m/nofp\libg.a(lib_a-signal.o)
                0x0800a304                raise
 .text._kill_r  0x0800a360       0x28 f:/toolchains/arm-none-eabi-gcc/bin/../lib/gcc/arm-none-eabi/10.3.1/../../../../arm-none-eabi/lib/thumb/v7-m/nofp\libg.a(lib_a-signalr.o)
                0x0800a360                _kill_r
 .text._getpid_r
                0x0800a388        0x4 f:/toolchains/arm-none-eabi-gcc/bin/../lib/gcc/arm-none-eabi/10.3.1/../../../../arm-none-eabi/lib/thumb/v7-m/nofp\libg.a(lib_a-signalr.o)
                0x0800a388                _getpid_r
 *(.glue_7)
 .glue_7        0x0800a38c        0x0 linker stubs
 *(.glue_7t)
 .glue_7t       0x0800a38c        0x0 linker stubs
 *(.eh_frame)
 .eh_frame      0x0800a38c        0x0 f:/toolchains/arm-none-eabi-gcc/bin/../lib/gcc/arm-none-eabi/10.3.1/thumb/v7-m/nofp/crtbegin.o
 *(.init)
 .init          0x0800a38c        0x4 f:/toolchains/arm-none-eabi-gcc/bin/../lib/gcc/arm-none-eabi/10.3.1/thumb/v7-m/nofp/crti.o
                0x0800a38c                _init
 .init          0x0800a390        0x8 f:/toolchains/arm-none-eabi-gcc/bin/../lib/gcc/arm-none-eabi/10.3.1/thumb/v7-m/nofp/crtn.o
 *(.fini)
 .fini          0x0800a398        0x4 f:/toolchains/arm-none-eabi-gcc/bin/../lib/gcc/arm-none-eabi/10.3.1/thumb/v7-m/nofp/crti.o
                0x0800a398                _fini
 .fini          0x0800a39c        0x8 f:/toolchains/arm-none-eabi-gcc/bin/../lib/gcc/arm-none-eabi/10.3.1/thumb/v7-m/nofp/crtn.o
                0x0800a3a4                . = ALIGN (0x4)
                0x0800a3a4                _etext = .

.vfp11_veneer   0x0800a3a4        0x0
 .vfp11_veneer  0x0800a3a4        0x0 linker stubs

.v4_bx          0x0800a3a4        0x0
 .v4_bx         0x0800a3a4        0x0 linker stubs

.iplt           0x0800a3a4        0x0
 .iplt          0x0800a3a4        0x0 f:/toolchains/arm-none-eabi-gcc/bin/../lib/gcc/arm-none-eabi/10.3.1/thumb/v7-m/nofp/crtbegin.o

.rodata         0x0800a3a8      0x558
                0x0800a3a8                . = ALIGN (0x4)
 *(.rodata)
 *(.rodata*)
 .rodata.str1.4
                0x0800a3a8        0xc CMakeFiles/STM32F103C8T6.elf.dir/Core/Src/main.c.obj
 .rodata.defaultTask_attributes
                0x0800a3b4       0x24 CMakeFiles/STM32F103C8T6.elf.dir/Core/Src/main.c.obj
                0x0800a3b4                defaultTask_attributes
 .rodata.AHBPrescTable
                0x0800a3d8       0x10 CMakeFiles/STM32F103C8T6.elf.dir/Core/Src/system_stm32f1xx.c.obj
                0x0800a3d8                AHBPrescTable
 .rodata.APBPrescTable
                0x0800a3e8        0x8 CMakeFiles/STM32F103C8T6.elf.dir/Core/Src/system_stm32f1xx.c.obj
                0x0800a3e8                APBPrescTable
 .rodata.HAL_GPIO_EXTI_Callback.str1.4
                0x0800a3f0       0x67 CMakeFiles/STM32F103C8T6.elf.dir/Core/Src/tapSex.c.obj
 *fill*         0x0800a457        0x1 
 .rodata.TapSexDriveTask.str1.4
                0x0800a458       0x25 CMakeFiles/STM32F103C8T6.elf.dir/Core/Src/tapSex.c.obj
 *fill*         0x0800a47d        0x3 
 .rodata.TapSexTaskInit.str1.4
                0x0800a480       0x24 CMakeFiles/STM32F103C8T6.elf.dir/Core/Src/tapSex.c.obj
 .rodata.__FUNCTION__.0
                0x0800a4a4        0xf CMakeFiles/STM32F103C8T6.elf.dir/Core/Src/tapSex.c.obj
 *fill*         0x0800a4b3        0x1 
 .rodata.__FUNCTION__.1
                0x0800a4b4       0x10 CMakeFiles/STM32F103C8T6.elf.dir/Core/Src/tapSex.c.obj
 .rodata.g_channelGroup
                0x0800a4c4       0x10 CMakeFiles/STM32F103C8T6.elf.dir/Core/Src/tapSex.c.obj
 .rodata.HAL_RCC_GetSysClockFreq.str1.4
                0x0800a4d4       0x11 CMakeFiles/STM32F103C8T6.elf.dir/Drivers/STM32F1xx_HAL_Driver/Src/stm32f1xx_hal_rcc.c.obj
 *fill*         0x0800a4e5        0x3 
 .rodata.vTaskStartScheduler.str1.4
                0x0800a4e8        0x5 CMakeFiles/STM32F103C8T6.elf.dir/Middlewares/Third_Party/FreeRTOS/Source/tasks.c.obj
 *fill*         0x0800a4ed        0x3 
 .rodata.prvCheckForValidListAndQueue.str1.4
                0x0800a4f0        0x5 CMakeFiles/STM32F103C8T6.elf.dir/Middlewares/Third_Party/FreeRTOS/Source/timers.c.obj
 *fill*         0x0800a4f5        0x3 
 .rodata.xTimerCreateTimerTask.str1.4
                0x0800a4f8        0x8 CMakeFiles/STM32F103C8T6.elf.dir/Middlewares/Third_Party/FreeRTOS/Source/timers.c.obj
 .rodata._global_impure_ptr
                0x0800a500        0x4 f:/toolchains/arm-none-eabi-gcc/bin/../lib/gcc/arm-none-eabi/10.3.1/../../../../arm-none-eabi/lib/thumb/v7-m/nofp\libg.a(lib_a-impure.o)
                0x0800a500                _global_impure_ptr
 .rodata._vfprintf_r.str1.4
                0x0800a504       0x42 f:/toolchains/arm-none-eabi-gcc/bin/../lib/gcc/arm-none-eabi/10.3.1/../../../../arm-none-eabi/lib/thumb/v7-m/nofp\libg.a(lib_a-vfprintf.o)
 *fill*         0x0800a546        0x2 
 .rodata.blanks.1
                0x0800a548       0x10 f:/toolchains/arm-none-eabi-gcc/bin/../lib/gcc/arm-none-eabi/10.3.1/../../../../arm-none-eabi/lib/thumb/v7-m/nofp\libg.a(lib_a-vfprintf.o)
 .rodata.zeroes.0
                0x0800a558       0x10 f:/toolchains/arm-none-eabi-gcc/bin/../lib/gcc/arm-none-eabi/10.3.1/../../../../arm-none-eabi/lib/thumb/v7-m/nofp\libg.a(lib_a-vfprintf.o)
 .rodata._dtoa_r.str1.4
                0x0800a568       0xa2 f:/toolchains/arm-none-eabi-gcc/bin/../lib/gcc/arm-none-eabi/10.3.1/../../../../arm-none-eabi/lib/thumb/v7-m/nofp\libg.a(lib_a-dtoa.o)
                                 0xa6 (size before relaxing)
 *fill*         0x0800a60a        0x2 
 .rodata.__multadd.str1.4
                0x0800a60c       0x7f f:/toolchains/arm-none-eabi-gcc/bin/../lib/gcc/arm-none-eabi/10.3.1/../../../../arm-none-eabi/lib/thumb/v7-m/nofp\libg.a(lib_a-mprec.o)
                                 0x93 (size before relaxing)
 *fill*         0x0800a68b        0x5 
 .rodata.__mprec_bigtens
                0x0800a690       0x28 f:/toolchains/arm-none-eabi-gcc/bin/../lib/gcc/arm-none-eabi/10.3.1/../../../../arm-none-eabi/lib/thumb/v7-m/nofp\libg.a(lib_a-mprec.o)
                0x0800a690                __mprec_bigtens
 .rodata.__mprec_tens
                0x0800a6b8       0xc8 f:/toolchains/arm-none-eabi-gcc/bin/../lib/gcc/arm-none-eabi/10.3.1/../../../../arm-none-eabi/lib/thumb/v7-m/nofp\libg.a(lib_a-mprec.o)
                0x0800a6b8                __mprec_tens
 .rodata.p05.0  0x0800a780        0xc f:/toolchains/arm-none-eabi-gcc/bin/../lib/gcc/arm-none-eabi/10.3.1/../../../../arm-none-eabi/lib/thumb/v7-m/nofp\libg.a(lib_a-mprec.o)
 .rodata._vfiprintf_r.str1.4
                0x0800a78c       0x2f f:/toolchains/arm-none-eabi-gcc/bin/../lib/gcc/arm-none-eabi/10.3.1/../../../../arm-none-eabi/lib/thumb/v7-m/nofp\libg.a(lib_a-vfiprintf.o)
 .rodata.blanks.1
                0x0800a78c       0x10 f:/toolchains/arm-none-eabi-gcc/bin/../lib/gcc/arm-none-eabi/10.3.1/../../../../arm-none-eabi/lib/thumb/v7-m/nofp\libg.a(lib_a-vfiprintf.o)
 .rodata.zeroes.0
                0x0800a79c       0x10 f:/toolchains/arm-none-eabi-gcc/bin/../lib/gcc/arm-none-eabi/10.3.1/../../../../arm-none-eabi/lib/thumb/v7-m/nofp\libg.a(lib_a-vfiprintf.o)
 .rodata.__assert_func.str1.4
                0x0800a7ac       0x3f f:/toolchains/arm-none-eabi-gcc/bin/../lib/gcc/arm-none-eabi/10.3.1/../../../../arm-none-eabi/lib/thumb/v7-m/nofp\libg.a(lib_a-assert.o)
                                 0x43 (size before relaxing)
 *fill*         0x0800a7eb        0x1 
 .rodata._setlocale_r.str1.4
                0x0800a7ec        0xa f:/toolchains/arm-none-eabi-gcc/bin/../lib/gcc/arm-none-eabi/10.3.1/../../../../arm-none-eabi/lib/thumb/v7-m/nofp\libg.a(lib_a-locale.o)
                                  0xd (size before relaxing)
 *fill*         0x0800a7f6        0x2 
 .rodata.str1.4
                0x0800a7f8        0x2 f:/toolchains/arm-none-eabi-gcc/bin/../lib/gcc/arm-none-eabi/10.3.1/../../../../arm-none-eabi/lib/thumb/v7-m/nofp\libg.a(lib_a-locale.o)
 *fill*         0x0800a7fa        0x2 
 .rodata._ctype_
                0x0800a7fc      0x101 f:/toolchains/arm-none-eabi-gcc/bin/../lib/gcc/arm-none-eabi/10.3.1/../../../../arm-none-eabi/lib/thumb/v7-m/nofp\libg.a(lib_a-ctype_.o)
                0x0800a7fc                _ctype_
                0x0800a900                . = ALIGN (0x4)
 *fill*         0x0800a8fd        0x3 

.ARM.extab
 *(.ARM.extab* .gnu.linkonce.armextab.*)

.ARM            0x0800a900        0x8
                0x0800a900                __exidx_start = .
 *(.ARM.exidx*)
 .ARM.exidx     0x0800a900        0x8 f:/toolchains/arm-none-eabi-gcc/bin/../lib/gcc/arm-none-eabi/10.3.1/thumb/v7-m/nofp\libgcc.a(_udivmoddi4.o)
                0x0800a908                __exidx_end = .

.rel.dyn        0x0800a908        0x0
 .rel.iplt      0x0800a908        0x0 f:/toolchains/arm-none-eabi-gcc/bin/../lib/gcc/arm-none-eabi/10.3.1/thumb/v7-m/nofp/crtbegin.o

.preinit_array  0x0800a908        0x0
                0x0800a908                PROVIDE (__preinit_array_start = .)
 *(.preinit_array*)
                0x0800a908                PROVIDE (__preinit_array_end = .)

.init_array     0x0800a908        0x8
                0x0800a908                PROVIDE (__init_array_start = .)
 *(SORT_BY_NAME(.init_array.*))
 .init_array.00000
                0x0800a908        0x4 f:/toolchains/arm-none-eabi-gcc/bin/../lib/gcc/arm-none-eabi/10.3.1/../../../../arm-none-eabi/lib/thumb/v7-m/nofp\libg.a(lib_a-__call_atexit.o)
 *(.init_array*)
 .init_array    0x0800a90c        0x4 f:/toolchains/arm-none-eabi-gcc/bin/../lib/gcc/arm-none-eabi/10.3.1/thumb/v7-m/nofp/crtbegin.o
                0x0800a910                PROVIDE (__init_array_end = .)

.fini_array     0x0800a910        0x4
                0x0800a910                PROVIDE (__fini_array_start = .)
 *(SORT_BY_NAME(.fini_array.*))
 *(.fini_array*)
 .fini_array    0x0800a910        0x4 f:/toolchains/arm-none-eabi-gcc/bin/../lib/gcc/arm-none-eabi/10.3.1/thumb/v7-m/nofp/crtbegin.o
                0x0800a914                PROVIDE (__fini_array_end = .)
                0x0800a914                _sidata = LOADADDR (.data)

.data           0x20000000      0xae8 load address 0x0800a914
                0x20000000                . = ALIGN (0x4)
                0x20000000                _sdata = .
 *(.data)
 *(.data*)
 .data.SystemCoreClock
                0x20000000        0x4 CMakeFiles/STM32F103C8T6.elf.dir/Core/Src/system_stm32f1xx.c.obj
                0x20000000                SystemCoreClock
 .data.g_tapSexStatus
                0x20000004        0x3 CMakeFiles/STM32F103C8T6.elf.dir/Core/Src/tapSex.c.obj
 *fill*         0x20000007        0x1 
 .data.tapSexPwmTable
                0x20000008       0x28 CMakeFiles/STM32F103C8T6.elf.dir/Core/Src/tapSex.c.obj
                0x20000008                tapSexPwmTable
 .data.tapSexSineTable
                0x20000030      0x100 CMakeFiles/STM32F103C8T6.elf.dir/Core/Src/tapSex.c.obj
                0x20000030                tapSexSineTable
 .data.uwTickFreq
                0x20000130        0x1 CMakeFiles/STM32F103C8T6.elf.dir/Drivers/STM32F1xx_HAL_Driver/Src/stm32f1xx_hal.c.obj
                0x20000130                uwTickFreq
 *fill*         0x20000131        0x3 
 .data.uwTickPrio
                0x20000134        0x4 CMakeFiles/STM32F103C8T6.elf.dir/Drivers/STM32F1xx_HAL_Driver/Src/stm32f1xx_hal.c.obj
                0x20000134                uwTickPrio
 .data.uxCriticalNesting
                0x20000138        0x4 CMakeFiles/STM32F103C8T6.elf.dir/Middlewares/Third_Party/FreeRTOS/Source/portable/GCC/ARM_CM3/port.c.obj
 .data._impure_ptr
                0x2000013c        0x4 f:/toolchains/arm-none-eabi-gcc/bin/../lib/gcc/arm-none-eabi/10.3.1/../../../../arm-none-eabi/lib/thumb/v7-m/nofp\libg.a(lib_a-impure.o)
                0x2000013c                _impure_ptr
 .data.impure_data
                0x20000140      0x428 f:/toolchains/arm-none-eabi-gcc/bin/../lib/gcc/arm-none-eabi/10.3.1/../../../../arm-none-eabi/lib/thumb/v7-m/nofp\libg.a(lib_a-impure.o)
 .data.__atexit_recursive_mutex
                0x20000568        0x4 f:/toolchains/arm-none-eabi-gcc/bin/../lib/gcc/arm-none-eabi/10.3.1/../../../../arm-none-eabi/lib/thumb/v7-m/nofp\libg.a(lib_a-__call_atexit.o)
                0x20000568                __atexit_recursive_mutex
 .data.__malloc_av_
                0x2000056c      0x408 f:/toolchains/arm-none-eabi-gcc/bin/../lib/gcc/arm-none-eabi/10.3.1/../../../../arm-none-eabi/lib/thumb/v7-m/nofp\libg.a(lib_a-mallocr.o)
                0x2000056c                __malloc_av_
 .data.__malloc_sbrk_base
                0x20000974        0x4 f:/toolchains/arm-none-eabi-gcc/bin/../lib/gcc/arm-none-eabi/10.3.1/../../../../arm-none-eabi/lib/thumb/v7-m/nofp\libg.a(lib_a-mallocr.o)
                0x20000974                __malloc_sbrk_base
 .data.__malloc_trim_threshold
                0x20000978        0x4 f:/toolchains/arm-none-eabi-gcc/bin/../lib/gcc/arm-none-eabi/10.3.1/../../../../arm-none-eabi/lib/thumb/v7-m/nofp\libg.a(lib_a-mallocr.o)
                0x20000978                __malloc_trim_threshold
 .data.__global_locale
                0x2000097c      0x16c f:/toolchains/arm-none-eabi-gcc/bin/../lib/gcc/arm-none-eabi/10.3.1/../../../../arm-none-eabi/lib/thumb/v7-m/nofp\libg.a(lib_a-locale.o)
                0x2000097c                __global_locale
                0x20000ae8                . = ALIGN (0x4)
                0x20000ae8                _edata = .

.igot.plt       0x20000ae8        0x0 load address 0x0800b3fc
 .igot.plt      0x20000ae8        0x0 f:/toolchains/arm-none-eabi-gcc/bin/../lib/gcc/arm-none-eabi/10.3.1/thumb/v7-m/nofp/crtbegin.o
                0x20000ae8                . = ALIGN (0x4)

.bss            0x20000ae8     0x1b7c load address 0x0800b3fc
                0x20000ae8                _sbss = .
                0x20000ae8                __bss_start__ = _sbss
 *(.bss)
 .bss           0x20000ae8       0x1c f:/toolchains/arm-none-eabi-gcc/bin/../lib/gcc/arm-none-eabi/10.3.1/thumb/v7-m/nofp/crtbegin.o
 *(.bss*)
 .bss.defaultTaskHandle
                0x20000b04        0x4 CMakeFiles/STM32F103C8T6.elf.dir/Core/Src/main.c.obj
                0x20000b04                defaultTaskHandle
 .bss.hspi1     0x20000b08       0x58 CMakeFiles/STM32F103C8T6.elf.dir/Core/Src/main.c.obj
                0x20000b08                hspi1
 .bss.htim3     0x20000b60       0x48 CMakeFiles/STM32F103C8T6.elf.dir/Core/Src/main.c.obj
                0x20000b60                htim3
 .bss.htim4     0x20000ba8       0x48 CMakeFiles/STM32F103C8T6.elf.dir/Core/Src/main.c.obj
                0x20000ba8                htim4
 .bss.huart1    0x20000bf0       0x44 CMakeFiles/STM32F103C8T6.elf.dir/Core/Src/main.c.obj
                0x20000bf0                huart1
 .bss.heap_end.0
                0x20000c34        0x4 CMakeFiles/STM32F103C8T6.elf.dir/Core/Src/syscalls.c.obj
 .bss.g_htim3   0x20000c38       0x48 CMakeFiles/STM32F103C8T6.elf.dir/Core/Src/tapSex.c.obj
 .bss.g_htim4   0x20000c80       0x48 CMakeFiles/STM32F103C8T6.elf.dir/Core/Src/tapSex.c.obj
 .bss.g_tapSexTaskHandle
                0x20000cc8        0x4 CMakeFiles/STM32F103C8T6.elf.dir/Core/Src/tapSex.c.obj
                0x20000cc8                g_tapSexTaskHandle
 .bss.pwm.2     0x20000ccc        0x2 CMakeFiles/STM32F103C8T6.elf.dir/Core/Src/tapSex.c.obj
 .bss.wave.3    0x20000cce        0x2 CMakeFiles/STM32F103C8T6.elf.dir/Core/Src/tapSex.c.obj
 .bss.uwTick    0x20000cd0        0x4 CMakeFiles/STM32F103C8T6.elf.dir/Drivers/STM32F1xx_HAL_Driver/Src/stm32f1xx_hal.c.obj
                0x20000cd0                uwTick
 .bss.Idle_Stack
                0x20000cd4      0x200 CMakeFiles/STM32F103C8T6.elf.dir/Middlewares/Third_Party/FreeRTOS/Source/CMSIS_RTOS_V2/cmsis_os2.c.obj
 .bss.Idle_TCB  0x20000ed4       0x5c CMakeFiles/STM32F103C8T6.elf.dir/Middlewares/Third_Party/FreeRTOS/Source/CMSIS_RTOS_V2/cmsis_os2.c.obj
 .bss.KernelState
                0x20000f30        0x4 CMakeFiles/STM32F103C8T6.elf.dir/Middlewares/Third_Party/FreeRTOS/Source/CMSIS_RTOS_V2/cmsis_os2.c.obj
 .bss.Timer_Stack
                0x20000f34      0x400 CMakeFiles/STM32F103C8T6.elf.dir/Middlewares/Third_Party/FreeRTOS/Source/CMSIS_RTOS_V2/cmsis_os2.c.obj
 .bss.Timer_TCB
                0x20001334       0x5c CMakeFiles/STM32F103C8T6.elf.dir/Middlewares/Third_Party/FreeRTOS/Source/CMSIS_RTOS_V2/cmsis_os2.c.obj
 .bss.ucMaxSysCallPriority
                0x20001390        0x1 CMakeFiles/STM32F103C8T6.elf.dir/Middlewares/Third_Party/FreeRTOS/Source/portable/GCC/ARM_CM3/port.c.obj
 *fill*         0x20001391        0x3 
 .bss.ulMaxPRIGROUPValue
                0x20001394        0x4 CMakeFiles/STM32F103C8T6.elf.dir/Middlewares/Third_Party/FreeRTOS/Source/portable/GCC/ARM_CM3/port.c.obj
 .bss.pxEnd     0x20001398        0x4 CMakeFiles/STM32F103C8T6.elf.dir/Middlewares/Third_Party/FreeRTOS/Source/portable/MemMang/heap_4.c.obj
 .bss.ucHeap    0x2000139c      0xc00 CMakeFiles/STM32F103C8T6.elf.dir/Middlewares/Third_Party/FreeRTOS/Source/portable/MemMang/heap_4.c.obj
 .bss.xBlockAllocatedBit
                0x20001f9c        0x4 CMakeFiles/STM32F103C8T6.elf.dir/Middlewares/Third_Party/FreeRTOS/Source/portable/MemMang/heap_4.c.obj
 .bss.xFreeBytesRemaining
                0x20001fa0        0x4 CMakeFiles/STM32F103C8T6.elf.dir/Middlewares/Third_Party/FreeRTOS/Source/portable/MemMang/heap_4.c.obj
 .bss.xMinimumEverFreeBytesRemaining
                0x20001fa4        0x4 CMakeFiles/STM32F103C8T6.elf.dir/Middlewares/Third_Party/FreeRTOS/Source/portable/MemMang/heap_4.c.obj
 .bss.xStart    0x20001fa8        0x8 CMakeFiles/STM32F103C8T6.elf.dir/Middlewares/Third_Party/FreeRTOS/Source/portable/MemMang/heap_4.c.obj
 .bss.xQueueRegistry
                0x20001fb0       0x40 CMakeFiles/STM32F103C8T6.elf.dir/Middlewares/Third_Party/FreeRTOS/Source/queue.c.obj
                0x20001fb0                xQueueRegistry
 .bss.pxCurrentTCB
                0x20001ff0        0x4 CMakeFiles/STM32F103C8T6.elf.dir/Middlewares/Third_Party/FreeRTOS/Source/tasks.c.obj
                0x20001ff0                pxCurrentTCB
 .bss.pxDelayedTaskList
                0x20001ff4        0x4 CMakeFiles/STM32F103C8T6.elf.dir/Middlewares/Third_Party/FreeRTOS/Source/tasks.c.obj
 .bss.pxOverflowDelayedTaskList
                0x20001ff8        0x4 CMakeFiles/STM32F103C8T6.elf.dir/Middlewares/Third_Party/FreeRTOS/Source/tasks.c.obj
 .bss.pxReadyTasksLists
                0x20001ffc      0x460 CMakeFiles/STM32F103C8T6.elf.dir/Middlewares/Third_Party/FreeRTOS/Source/tasks.c.obj
 .bss.uxCurrentNumberOfTasks
                0x2000245c        0x4 CMakeFiles/STM32F103C8T6.elf.dir/Middlewares/Third_Party/FreeRTOS/Source/tasks.c.obj
 .bss.uxDeletedTasksWaitingCleanUp
                0x20002460        0x4 CMakeFiles/STM32F103C8T6.elf.dir/Middlewares/Third_Party/FreeRTOS/Source/tasks.c.obj
 .bss.uxPendedTicks
                0x20002464        0x4 CMakeFiles/STM32F103C8T6.elf.dir/Middlewares/Third_Party/FreeRTOS/Source/tasks.c.obj
 .bss.uxSchedulerSuspended
                0x20002468        0x4 CMakeFiles/STM32F103C8T6.elf.dir/Middlewares/Third_Party/FreeRTOS/Source/tasks.c.obj
 .bss.uxTaskNumber
                0x2000246c        0x4 CMakeFiles/STM32F103C8T6.elf.dir/Middlewares/Third_Party/FreeRTOS/Source/tasks.c.obj
 .bss.uxTopReadyPriority
                0x20002470        0x4 CMakeFiles/STM32F103C8T6.elf.dir/Middlewares/Third_Party/FreeRTOS/Source/tasks.c.obj
 .bss.xDelayedTaskList1
                0x20002474       0x14 CMakeFiles/STM32F103C8T6.elf.dir/Middlewares/Third_Party/FreeRTOS/Source/tasks.c.obj
 .bss.xDelayedTaskList2
                0x20002488       0x14 CMakeFiles/STM32F103C8T6.elf.dir/Middlewares/Third_Party/FreeRTOS/Source/tasks.c.obj
 .bss.xIdleTaskHandle
                0x2000249c        0x4 CMakeFiles/STM32F103C8T6.elf.dir/Middlewares/Third_Party/FreeRTOS/Source/tasks.c.obj
 .bss.xNextTaskUnblockTime
                0x200024a0        0x4 CMakeFiles/STM32F103C8T6.elf.dir/Middlewares/Third_Party/FreeRTOS/Source/tasks.c.obj
 .bss.xNumOfOverflows
                0x200024a4        0x4 CMakeFiles/STM32F103C8T6.elf.dir/Middlewares/Third_Party/FreeRTOS/Source/tasks.c.obj
 .bss.xPendingReadyList
                0x200024a8       0x14 CMakeFiles/STM32F103C8T6.elf.dir/Middlewares/Third_Party/FreeRTOS/Source/tasks.c.obj
 .bss.xSchedulerRunning
                0x200024bc        0x4 CMakeFiles/STM32F103C8T6.elf.dir/Middlewares/Third_Party/FreeRTOS/Source/tasks.c.obj
 .bss.xSuspendedTaskList
                0x200024c0       0x14 CMakeFiles/STM32F103C8T6.elf.dir/Middlewares/Third_Party/FreeRTOS/Source/tasks.c.obj
 .bss.xTasksWaitingTermination
                0x200024d4       0x14 CMakeFiles/STM32F103C8T6.elf.dir/Middlewares/Third_Party/FreeRTOS/Source/tasks.c.obj
 .bss.xTickCount
                0x200024e8        0x4 CMakeFiles/STM32F103C8T6.elf.dir/Middlewares/Third_Party/FreeRTOS/Source/tasks.c.obj
 .bss.xYieldPending
                0x200024ec        0x4 CMakeFiles/STM32F103C8T6.elf.dir/Middlewares/Third_Party/FreeRTOS/Source/tasks.c.obj
 .bss.pxCurrentTimerList
                0x200024f0        0x4 CMakeFiles/STM32F103C8T6.elf.dir/Middlewares/Third_Party/FreeRTOS/Source/timers.c.obj
 .bss.pxOverflowTimerList
                0x200024f4        0x4 CMakeFiles/STM32F103C8T6.elf.dir/Middlewares/Third_Party/FreeRTOS/Source/timers.c.obj
 .bss.ucStaticTimerQueueStorage.1
                0x200024f8       0xa0 CMakeFiles/STM32F103C8T6.elf.dir/Middlewares/Third_Party/FreeRTOS/Source/timers.c.obj
 .bss.xActiveTimerList1
                0x20002598       0x14 CMakeFiles/STM32F103C8T6.elf.dir/Middlewares/Third_Party/FreeRTOS/Source/timers.c.obj
 .bss.xActiveTimerList2
                0x200025ac       0x14 CMakeFiles/STM32F103C8T6.elf.dir/Middlewares/Third_Party/FreeRTOS/Source/timers.c.obj
 .bss.xLastTime.2
                0x200025c0        0x4 CMakeFiles/STM32F103C8T6.elf.dir/Middlewares/Third_Party/FreeRTOS/Source/timers.c.obj
 .bss.xStaticTimerQueue.0
                0x200025c4       0x50 CMakeFiles/STM32F103C8T6.elf.dir/Middlewares/Third_Party/FreeRTOS/Source/timers.c.obj
 .bss.xTimerQueue
                0x20002614        0x4 CMakeFiles/STM32F103C8T6.elf.dir/Middlewares/Third_Party/FreeRTOS/Source/timers.c.obj
 .bss.xTimerTaskHandle
                0x20002618        0x4 CMakeFiles/STM32F103C8T6.elf.dir/Middlewares/Third_Party/FreeRTOS/Source/timers.c.obj
 .bss.__lock___atexit_recursive_mutex
                0x2000261c        0x1 f:/toolchains/arm-none-eabi-gcc/bin/../lib/gcc/arm-none-eabi/10.3.1/../../../../arm-none-eabi/lib/thumb/v7-m/nofp\libg.a(lib_a-lock.o)
                0x2000261c                __lock___atexit_recursive_mutex
 *fill*         0x2000261d        0x3 
 .bss.__lock___malloc_recursive_mutex
                0x20002620        0x1 f:/toolchains/arm-none-eabi-gcc/bin/../lib/gcc/arm-none-eabi/10.3.1/../../../../arm-none-eabi/lib/thumb/v7-m/nofp\libg.a(lib_a-lock.o)
                0x20002620                __lock___malloc_recursive_mutex
 *fill*         0x20002621        0x3 
 .bss.__lock___sfp_recursive_mutex
                0x20002624        0x1 f:/toolchains/arm-none-eabi-gcc/bin/../lib/gcc/arm-none-eabi/10.3.1/../../../../arm-none-eabi/lib/thumb/v7-m/nofp\libg.a(lib_a-lock.o)
                0x20002624                __lock___sfp_recursive_mutex
 *fill*         0x20002625        0x3 
 .bss.__lock___sinit_recursive_mutex
                0x20002628        0x1 f:/toolchains/arm-none-eabi-gcc/bin/../lib/gcc/arm-none-eabi/10.3.1/../../../../arm-none-eabi/lib/thumb/v7-m/nofp\libg.a(lib_a-lock.o)
                0x20002628                __lock___sinit_recursive_mutex
 *fill*         0x20002629        0x3 
 .bss.__malloc_current_mallinfo
                0x2000262c       0x28 f:/toolchains/arm-none-eabi-gcc/bin/../lib/gcc/arm-none-eabi/10.3.1/../../../../arm-none-eabi/lib/thumb/v7-m/nofp\libg.a(lib_a-mallocr.o)
                0x2000262c                __malloc_current_mallinfo
 .bss.__malloc_max_sbrked_mem
                0x20002654        0x4 f:/toolchains/arm-none-eabi-gcc/bin/../lib/gcc/arm-none-eabi/10.3.1/../../../../arm-none-eabi/lib/thumb/v7-m/nofp\libg.a(lib_a-mallocr.o)
                0x20002654                __malloc_max_sbrked_mem
 .bss.__malloc_max_total_mem
                0x20002658        0x4 f:/toolchains/arm-none-eabi-gcc/bin/../lib/gcc/arm-none-eabi/10.3.1/../../../../arm-none-eabi/lib/thumb/v7-m/nofp\libg.a(lib_a-mallocr.o)
                0x20002658                __malloc_max_total_mem
 .bss.__malloc_top_pad
                0x2000265c        0x4 f:/toolchains/arm-none-eabi-gcc/bin/../lib/gcc/arm-none-eabi/10.3.1/../../../../arm-none-eabi/lib/thumb/v7-m/nofp\libg.a(lib_a-mallocr.o)
                0x2000265c                __malloc_top_pad
 .bss.errno     0x20002660        0x4 f:/toolchains/arm-none-eabi-gcc/bin/../lib/gcc/arm-none-eabi/10.3.1/../../../../arm-none-eabi/lib/thumb/v7-m/nofp\libg.a(lib_a-reent.o)
                0x20002660                errno
 *(COMMON)
                0x20002664                . = ALIGN (0x4)
                0x20002664                _ebss = .
                0x20002664                __bss_end__ = _ebss

._user_heap_stack
                0x20002664      0x604 load address 0x0800b3fc
                0x20002668                . = ALIGN (0x8)
 *fill*         0x20002664        0x4 
                0x20002668                PROVIDE (end = .)
                [!provide]                PROVIDE (_end = .)
                0x20002868                . = (. + _Min_Heap_Size)
 *fill*         0x20002668      0x200 
                0x20002c68                . = (. + _Min_Stack_Size)
 *fill*         0x20002868      0x400 
                0x20002c68                . = ALIGN (0x8)

/DISCARD/
 libc.a(*)
 libm.a(*)
 libgcc.a(*)

.ARM.attributes
                0x00000000       0x29
 *(.ARM.attributes)
 .ARM.attributes
                0x00000000       0x1d f:/toolchains/arm-none-eabi-gcc/bin/../lib/gcc/arm-none-eabi/10.3.1/thumb/v7-m/nofp/crti.o
 .ARM.attributes
                0x0000001d       0x2d f:/toolchains/arm-none-eabi-gcc/bin/../lib/gcc/arm-none-eabi/10.3.1/thumb/v7-m/nofp/crtbegin.o
 .ARM.attributes
                0x0000004a       0x2d CMakeFiles/STM32F103C8T6.elf.dir/Core/Src/main.c.obj
 .ARM.attributes
                0x00000077       0x2d CMakeFiles/STM32F103C8T6.elf.dir/Core/Src/stm32f1xx_hal_msp.c.obj
 .ARM.attributes
                0x000000a4       0x2d CMakeFiles/STM32F103C8T6.elf.dir/Core/Src/stm32f1xx_it.c.obj
 .ARM.attributes
                0x000000d1       0x2d CMakeFiles/STM32F103C8T6.elf.dir/Core/Src/syscalls.c.obj
 .ARM.attributes
                0x000000fe       0x2d CMakeFiles/STM32F103C8T6.elf.dir/Core/Src/system_stm32f1xx.c.obj
 .ARM.attributes
                0x0000012b       0x2d CMakeFiles/STM32F103C8T6.elf.dir/Core/Src/tapSex.c.obj
 .ARM.attributes
                0x00000158       0x2d CMakeFiles/STM32F103C8T6.elf.dir/Drivers/STM32F1xx_HAL_Driver/Src/stm32f1xx_hal.c.obj
 .ARM.attributes
                0x00000185       0x2d CMakeFiles/STM32F103C8T6.elf.dir/Drivers/STM32F1xx_HAL_Driver/Src/stm32f1xx_hal_cortex.c.obj
 .ARM.attributes
                0x000001b2       0x2d CMakeFiles/STM32F103C8T6.elf.dir/Drivers/STM32F1xx_HAL_Driver/Src/stm32f1xx_hal_gpio.c.obj
 .ARM.attributes
                0x000001df       0x2d CMakeFiles/STM32F103C8T6.elf.dir/Drivers/STM32F1xx_HAL_Driver/Src/stm32f1xx_hal_rcc.c.obj
 .ARM.attributes
                0x0000020c       0x2d CMakeFiles/STM32F103C8T6.elf.dir/Drivers/STM32F1xx_HAL_Driver/Src/stm32f1xx_hal_spi.c.obj
 .ARM.attributes
                0x00000239       0x2d CMakeFiles/STM32F103C8T6.elf.dir/Drivers/STM32F1xx_HAL_Driver/Src/stm32f1xx_hal_tim.c.obj
 .ARM.attributes
                0x00000266       0x2d CMakeFiles/STM32F103C8T6.elf.dir/Drivers/STM32F1xx_HAL_Driver/Src/stm32f1xx_hal_tim_ex.c.obj
 .ARM.attributes
                0x00000293       0x2d CMakeFiles/STM32F103C8T6.elf.dir/Drivers/STM32F1xx_HAL_Driver/Src/stm32f1xx_hal_uart.c.obj
 .ARM.attributes
                0x000002c0       0x2d CMakeFiles/STM32F103C8T6.elf.dir/Middlewares/Third_Party/FreeRTOS/Source/CMSIS_RTOS_V2/cmsis_os2.c.obj
 .ARM.attributes
                0x000002ed       0x2d CMakeFiles/STM32F103C8T6.elf.dir/Middlewares/Third_Party/FreeRTOS/Source/list.c.obj
 .ARM.attributes
                0x0000031a       0x2d CMakeFiles/STM32F103C8T6.elf.dir/Middlewares/Third_Party/FreeRTOS/Source/portable/GCC/ARM_CM3/port.c.obj
 .ARM.attributes
                0x00000347       0x2d CMakeFiles/STM32F103C8T6.elf.dir/Middlewares/Third_Party/FreeRTOS/Source/portable/MemMang/heap_4.c.obj
 .ARM.attributes
                0x00000374       0x2d CMakeFiles/STM32F103C8T6.elf.dir/Middlewares/Third_Party/FreeRTOS/Source/queue.c.obj
 .ARM.attributes
                0x000003a1       0x2d CMakeFiles/STM32F103C8T6.elf.dir/Middlewares/Third_Party/FreeRTOS/Source/tasks.c.obj
 .ARM.attributes
                0x000003ce       0x2d CMakeFiles/STM32F103C8T6.elf.dir/Middlewares/Third_Party/FreeRTOS/Source/timers.c.obj
 .ARM.attributes
                0x000003fb       0x21 CMakeFiles/STM32F103C8T6.elf.dir/startup/startup_stm32f103xb.s.obj
 .ARM.attributes
                0x0000041c       0x2d f:/toolchains/arm-none-eabi-gcc/bin/../lib/gcc/arm-none-eabi/10.3.1/../../../../arm-none-eabi/lib/thumb/v7-m/nofp\libg.a(lib_a-errno.o)
 .ARM.attributes
                0x00000449       0x2d f:/toolchains/arm-none-eabi-gcc/bin/../lib/gcc/arm-none-eabi/10.3.1/../../../../arm-none-eabi/lib/thumb/v7-m/nofp\libg.a(lib_a-impure.o)
 .ARM.attributes
                0x00000476       0x2d f:/toolchains/arm-none-eabi-gcc/bin/../lib/gcc/arm-none-eabi/10.3.1/../../../../arm-none-eabi/lib/thumb/v7-m/nofp\libg.a(lib_a-init.o)
 .ARM.attributes
                0x000004a3       0x1b f:/toolchains/arm-none-eabi-gcc/bin/../lib/gcc/arm-none-eabi/10.3.1/../../../../arm-none-eabi/lib/thumb/v7-m/nofp\libg.a(lib_a-memcpy.o)
 .ARM.attributes
                0x000004be       0x2d f:/toolchains/arm-none-eabi-gcc/bin/../lib/gcc/arm-none-eabi/10.3.1/../../../../arm-none-eabi/lib/thumb/v7-m/nofp\libg.a(lib_a-memset.o)
 .ARM.attributes
                0x000004eb       0x2d f:/toolchains/arm-none-eabi-gcc/bin/../lib/gcc/arm-none-eabi/10.3.1/../../../../arm-none-eabi/lib/thumb/v7-m/nofp\libg.a(lib_a-printf.o)
 .ARM.attributes
                0x00000518       0x2d f:/toolchains/arm-none-eabi-gcc/bin/../lib/gcc/arm-none-eabi/10.3.1/../../../../arm-none-eabi/lib/thumb/v7-m/nofp\libg.a(lib_a-vfprintf.o)
 .ARM.attributes
                0x00000545       0x2d f:/toolchains/arm-none-eabi-gcc/bin/../lib/gcc/arm-none-eabi/10.3.1/../../../../arm-none-eabi/lib/thumb/v7-m/nofp\libg.a(lib_a-wsetup.o)
 .ARM.attributes
                0x00000572       0x2d f:/toolchains/arm-none-eabi-gcc/bin/../lib/gcc/arm-none-eabi/10.3.1/../../../../arm-none-eabi/lib/thumb/v7-m/nofp\libg.a(lib_a-__call_atexit.o)
 .ARM.attributes
                0x0000059f       0x2d f:/toolchains/arm-none-eabi-gcc/bin/../lib/gcc/arm-none-eabi/10.3.1/../../../../arm-none-eabi/lib/thumb/v7-m/nofp\libg.a(lib_a-atexit.o)
 .ARM.attributes
                0x000005cc       0x2d f:/toolchains/arm-none-eabi-gcc/bin/../lib/gcc/arm-none-eabi/10.3.1/../../../../arm-none-eabi/lib/thumb/v7-m/nofp\libg.a(lib_a-dtoa.o)
 .ARM.attributes
                0x000005f9       0x2d f:/toolchains/arm-none-eabi-gcc/bin/../lib/gcc/arm-none-eabi/10.3.1/../../../../arm-none-eabi/lib/thumb/v7-m/nofp\libg.a(lib_a-fflush.o)
 .ARM.attributes
                0x00000626       0x2d f:/toolchains/arm-none-eabi-gcc/bin/../lib/gcc/arm-none-eabi/10.3.1/../../../../arm-none-eabi/lib/thumb/v7-m/nofp\libg.a(lib_a-findfp.o)
 .ARM.attributes
                0x00000653       0x2d f:/toolchains/arm-none-eabi-gcc/bin/../lib/gcc/arm-none-eabi/10.3.1/../../../../arm-none-eabi/lib/thumb/v7-m/nofp\libg.a(lib_a-fini.o)
 .ARM.attributes
                0x00000680       0x2d f:/toolchains/arm-none-eabi-gcc/bin/../lib/gcc/arm-none-eabi/10.3.1/../../../../arm-none-eabi/lib/thumb/v7-m/nofp\libg.a(lib_a-freer.o)
 .ARM.attributes
                0x000006ad       0x2d f:/toolchains/arm-none-eabi-gcc/bin/../lib/gcc/arm-none-eabi/10.3.1/../../../../arm-none-eabi/lib/thumb/v7-m/nofp\libg.a(lib_a-fwalk.o)
 .ARM.attributes
                0x000006da       0x2d f:/toolchains/arm-none-eabi-gcc/bin/../lib/gcc/arm-none-eabi/10.3.1/../../../../arm-none-eabi/lib/thumb/v7-m/nofp\libg.a(lib_a-localeconv.o)
 .ARM.attributes
                0x00000707       0x2d f:/toolchains/arm-none-eabi-gcc/bin/../lib/gcc/arm-none-eabi/10.3.1/../../../../arm-none-eabi/lib/thumb/v7-m/nofp\libg.a(lib_a-lock.o)
 .ARM.attributes
                0x00000734       0x2d f:/toolchains/arm-none-eabi-gcc/bin/../lib/gcc/arm-none-eabi/10.3.1/../../../../arm-none-eabi/lib/thumb/v7-m/nofp\libg.a(lib_a-makebuf.o)
 .ARM.attributes
                0x00000761       0x2d f:/toolchains/arm-none-eabi-gcc/bin/../lib/gcc/arm-none-eabi/10.3.1/../../../../arm-none-eabi/lib/thumb/v7-m/nofp\libg.a(lib_a-mallocr.o)
 .ARM.attributes
                0x0000078e       0x2d f:/toolchains/arm-none-eabi-gcc/bin/../lib/gcc/arm-none-eabi/10.3.1/../../../../arm-none-eabi/lib/thumb/v7-m/nofp\libg.a(lib_a-memchr-stub.o)
 .ARM.attributes
                0x000007bb       0x2d f:/toolchains/arm-none-eabi-gcc/bin/../lib/gcc/arm-none-eabi/10.3.1/../../../../arm-none-eabi/lib/thumb/v7-m/nofp\libg.a(lib_a-mlock.o)
 .ARM.attributes
                0x000007e8       0x2d f:/toolchains/arm-none-eabi-gcc/bin/../lib/gcc/arm-none-eabi/10.3.1/../../../../arm-none-eabi/lib/thumb/v7-m/nofp\libg.a(lib_a-mprec.o)
 .ARM.attributes
                0x00000815       0x2d f:/toolchains/arm-none-eabi-gcc/bin/../lib/gcc/arm-none-eabi/10.3.1/../../../../arm-none-eabi/lib/thumb/v7-m/nofp\libg.a(lib_a-s_frexp.o)
 .ARM.attributes
                0x00000842       0x2d f:/toolchains/arm-none-eabi-gcc/bin/../lib/gcc/arm-none-eabi/10.3.1/../../../../arm-none-eabi/lib/thumb/v7-m/nofp\libg.a(lib_a-sbrkr.o)
 .ARM.attributes
                0x0000086f       0x2d f:/toolchains/arm-none-eabi-gcc/bin/../lib/gcc/arm-none-eabi/10.3.1/../../../../arm-none-eabi/lib/thumb/v7-m/nofp\libg.a(lib_a-stdio.o)
 .ARM.attributes
                0x0000089c       0x2d f:/toolchains/arm-none-eabi-gcc/bin/../lib/gcc/arm-none-eabi/10.3.1/../../../../arm-none-eabi/lib/thumb/v7-m/nofp\libg.a(lib_a-strlen-stub.o)
 .ARM.attributes
                0x000008c9       0x2d f:/toolchains/arm-none-eabi-gcc/bin/../lib/gcc/arm-none-eabi/10.3.1/../../../../arm-none-eabi/lib/thumb/v7-m/nofp\libg.a(lib_a-strncpy.o)
 .ARM.attributes
                0x000008f6       0x2d f:/toolchains/arm-none-eabi-gcc/bin/../lib/gcc/arm-none-eabi/10.3.1/../../../../arm-none-eabi/lib/thumb/v7-m/nofp\libg.a(lib_a-vfiprintf.o)
 .ARM.attributes
                0x00000923       0x2d f:/toolchains/arm-none-eabi-gcc/bin/../lib/gcc/arm-none-eabi/10.3.1/../../../../arm-none-eabi/lib/thumb/v7-m/nofp\libg.a(lib_a-writer.o)
 .ARM.attributes
                0x00000950       0x2d f:/toolchains/arm-none-eabi-gcc/bin/../lib/gcc/arm-none-eabi/10.3.1/../../../../arm-none-eabi/lib/thumb/v7-m/nofp\libg.a(lib_a-__atexit.o)
 .ARM.attributes
                0x0000097d       0x2d f:/toolchains/arm-none-eabi-gcc/bin/../lib/gcc/arm-none-eabi/10.3.1/../../../../arm-none-eabi/lib/thumb/v7-m/nofp\libg.a(lib_a-assert.o)
 .ARM.attributes
                0x000009aa       0x2d f:/toolchains/arm-none-eabi-gcc/bin/../lib/gcc/arm-none-eabi/10.3.1/../../../../arm-none-eabi/lib/thumb/v7-m/nofp\libg.a(lib_a-callocr.o)
 .ARM.attributes
                0x000009d7       0x2d f:/toolchains/arm-none-eabi-gcc/bin/../lib/gcc/arm-none-eabi/10.3.1/../../../../arm-none-eabi/lib/thumb/v7-m/nofp\libg.a(lib_a-closer.o)
 .ARM.attributes
                0x00000a04       0x2d f:/toolchains/arm-none-eabi-gcc/bin/../lib/gcc/arm-none-eabi/10.3.1/../../../../arm-none-eabi/lib/thumb/v7-m/nofp\libg.a(lib_a-fclose.o)
 .ARM.attributes
                0x00000a31       0x2d f:/toolchains/arm-none-eabi-gcc/bin/../lib/gcc/arm-none-eabi/10.3.1/../../../../arm-none-eabi/lib/thumb/v7-m/nofp\libg.a(lib_a-fiprintf.o)
 .ARM.attributes
                0x00000a5e       0x2d f:/toolchains/arm-none-eabi-gcc/bin/../lib/gcc/arm-none-eabi/10.3.1/../../../../arm-none-eabi/lib/thumb/v7-m/nofp\libg.a(lib_a-fputwc.o)
 .ARM.attributes
                0x00000a8b       0x2d f:/toolchains/arm-none-eabi-gcc/bin/../lib/gcc/arm-none-eabi/10.3.1/../../../../arm-none-eabi/lib/thumb/v7-m/nofp\libg.a(lib_a-fstatr.o)
 .ARM.attributes
                0x00000ab8       0x2d f:/toolchains/arm-none-eabi-gcc/bin/../lib/gcc/arm-none-eabi/10.3.1/../../../../arm-none-eabi/lib/thumb/v7-m/nofp\libg.a(lib_a-fvwrite.o)
 .ARM.attributes
                0x00000ae5       0x2d f:/toolchains/arm-none-eabi-gcc/bin/../lib/gcc/arm-none-eabi/10.3.1/../../../../arm-none-eabi/lib/thumb/v7-m/nofp\libg.a(lib_a-isattyr.o)
 .ARM.attributes
                0x00000b12       0x2d f:/toolchains/arm-none-eabi-gcc/bin/../lib/gcc/arm-none-eabi/10.3.1/../../../../arm-none-eabi/lib/thumb/v7-m/nofp\libg.a(lib_a-locale.o)
 .ARM.attributes
                0x00000b3f       0x2d f:/toolchains/arm-none-eabi-gcc/bin/../lib/gcc/arm-none-eabi/10.3.1/../../../../arm-none-eabi/lib/thumb/v7-m/nofp\libg.a(lib_a-lseekr.o)
 .ARM.attributes
                0x00000b6c       0x2d f:/toolchains/arm-none-eabi-gcc/bin/../lib/gcc/arm-none-eabi/10.3.1/../../../../arm-none-eabi/lib/thumb/v7-m/nofp\libg.a(lib_a-mbtowc_r.o)